******************************************************************************
                  TI ARM Linker PC v15.12.3                    
******************************************************************************
>> Linked Tue Jan 17 18:31:48 2017

OUTPUT FILE NAME:   <LFW548__RLOOP__LGU.out>
ENTRY POINT SYMBOL: "_c_int00"  address: 00007d08


MEMORY CONFIGURATION

         name            origin    length      used     unused   attr    fill
----------------------  --------  ---------  --------  --------  ----  --------
  VECTORS               00000000   00000020  00000020  00000000     X
  FIRMWARE_LFW          00000020   00000004  00000004  00000000  RWIX  00000000 
  FIRMWARE_MAJOR        00000024   00000004  00000004  00000000  RWIX  00000000 
  FIRMWARE_MINOR        00000028   00000004  00000004  00000000  RWIX  00000000 
  FLASH0                0000002c   0017ffd0  000085e0  001779f0  R  X
  FLASH1                00180000   00180000  00000000  00180000  R  X
  STACKS                08000000   00003000  00000000  00003000  RW  
  RAM                   08003000   0003cfff  00000384  0003cc7b  RW  


SEGMENT ALLOCATION MAP

run origin  load origin   length   init length attrs members
----------  ----------- ---------- ----------- ----- -------
00000000    00000000    0000860c   0000860c    r-x
  00000000    00000000    00000020   00000020    r-x .intvecs
  00000020    00000020    00000004   00000004    r-- $fill000
  00000024    00000024    00000004   00000004    r-- $fill001
  00000028    00000028    00000004   00000004    r-- $fill002
  0000002c    0000002c    000083a0   000083a0    r-x .text
  000083cc    000083cc    00000204   00000204    r-- .const
  000085d0    000085d0    0000003c   0000003c    r-- .cinit
08003000    08003000    00000384   00000000    rw-
  08003000    08003000    00000370   00000000    rw- .bss
  08003370    08003370    00000014   00000000    rw- .data


SECTION ALLOCATION MAP

 output                                  attributes/
section   page    origin      length       input sections
--------  ----  ----------  ----------   ----------------
.intvecs   0    00000000    00000020     
                  00000000    00000020     rm4_system__intvecs.obj (.intvecs)

.text      0    0000002c    000083a0     
                  0000002c    00000fc8     LFW548__RLOOP__BSP.lib : rm4_selftest.obj (.text)
                  00000ff4    00000ae4                            : rm4_spi24__pins.obj (.text)
                  00001ad8    00000940                            : rm4_rti.obj (.text)
                  00002418    000007f8                            : stepper_drive__time_base.obj (.text)
                  00002c10    000007a4                            : rm4_bist.obj (.text)
                  000033b4    00000714                            : rm4_dma.obj (.text)
                  00003ac8    0000059c                            : rm4_n2het__pins.obj (.text)
                  00004064    00000550                            : rm4_esm.obj (.text)
                  000045b4    00000504                            : rm4_esm.obj (.text:retain)
                  00004ab8    000003dc                            : rm4_vim.obj (.text)
                  00004e94    000003c4     rm4_system__core.obj (.text)
                  00005258    000003c0     LFW548__RLOOP__BSP.lib : rm4_pinmux.obj (.text)
                  00005618    00000380                            : rm4_rti__interrupts.obj (.text)
                  00005998    0000035c                            : rm4_system.obj (.text)
                  00005cf4    00000358                            : rm4_n2het__interrupts.obj (.text:retain)
                  0000604c    00000340                            : rm4_mibspi135__pins.obj (.text)
                  0000638c    00000338                            : rm4_sci__interrupts.obj (.text:retain)
                  000066c4    00000300                            : rm4_system__startup.obj (.text)
                  000069c4    00000300     rm4_system__mpu.obj (.text)
                  00006cc4    000002b8     LFW548__RLOOP__BSP.lib : rm4_mibspi135__interrupts.obj (.text:retain)
                  00006f7c    000002a4                            : rm4_gio__interrupts.obj (.text)
                  00007220    000002a0                            : rm4_vim.obj (.text:retain)
                  000074c0    0000021c     fault_tree.obj (.text)
                  000076dc    000001ec     LFW548__RLOOP__BSP.lib : rm4_dma__interrupts.obj (.text:retain)
                  000078c8    000001b8                            : stepper_drive__geko.obj (.text)
                  00007a80    00000174                            : rm4_rti__interrupts.obj (.text:retain)
                  00007bf4    00000114     rm4_system__pmu.obj (.text)
                  00007d08    000000fc     LFW548__RLOOP__BSP.lib : rm4_system__startup.obj (.text:retain)
                  00007e04    000000e8     rm4_system__dabort.obj (.text)
                  00007eec    000000e0     LFW548__RLOOP__BSP.lib : rm4_gio__interrupts.obj (.text:retain)
                  00007fcc    000000a0                            : rm4_system__aborts.obj (.text:retain)
                  0000806c    0000009c     rtsv7R4_T_le_v3D16_eabi.lib : memcpy_t2.obj (.text)
                  00008108    00000094     LFW548__RLOOP__BSP.lib : rm4_sci__interrupts.obj (.text)
                  0000819c    0000007a     rtsv7R4_T_le_v3D16_eabi.lib : memset_t2.obj (.text)
                  00008216    0000006a                                 : copy_decompress_rle.obj (.text)
                  00008280    00000050                                 : exit.obj (.text)
                  000082d0    0000004c                                 : cpy_tbl.obj (.text)
                  0000831c    00000020     LFW548__RLOOP__BSP.lib : rm4_esm__user_template.obj (.text)
                  0000833c    00000018                            : rm4_n2het__user_template.obj (.text)
                  00008354    00000018                            : rm4_system__aborts.obj (.text)
                  0000836c    00000014                            : rm4_dma__notifications.obj (.text)
                  00008380    00000014     rtsv7R4_T_le_v3D16_eabi.lib : _lock.obj (.text)
                  00008394    00000010     lgu.obj (.text)
                  000083a4    00000010     main.obj (.text)
                  000083b4    0000000e     rtsv7R4_T_le_v3D16_eabi.lib : copy_decompress_none.obj (.text:decompress:none)
                  000083c2    00000006                                 : copy_decompress_rle.obj (.text:decompress:rle24)
                  000083c8    00000004     LFW548__RLOOP__BSP.lib : rm4_system.obj (.text:retain)

.const     0    000083cc    00000204     
                  000083cc    00000204     LFW548__RLOOP__BSP.lib : rm4_vim.obj (.const:s_vim_init)

.cinit     0    000085d0    0000003c     
                  000085d0    00000015     (.cinit..data.load) [load image, compression = rle]
                  000085e5    00000003     --HOLE-- [fill = 0]
                  000085e8    0000000b     (.cinit..bss.load) [load image, compression = rle]
                  000085f3    00000001     --HOLE-- [fill = 0]
                  000085f4    00000008     (__TI_handler_table)
                  000085fc    00000010     (__TI_cinit_table)

.bss       0    08003000    00000370     UNINITIALIZED
                  08003000    00000148     (.common:sStepDrive)
                  08003148    00000110     (.common:sN2HET)
                  08003258    00000094     (.common:sRTI)
                  080032ec    00000028     (.common:g_sciTransfer_t)
                  08003314    00000018     (.common:sESM)
                  0800332c    00000018     (.common:sRTI_CLK)
                  08003344    00000010     (.common:sRM4DMA)
                  08003354    0000000c     (.common:sBIST)
                  08003360    0000000c     (.common:sRM4ST)
                  0800336c    00000004     (.common:f32_FIT)

.data      0    08003370    00000014     UNINITIALIZED
                  08003370    0000000c     rtsv7R4_T_le_v3D16_eabi.lib : exit.obj (.data:$O1$$)
                  0800337c    00000008                                 : _lock.obj (.data:$O1$$)

$fill000   0    00000020    00000004     
                  00000020    00000004     --HOLE-- [fill = 00000000]

$fill001   0    00000024    00000004     
                  00000024    00000004     --HOLE-- [fill = 00000000]

$fill002   0    00000028    00000004     
                  00000028    00000004     --HOLE-- [fill = 00000000]

MODULE SUMMARY

       Module                          code    ro data   rw data
       ------                          ----    -------   -------
    .\MULTICORE\LCCM284__MULTICORE__FAULT_TREE\
       fault_tree.obj                  540     0         0      
    +--+-------------------------------+-------+---------+---------+
       Total:                          540     0         0      
                                                                
    .\RLOOP\LCCM667__RLOOP__LGU\
       lgu.obj                         16      0         0      
    +--+-------------------------------+-------+---------+---------+
       Total:                          16      0         0      
                                                                
    .\RM4\LCCM219__RM4__SYSTEM\
       rm4_system__core.obj            964     0         0      
       rm4_system__mpu.obj             768     0         0      
       rm4_system__pmu.obj             276     0         0      
       rm4_system__dabort.obj          232     0         0      
       rm4_system__intvecs.obj         32      0         0      
    +--+-------------------------------+-------+---------+---------+
       Total:                          2272    0         0      
                                                                
    .\SOURCE\MAIN\
       main.obj                        16      0         0      
    +--+-------------------------------+-------+---------+---------+
       Total:                          16      0         0      
                                                                
    ../LIB/LFW548__RLOOP__BSP.lib
       rm4_selftest.obj                4040    0         12     
       rm4_spi24__pins.obj             2788    0         0      
       rm4_esm.obj                     2644    0         24     
       rm4_rti.obj                     2368    0         176    
       rm4_vim.obj                     1660    516       0      
       stepper_drive__time_base.obj    2040    0         0      
       rm4_bist.obj                    1956    0         12     
       rm4_dma.obj                     1812    0         16     
       rm4_n2het__pins.obj             1436    0         0      
       rm4_rti__interrupts.obj         1268    0         0      
       rm4_system__startup.obj         1020    0         0      
       rm4_sci__interrupts.obj         972     0         0      
       rm4_pinmux.obj                  960     0         0      
       rm4_gio__interrupts.obj         900     0         0      
       rm4_system.obj                  864     0         0      
       rm4_n2het__interrupts.obj       856     0         0      
       rm4_mibspi135__pins.obj         832     0         0      
       rm4_mibspi135__interrupts.obj   696     0         0      
       rm4_dma__interrupts.obj         492     0         0      
       stepper_drive__geko.obj         440     0         0      
       stepper_drive.obj               0       0         328    
       rm4_n2het.obj                   0       0         272    
       rm4_system__aborts.obj          184     0         0      
       rm4_sci.obj                     0       0         40     
       rm4_esm__user_template.obj      32      0         0      
       rm4_n2het__user_template.obj    24      0         0      
       rm4_dma__notifications.obj      20      0         0      
    +--+-------------------------------+-------+---------+---------+
       Total:                          30304   516       880    
                                                                
    D:/TI/ccsv6/tools/compiler/arm_15.12.3.LTS/lib/rtsv7R4_T_le_v3D16_eabi.lib
       memcpy_t2.obj                   156     0         0      
       memset_t2.obj                   122     0         0      
       copy_decompress_rle.obj         112     0         0      
       exit.obj                        80      0         12     
       cpy_tbl.obj                     76      0         0      
       _lock.obj                       20      0         8      
       copy_decompress_none.obj        14      0         0      
    +--+-------------------------------+-------+---------+---------+
       Total:                          580     0         20     
                                                                
       Linker Generated:               0       56        0      
    +--+-------------------------------+-------+---------+---------+
       Grand Total:                    33728   572       900    


LINKER GENERATED COPY TABLES

__TI_cinit_table @ 000085fc records: 2, size/record: 8, table size: 16
	.data: load addr=000085d0, load size=00000015 bytes, run addr=08003370, run size=00000014 bytes, compression=rle
	.bss: load addr=000085e8, load size=0000000b bytes, run addr=08003000, run size=00000370 bytes, compression=rle


LINKER GENERATED HANDLER TABLE

__TI_handler_table @ 000085f4 records: 2, size/record: 4, table size: 8
	index: 0, handler: __TI_decompress_rle24
	index: 1, handler: __TI_decompress_none


GLOBAL SYMBOLS: SORTED ALPHABETICALLY BY Name 

address   name                                         
-------   ----                                         
00008281  C$$EXIT                                      
UNDEFED   SHT$$INIT_ARRAY$$Base                        
UNDEFED   SHT$$INIT_ARRAY$$Limit                       
000085fc  __TI_CINIT_Base                              
0000860c  __TI_CINIT_Limit                             
000085f4  __TI_Handler_Table_Base                      
000085fc  __TI_Handler_Table_Limit                     
00005250  __TI_PINIT_Base                              
00005254  __TI_PINIT_Limit                             
08003370  __TI_cleanup_ptr                             
000083b5  __TI_decompress_none                         
000083c3  __TI_decompress_rle24                        
08003374  __TI_dtors_ptr                               
08003378  __TI_enable_exit_profile_output              
ffffffff  __TI_pprof_out_hndl                          
ffffffff  __TI_prof_data_size                          
ffffffff  __TI_prof_data_start                         
00000000  __TI_static_base__                           
0000819d  __aeabi_memclr                               
0000819d  __aeabi_memclr4                              
0000819d  __aeabi_memclr8                              
0000806d  __aeabi_memcpy                               
0000806d  __aeabi_memcpy4                              
0000806d  __aeabi_memcpy8                              
0000819f  __aeabi_memset                               
0000819f  __aeabi_memset4                              
0000819f  __aeabi_memset8                              
ffffffff  __binit__                                    
ffffffff  __c_args__                                   
00007d08  _c_int00                                     
00005148  _coreClearAuxiliaryDataFault_                
00005164  _coreClearAuxiliaryInstructionFault_         
00005110  _coreClearDataFaultAddress_                  
000050d8  _coreClearDataFault_                         
0000512c  _coreClearInstructionFaultAddress_           
000050f4  _coreClearInstructionFault_                  
0000503c  _coreDisableEventBusExport_                  
000050a0  _coreDisableFlashEcc_                        
0000506c  _coreDisableRamEcc_                          
00005024  _coreEnableEventBusExport_                   
00005084  _coreEnableFlashEcc_                         
000050b8  _coreEnableIrqVicOffset_                     
00005054  _coreEnableRamEcc_                           
0000500c  _coreEnableVfp_                              
00005140  _coreGetAuxiliaryDataFault_                  
0000515c  _coreGetAuxiliaryInstructionFault_           
00005108  _coreGetDataFaultAddress_                    
000050d0  _coreGetDataFault_                           
00005124  _coreGetInstructionFaultAddress_             
000050ec  _coreGetInstructionFault_                    
00007e04  _dabort                                      
00007fcc  _data                                        
00005180  _disable_FIQ_interrupt_                      
00005188  _disable_IRQ_interrupt_                      
00005178  _disable_interrupt_                          
00005190  _enable_interrupt_                           
00005220  _errata_CORTEXR4_57_                         
00005238  _errata_CORTEXR4_66_                         
00004fec  _getCPSRValue_                               
00004ff4  _gotoCPUIdle_                                
0800337c  _lock                                        
00006c6c  _mpuAreRegionsSeparate_                      
00006c48  _mpuDisableBackgroundRegion_                 
00006c10  _mpuDisable_                                 
00006c30  _mpuEnableBackgroundRegion_                  
00006bf0  _mpuEnable_                                  
00006c60  _mpuGetNumberOfRegions_                      
00006c90  _mpuGetRegionBaseAddress_                    
00006cb0  _mpuGetRegionPermission_                     
00006ca4  _mpuGetRegionType_                           
00006c80  _mpuGetRegion_                               
000069c4  _mpuInit_                                    
00006c88  _mpuSetRegionBaseAddress_                    
00006cbc  _mpuSetRegionSizeRegister_                   
00006c98  _mpuSetRegionTypeAndPermission_              
00006c78  _mpuSetRegion_                               
0000838f  _nop                                         
00007c5c  _pmuDisableCountersGlobal_                   
00007c44  _pmuEnableCountersGlobal_                    
00007cdc  _pmuGetCycleCount_                           
00007ce4  _pmuGetEventCount_                           
00007cf4  _pmuGetOverflow_                             
00007bf4  _pmuInit_                                    
00007ca4  _pmuResetCounters_                           
00007c74  _pmuResetCycleCounter_                       
00007c8c  _pmuResetEventCounters_                      
00007ccc  _pmuSetCountEvent_                           
00007cbc  _pmuStartCounters_                           
00007cc4  _pmuStopCounters_                            
00008387  _register_lock                               
00008381  _register_unlock                             
00004e94  _rm4_system_core__InitRegisters_             
00004fa0  _rm4_system_core__InitStackPointer_          
00005198  _rm4_system_core__esmCcmErrorsClear_         
08003380  _unlock                                      
00008285  abort                                        
ffffffff  binit                                        
000082d1  copy_in                                      
00008354  custom_dabort                                
00002fd0  errata_PBIST_4                               
0000828d  exit                                         
0800336c  f32_FIT                                      
080032ec  g_sciTransfer_t                              
000083a4  main                                         
0000806d  memcpy                                       
000081a5  memset                                       
0000446c  pRM4_ESM__EnterSelfTest                      
000083c8  phantomInterrupt                             
00000000  resetEntry                                   
00002238  s16RM4_RTI__ResetCounter                     
000021a4  s16RM4_RTI__Stop_Counter                     
08003354  sBIST                                        
08003314  sESM                                         
08003148  sN2HET                                       
08003344  sRM4DMA                                      
08003360  sRM4ST                                       
08003258  sRTI                                         
0800332c  sRTI_CLK                                     
08003000  sStepDrive                                   
000044e0  tRM4_ESM__SelfTestStatus                     
00002c20  u32RM4_BIST__Get_FaultFlags                  
00003630  u32RM4_DMA__Config_ControlPacket             
000034d0  u32RM4_DMA__Get_Request                      
000041a4  u32RM4_ESM__Get_Error                        
00004530  u32RM4_ESM__Get_FaultFlags_G1                
0000453c  u32RM4_ESM__Get_FaultFlags_G2                
00003c9c  u32RM4_N2HET_PINS__Get_DIN_HET1              
00003ca8  u32RM4_N2HET_PINS__Get_DIN_HET2              
000022b8  u32RM4_RTI__Get_FreeClock                    
00000150  u32RM4_SELFTEST__Get_FaultFlags              
00004e14  u32RM4_VIM__Get_MasterStatus                 
000022e4  u64RM4_RTI__Get_Counter1                     
00007628  u8FAULTTREE__Get_Fault                       
00002f14  u8RM4_BIST__IsTestCompleted                  
00002f30  u8RM4_BIST__IsTestPassed                     
00002f6c  u8RM4_BIST__PortTestStatus                   
00003440  u8RM4_DMA__IsChannelBusy                     
00003bd8  u8RM4_N2HET_PINS__Get_Pin                    
000002f0  u8RM4_SELFTEST__EFuse_CheckSelfTest          
00000200  u8RM4_SELFTEST__EFuse_StuckZeroTest          
00001394  u8RM4_SPI2_HWPINS__Get_NENA                  
00007598  vFAULTTREE__Clear_Flag                       
000074c0  vFAULTTREE__Init                             
000074f4  vFAULTTREE__Set_Flag                         
00008394  vLGU__Init                                   
00008398  vLGU__Process                                
0000839c  vLGU__RTI_100MS_ISR                          
000083a0  vLGU__RTI_10MS_ISR                           
00005c18  vRM2_SYSTEM__PowerDown                       
000016a8  vRM48SPI2__SetCKL_Input                      
00002c10  vRM4_BIST__Init                              
00002e18  vRM4_BIST__Run                               
00002c2c  vRM4_BIST__SelfCheck                         
00002ee4  vRM4_BIST__Stop                              
00007830  vRM4_DMA_ISR__BTCAInterrupt                  
000076dc  vRM4_DMA_ISR__FTCAInterrupt                  
000077c8  vRM4_DMA_ISR__HBCAInterrupt                  
00007760  vRM4_DMA_ISR__LFSAInterrupt                  
00003420  vRM4_DMA__Clear_ChannelBusy                  
00003974  vRM4_DMA__DefineRegion                       
0000345c  vRM4_DMA__Disable                            
000038d4  vRM4_DMA__DisableInterrupt                   
00003a60  vRM4_DMA__DisableParityCheck                 
00003a24  vRM4_DMA__DisableRegion                      
000033d0  vRM4_DMA__Enable                             
00003820  vRM4_DMA__EnableInterrupt                    
00003a50  vRM4_DMA__EnableParityCheck                  
000039b0  vRM4_DMA__EnableRegion                       
000033b4  vRM4_DMA__Init                               
0000836c  vRM4_DMA__Notification                       
0000347c  vRM4_DMA__RequestAssign                      
00003400  vRM4_DMA__Set_ChannelBusy                    
00003768  vRM4_DMA__Set_ChannelEnable                  
00003508  vRM4_DMA__Set_ControlPacket                  
000037d4  vRM4_DMA__Set_Priority                       
00004228  vRM4_ESM__ActivateNormalOperation            
0000430c  vRM4_ESM__ClearStatus                        
0000434c  vRM4_ESM__ClearStatusBuffer                  
000041ec  vRM4_ESM__DisableError                       
00004264  vRM4_ESM__DisableInterrupt                   
00004238  vRM4_ESM__EnableInterrupt                    
000041c0  vRM4_ESM__Enable_Error                       
00004398  vRM4_ESM__Get_Status                         
0000440c  vRM4_ESM__Get_StatusBuffer                   
0000831c  vRM4_ESM__Group1_Notification                
0000832c  vRM4_ESM__Group2_Notification                
000045b4  vRM4_ESM__HighInterrupt                      
00004064  vRM4_ESM__Init                               
00004378  vRM4_ESM__Set_CounterPreloadValue            
00004290  vRM4_ESM__Set_InterruptLevel                 
00004218  vRM4_ESM__TriggerErrorPinReset               
000071dc  vRM4_GIO_ISR__Clear_InterruptFlag            
00007060  vRM4_GIO_ISR__DefaultRoutine                 
000070ac  vRM4_GIO_ISR__DisableAll                     
00007088  vRM4_GIO_ISR__DisableISR                     
00007064  vRM4_GIO_ISR__EnableISR                      
00006f7c  vRM4_GIO_ISR__GeneralRoutine                 
00007eec  vRM4_GIO_ISR__High                           
00007f58  vRM4_GIO_ISR__Low                            
000070bc  vRM4_GIO_ISR__Set_InterruptPolarity          
00007190  vRM4_GIO_ISR__Set_Interrupt_VIMLevel         
00006cc4  vRM4_MIBSPI135_ISR1__High                    
00006d30  vRM4_MIBSPI135_ISR1__Low                     
00006d9c  vRM4_MIBSPI135_ISR3__High                    
00006e08  vRM4_MIBSPI135_ISR3__Low                     
00006e74  vRM4_MIBSPI135_ISR5__High                    
00006ee0  vRM4_MIBSPI135_ISR5__Low                     
00006120  vRM4_MIBSPI135_PINS__Set                     
00006274  vRM4_MIBSPI135_PINS__Set_Defaults            
000061e8  vRM4_MIBSPI135_PINS__Set_High                
0000615c  vRM4_MIBSPI135_PINS__Set_Low                 
0000604c  vRM4_MIBSPI135_PINS__Set_OutputDirection     
00005cf4  vRM4_N2HET_CHANNEL1_ISR__High                
00005dc0  vRM4_N2HET_CHANNEL1_ISR__Low                 
00005e8c  vRM4_N2HET_CHANNEL2_ISR__High                
00005f58  vRM4_N2HET_CHANNEL2_ISR__Low                 
0000833c  vRM4_N2HET_DYNAMIC__Notification             
00003b24  vRM4_N2HET_PINS__AND_ShareControl            
00003ac8  vRM4_N2HET_PINS__Init                        
00003de4  vRM4_N2HET_PINS__Set_Pin                     
00003d1c  vRM4_N2HET_PINS__Set_PinDirection_Input      
00003cb4  vRM4_N2HET_PINS__Set_PinDirection_Output     
00003e20  vRM4_N2HET_PINS__Set_PinHigh                 
00003eb0  vRM4_N2HET_PINS__Set_PinLow                  
00003d94  vRM4_N2HET_PINS__Set_PortData                
00003f78  vRM4_N2HET_PINS__Set_PortData_LSR            
00005258  vRM4_PINMUX__Init                            
0000595c  vRM4_RTI_INTERRUPTS__DefaultCallbackHandler  
00007a80  vRM4_RTI_ISR__Compare0                       
00007ac4  vRM4_RTI_ISR__Compare1                       
00007b08  vRM4_RTI_ISR__Compare2                       
00007b4c  vRM4_RTI_ISR__Compare3                       
000057a4  vRM4_RTI_ISR__Disable_Interrupts             
00005708  vRM4_RTI_ISR__Enable_Interrupts              
00007b90  vRM4_RTI_ISR__Overflow0                      
00007bb0  vRM4_RTI_ISR__Overflow1                      
00007bd0  vRM4_RTI_ISR__Timebase                       
0000210c  vRM4_RTI__Clear_Flags                        
00001ad8  vRM4_RTI__Init                               
00002128  vRM4_RTI__Start_Counter                      
00001c84  vRM4_RTI__Start_Interrupts                   
00001c98  vRM4_RTI__Struct_Init                        
000022d4  vRM4_RTI__SystemReset                        
00001fc8  vRM4_RTI__Update_Period                      
000063cc  vRM4_SCILIN_ISR__HighLevel                   
0000652c  vRM4_SCILIN_ISR__LowLevel                    
00008144  vRM4_SCI_INT__Disable_Notification           
00008108  vRM4_SCI_INT__Enable_Notification            
00008180  vRM4_SCI_INT__Notification                   
0000638c  vRM4_SCI_ISR__HighLevel                      
000063ac  vRM4_SCI_ISR__LowLevel                       
000003bc  vRM4_SELFTEST__CCM_Check                     
000000b8  vRM4_SELFTEST__CPU_Test                      
00000c00  vRM4_SELFTEST__Check_RAMECC                  
00000650  vRM4_SELFTEST__DMA_ParityCheck               
00000e80  vRM4_SELFTEST__DisableParity                 
0000016c  vRM4_SELFTEST__EFuse_Check                   
000002c8  vRM4_SELFTEST__EFuse_SelfTest                
00000e34  vRM4_SELFTEST__EnableParity                  
0000002c  vRM4_SELFTEST__Init                          
00000728  vRM4_SELFTEST__MIBSPI1_ParityCheck           
00000840  vRM4_SELFTEST__MIBSPI3_ParityCheck           
00000958  vRM4_SELFTEST__MIBSPI5_ParityCheck           
00000534  vRM4_SELFTEST__MemoryInit                    
00000a70  vRM4_SELFTEST__N2HET1_ParityCheck            
00000b3c  vRM4_SELFTEST__N2HET2_ParityCheck            
0000003c  vRM4_SELFTEST__STC_Check                     
0000015c  vRM4_SELFTEST__Set_FailNotification          
00000578  vRM4_SELFTEST__VIM_ParityCheck               
00000ff4  vRM4_SPI24_PINS__Off                         
0000123c  vRM4_SPI24_PINS__Set_DirectionInput          
000010cc  vRM4_SPI24_PINS__Set_DirectionOutput         
00001020  vRM4_SPI24_PINS__Set_Pin                     
000013d4  vRM4_SPI2_HWPINS__Set_CS0_High               
000013c4  vRM4_SPI2_HWPINS__Set_CS0_Low                
00001404  vRM4_SPI2_HWPINS__Set_CS0_Output             
000013f4  vRM4_SPI2_HWPINS__Set_CS1_High               
000013e4  vRM4_SPI2_HWPINS__Set_CS1_Low                
000019c8  vRM4_SPI2__ConfigureLinesAsGeneralOutputs    
00001964  vRM4_SPI2__SetCLK_High                       
00001950  vRM4_SPI2__SetCLK_Low                        
00001638  vRM4_SPI2__SetCLK_Output                     
000018ec  vRM4_SPI2__SetCS0_High                       
00001408  vRM4_SPI2__SetCS0_Input                      
000018d8  vRM4_SPI2__SetCS0_Low                        
00001914  vRM4_SPI2__SetCS1_High                       
000014e8  vRM4_SPI2__SetCS1_Input                      
00001900  vRM4_SPI2__SetCS1_Low                        
00001478  vRM4_SPI2__SetCS1_Output                     
0000193c  vRM4_SPI2__SetENA_High                       
000015c8  vRM4_SPI2__SetENA_Input                      
00001928  vRM4_SPI2__SetENA_Low                        
00001558  vRM4_SPI2__SetENA_Output                     
0000198c  vRM4_SPI2__SetSIMO_High                      
00001788  vRM4_SPI2__SetSIMO_Input                     
00001978  vRM4_SPI2__SetSIMO_Low                       
00001718  vRM4_SPI2__SetSIMO_Output                    
000019b4  vRM4_SPI2__SetSOMI_High                      
00001868  vRM4_SPI2__SetSOMI_Input                     
000019a0  vRM4_SPI2__SetSOMI_Low                       
000017f8  vRM4_SPI2__SetSOMI_Output                    
00001a20  vRM4_SPI2__TestLines                         
000066c4  vRM4_SYSTEM__After_STC                       
00005998  vRM4_SYSTEM__Init                            
00005a78  vRM4_SYSTEM__InitPerip                       
00005acc  vRM4_SYSTEM__MapClocks                       
00005bd8  vRM4_SYSTEM__SetupFlash                      
00005a18  vRM4_SYSTEM__SetupPLL                        
00005c4c  vRM4_SYSTEM__TrimLPO                         
00007220  vRM4_VIM_ISR__ParityErrorHandler             
00004b74  vRM4_VIM__ChannelMap                         
00004d70  vRM4_VIM__DisableInterrupt                   
00004c18  vRM4_VIM__EnableInterrupt                    
00004e20  vRM4_VIM__Enable_USB                         
00004ab8  vRM4_VIM__Init                               
00004e04  vRM4_VIM__MasterDisable                      
00004df4  vRM4_VIM__MasterEnable                       
00005618  vRTI_COMPARE__Disable_CompareInterrupt       
00005690  vRTI_COMPARE__Enable_CompareInterrupt        
000078c8  vSTEPDRIVE_GEKO__Init                        
00007940  vSTEPDRIVE_GEKO__Set_PulseHigh               
00007990  vSTEPDRIVE_GEKO__Set_PulseLow                
000079e0  vSTEPDRIVE_GEKO__Set_RotationClockwise       
00007a30  vSTEPDRIVE_GEKO__Set_RotationCounterClockwise
0000242c  vSTEPDRIVE_TIMEBASE__Clear_Ticks             
0000243c  vSTEPDRIVE_TIMEBASE__ISR                     
00002418  vSTEPDRIVE_TIMEBASE__Init                    
00002428  vSTEPDRIVE_TIMEBASE__Process                 


GLOBAL SYMBOLS: SORTED BY Symbol Address 

address   name                                         
-------   ----                                         
00000000  __TI_static_base__                           
00000000  resetEntry                                   
0000002c  vRM4_SELFTEST__Init                          
0000003c  vRM4_SELFTEST__STC_Check                     
000000b8  vRM4_SELFTEST__CPU_Test                      
00000150  u32RM4_SELFTEST__Get_FaultFlags              
0000015c  vRM4_SELFTEST__Set_FailNotification          
0000016c  vRM4_SELFTEST__EFuse_Check                   
00000200  u8RM4_SELFTEST__EFuse_StuckZeroTest          
000002c8  vRM4_SELFTEST__EFuse_SelfTest                
000002f0  u8RM4_SELFTEST__EFuse_CheckSelfTest          
000003bc  vRM4_SELFTEST__CCM_Check                     
00000534  vRM4_SELFTEST__MemoryInit                    
00000578  vRM4_SELFTEST__VIM_ParityCheck               
00000650  vRM4_SELFTEST__DMA_ParityCheck               
00000728  vRM4_SELFTEST__MIBSPI1_ParityCheck           
00000840  vRM4_SELFTEST__MIBSPI3_ParityCheck           
00000958  vRM4_SELFTEST__MIBSPI5_ParityCheck           
00000a70  vRM4_SELFTEST__N2HET1_ParityCheck            
00000b3c  vRM4_SELFTEST__N2HET2_ParityCheck            
00000c00  vRM4_SELFTEST__Check_RAMECC                  
00000e34  vRM4_SELFTEST__EnableParity                  
00000e80  vRM4_SELFTEST__DisableParity                 
00000ff4  vRM4_SPI24_PINS__Off                         
00001020  vRM4_SPI24_PINS__Set_Pin                     
000010cc  vRM4_SPI24_PINS__Set_DirectionOutput         
0000123c  vRM4_SPI24_PINS__Set_DirectionInput          
00001394  u8RM4_SPI2_HWPINS__Get_NENA                  
000013c4  vRM4_SPI2_HWPINS__Set_CS0_Low                
000013d4  vRM4_SPI2_HWPINS__Set_CS0_High               
000013e4  vRM4_SPI2_HWPINS__Set_CS1_Low                
000013f4  vRM4_SPI2_HWPINS__Set_CS1_High               
00001404  vRM4_SPI2_HWPINS__Set_CS0_Output             
00001408  vRM4_SPI2__SetCS0_Input                      
00001478  vRM4_SPI2__SetCS1_Output                     
000014e8  vRM4_SPI2__SetCS1_Input                      
00001558  vRM4_SPI2__SetENA_Output                     
000015c8  vRM4_SPI2__SetENA_Input                      
00001638  vRM4_SPI2__SetCLK_Output                     
000016a8  vRM48SPI2__SetCKL_Input                      
00001718  vRM4_SPI2__SetSIMO_Output                    
00001788  vRM4_SPI2__SetSIMO_Input                     
000017f8  vRM4_SPI2__SetSOMI_Output                    
00001868  vRM4_SPI2__SetSOMI_Input                     
000018d8  vRM4_SPI2__SetCS0_Low                        
000018ec  vRM4_SPI2__SetCS0_High                       
00001900  vRM4_SPI2__SetCS1_Low                        
00001914  vRM4_SPI2__SetCS1_High                       
00001928  vRM4_SPI2__SetENA_Low                        
0000193c  vRM4_SPI2__SetENA_High                       
00001950  vRM4_SPI2__SetCLK_Low                        
00001964  vRM4_SPI2__SetCLK_High                       
00001978  vRM4_SPI2__SetSIMO_Low                       
0000198c  vRM4_SPI2__SetSIMO_High                      
000019a0  vRM4_SPI2__SetSOMI_Low                       
000019b4  vRM4_SPI2__SetSOMI_High                      
000019c8  vRM4_SPI2__ConfigureLinesAsGeneralOutputs    
00001a20  vRM4_SPI2__TestLines                         
00001ad8  vRM4_RTI__Init                               
00001c84  vRM4_RTI__Start_Interrupts                   
00001c98  vRM4_RTI__Struct_Init                        
00001fc8  vRM4_RTI__Update_Period                      
0000210c  vRM4_RTI__Clear_Flags                        
00002128  vRM4_RTI__Start_Counter                      
000021a4  s16RM4_RTI__Stop_Counter                     
00002238  s16RM4_RTI__ResetCounter                     
000022b8  u32RM4_RTI__Get_FreeClock                    
000022d4  vRM4_RTI__SystemReset                        
000022e4  u64RM4_RTI__Get_Counter1                     
00002418  vSTEPDRIVE_TIMEBASE__Init                    
00002428  vSTEPDRIVE_TIMEBASE__Process                 
0000242c  vSTEPDRIVE_TIMEBASE__Clear_Ticks             
0000243c  vSTEPDRIVE_TIMEBASE__ISR                     
00002c10  vRM4_BIST__Init                              
00002c20  u32RM4_BIST__Get_FaultFlags                  
00002c2c  vRM4_BIST__SelfCheck                         
00002e18  vRM4_BIST__Run                               
00002ee4  vRM4_BIST__Stop                              
00002f14  u8RM4_BIST__IsTestCompleted                  
00002f30  u8RM4_BIST__IsTestPassed                     
00002f6c  u8RM4_BIST__PortTestStatus                   
00002fd0  errata_PBIST_4                               
000033b4  vRM4_DMA__Init                               
000033d0  vRM4_DMA__Enable                             
00003400  vRM4_DMA__Set_ChannelBusy                    
00003420  vRM4_DMA__Clear_ChannelBusy                  
00003440  u8RM4_DMA__IsChannelBusy                     
0000345c  vRM4_DMA__Disable                            
0000347c  vRM4_DMA__RequestAssign                      
000034d0  u32RM4_DMA__Get_Request                      
00003508  vRM4_DMA__Set_ControlPacket                  
00003630  u32RM4_DMA__Config_ControlPacket             
00003768  vRM4_DMA__Set_ChannelEnable                  
000037d4  vRM4_DMA__Set_Priority                       
00003820  vRM4_DMA__EnableInterrupt                    
000038d4  vRM4_DMA__DisableInterrupt                   
00003974  vRM4_DMA__DefineRegion                       
000039b0  vRM4_DMA__EnableRegion                       
00003a24  vRM4_DMA__DisableRegion                      
00003a50  vRM4_DMA__EnableParityCheck                  
00003a60  vRM4_DMA__DisableParityCheck                 
00003ac8  vRM4_N2HET_PINS__Init                        
00003b24  vRM4_N2HET_PINS__AND_ShareControl            
00003bd8  u8RM4_N2HET_PINS__Get_Pin                    
00003c9c  u32RM4_N2HET_PINS__Get_DIN_HET1              
00003ca8  u32RM4_N2HET_PINS__Get_DIN_HET2              
00003cb4  vRM4_N2HET_PINS__Set_PinDirection_Output     
00003d1c  vRM4_N2HET_PINS__Set_PinDirection_Input      
00003d94  vRM4_N2HET_PINS__Set_PortData                
00003de4  vRM4_N2HET_PINS__Set_Pin                     
00003e20  vRM4_N2HET_PINS__Set_PinHigh                 
00003eb0  vRM4_N2HET_PINS__Set_PinLow                  
00003f78  vRM4_N2HET_PINS__Set_PortData_LSR            
00004064  vRM4_ESM__Init                               
000041a4  u32RM4_ESM__Get_Error                        
000041c0  vRM4_ESM__Enable_Error                       
000041ec  vRM4_ESM__DisableError                       
00004218  vRM4_ESM__TriggerErrorPinReset               
00004228  vRM4_ESM__ActivateNormalOperation            
00004238  vRM4_ESM__EnableInterrupt                    
00004264  vRM4_ESM__DisableInterrupt                   
00004290  vRM4_ESM__Set_InterruptLevel                 
0000430c  vRM4_ESM__ClearStatus                        
0000434c  vRM4_ESM__ClearStatusBuffer                  
00004378  vRM4_ESM__Set_CounterPreloadValue            
00004398  vRM4_ESM__Get_Status                         
0000440c  vRM4_ESM__Get_StatusBuffer                   
0000446c  pRM4_ESM__EnterSelfTest                      
000044e0  tRM4_ESM__SelfTestStatus                     
00004530  u32RM4_ESM__Get_FaultFlags_G1                
0000453c  u32RM4_ESM__Get_FaultFlags_G2                
000045b4  vRM4_ESM__HighInterrupt                      
00004ab8  vRM4_VIM__Init                               
00004b74  vRM4_VIM__ChannelMap                         
00004c18  vRM4_VIM__EnableInterrupt                    
00004d70  vRM4_VIM__DisableInterrupt                   
00004df4  vRM4_VIM__MasterEnable                       
00004e04  vRM4_VIM__MasterDisable                      
00004e14  u32RM4_VIM__Get_MasterStatus                 
00004e20  vRM4_VIM__Enable_USB                         
00004e94  _rm4_system_core__InitRegisters_             
00004fa0  _rm4_system_core__InitStackPointer_          
00004fec  _getCPSRValue_                               
00004ff4  _gotoCPUIdle_                                
0000500c  _coreEnableVfp_                              
00005024  _coreEnableEventBusExport_                   
0000503c  _coreDisableEventBusExport_                  
00005054  _coreEnableRamEcc_                           
0000506c  _coreDisableRamEcc_                          
00005084  _coreEnableFlashEcc_                         
000050a0  _coreDisableFlashEcc_                        
000050b8  _coreEnableIrqVicOffset_                     
000050d0  _coreGetDataFault_                           
000050d8  _coreClearDataFault_                         
000050ec  _coreGetInstructionFault_                    
000050f4  _coreClearInstructionFault_                  
00005108  _coreGetDataFaultAddress_                    
00005110  _coreClearDataFaultAddress_                  
00005124  _coreGetInstructionFaultAddress_             
0000512c  _coreClearInstructionFaultAddress_           
00005140  _coreGetAuxiliaryDataFault_                  
00005148  _coreClearAuxiliaryDataFault_                
0000515c  _coreGetAuxiliaryInstructionFault_           
00005164  _coreClearAuxiliaryInstructionFault_         
00005178  _disable_interrupt_                          
00005180  _disable_FIQ_interrupt_                      
00005188  _disable_IRQ_interrupt_                      
00005190  _enable_interrupt_                           
00005198  _rm4_system_core__esmCcmErrorsClear_         
00005220  _errata_CORTEXR4_57_                         
00005238  _errata_CORTEXR4_66_                         
00005250  __TI_PINIT_Base                              
00005254  __TI_PINIT_Limit                             
00005258  vRM4_PINMUX__Init                            
00005618  vRTI_COMPARE__Disable_CompareInterrupt       
00005690  vRTI_COMPARE__Enable_CompareInterrupt        
00005708  vRM4_RTI_ISR__Enable_Interrupts              
000057a4  vRM4_RTI_ISR__Disable_Interrupts             
0000595c  vRM4_RTI_INTERRUPTS__DefaultCallbackHandler  
00005998  vRM4_SYSTEM__Init                            
00005a18  vRM4_SYSTEM__SetupPLL                        
00005a78  vRM4_SYSTEM__InitPerip                       
00005acc  vRM4_SYSTEM__MapClocks                       
00005bd8  vRM4_SYSTEM__SetupFlash                      
00005c18  vRM2_SYSTEM__PowerDown                       
00005c4c  vRM4_SYSTEM__TrimLPO                         
00005cf4  vRM4_N2HET_CHANNEL1_ISR__High                
00005dc0  vRM4_N2HET_CHANNEL1_ISR__Low                 
00005e8c  vRM4_N2HET_CHANNEL2_ISR__High                
00005f58  vRM4_N2HET_CHANNEL2_ISR__Low                 
0000604c  vRM4_MIBSPI135_PINS__Set_OutputDirection     
00006120  vRM4_MIBSPI135_PINS__Set                     
0000615c  vRM4_MIBSPI135_PINS__Set_Low                 
000061e8  vRM4_MIBSPI135_PINS__Set_High                
00006274  vRM4_MIBSPI135_PINS__Set_Defaults            
0000638c  vRM4_SCI_ISR__HighLevel                      
000063ac  vRM4_SCI_ISR__LowLevel                       
000063cc  vRM4_SCILIN_ISR__HighLevel                   
0000652c  vRM4_SCILIN_ISR__LowLevel                    
000066c4  vRM4_SYSTEM__After_STC                       
000069c4  _mpuInit_                                    
00006bf0  _mpuEnable_                                  
00006c10  _mpuDisable_                                 
00006c30  _mpuEnableBackgroundRegion_                  
00006c48  _mpuDisableBackgroundRegion_                 
00006c60  _mpuGetNumberOfRegions_                      
00006c6c  _mpuAreRegionsSeparate_                      
00006c78  _mpuSetRegion_                               
00006c80  _mpuGetRegion_                               
00006c88  _mpuSetRegionBaseAddress_                    
00006c90  _mpuGetRegionBaseAddress_                    
00006c98  _mpuSetRegionTypeAndPermission_              
00006ca4  _mpuGetRegionType_                           
00006cb0  _mpuGetRegionPermission_                     
00006cbc  _mpuSetRegionSizeRegister_                   
00006cc4  vRM4_MIBSPI135_ISR1__High                    
00006d30  vRM4_MIBSPI135_ISR1__Low                     
00006d9c  vRM4_MIBSPI135_ISR3__High                    
00006e08  vRM4_MIBSPI135_ISR3__Low                     
00006e74  vRM4_MIBSPI135_ISR5__High                    
00006ee0  vRM4_MIBSPI135_ISR5__Low                     
00006f7c  vRM4_GIO_ISR__GeneralRoutine                 
00007060  vRM4_GIO_ISR__DefaultRoutine                 
00007064  vRM4_GIO_ISR__EnableISR                      
00007088  vRM4_GIO_ISR__DisableISR                     
000070ac  vRM4_GIO_ISR__DisableAll                     
000070bc  vRM4_GIO_ISR__Set_InterruptPolarity          
00007190  vRM4_GIO_ISR__Set_Interrupt_VIMLevel         
000071dc  vRM4_GIO_ISR__Clear_InterruptFlag            
00007220  vRM4_VIM_ISR__ParityErrorHandler             
000074c0  vFAULTTREE__Init                             
000074f4  vFAULTTREE__Set_Flag                         
00007598  vFAULTTREE__Clear_Flag                       
00007628  u8FAULTTREE__Get_Fault                       
000076dc  vRM4_DMA_ISR__FTCAInterrupt                  
00007760  vRM4_DMA_ISR__LFSAInterrupt                  
000077c8  vRM4_DMA_ISR__HBCAInterrupt                  
00007830  vRM4_DMA_ISR__BTCAInterrupt                  
000078c8  vSTEPDRIVE_GEKO__Init                        
00007940  vSTEPDRIVE_GEKO__Set_PulseHigh               
00007990  vSTEPDRIVE_GEKO__Set_PulseLow                
000079e0  vSTEPDRIVE_GEKO__Set_RotationClockwise       
00007a30  vSTEPDRIVE_GEKO__Set_RotationCounterClockwise
00007a80  vRM4_RTI_ISR__Compare0                       
00007ac4  vRM4_RTI_ISR__Compare1                       
00007b08  vRM4_RTI_ISR__Compare2                       
00007b4c  vRM4_RTI_ISR__Compare3                       
00007b90  vRM4_RTI_ISR__Overflow0                      
00007bb0  vRM4_RTI_ISR__Overflow1                      
00007bd0  vRM4_RTI_ISR__Timebase                       
00007bf4  _pmuInit_                                    
00007c44  _pmuEnableCountersGlobal_                    
00007c5c  _pmuDisableCountersGlobal_                   
00007c74  _pmuResetCycleCounter_                       
00007c8c  _pmuResetEventCounters_                      
00007ca4  _pmuResetCounters_                           
00007cbc  _pmuStartCounters_                           
00007cc4  _pmuStopCounters_                            
00007ccc  _pmuSetCountEvent_                           
00007cdc  _pmuGetCycleCount_                           
00007ce4  _pmuGetEventCount_                           
00007cf4  _pmuGetOverflow_                             
00007d08  _c_int00                                     
00007e04  _dabort                                      
00007eec  vRM4_GIO_ISR__High                           
00007f58  vRM4_GIO_ISR__Low                            
00007fcc  _data                                        
0000806d  __aeabi_memcpy                               
0000806d  __aeabi_memcpy4                              
0000806d  __aeabi_memcpy8                              
0000806d  memcpy                                       
00008108  vRM4_SCI_INT__Enable_Notification            
00008144  vRM4_SCI_INT__Disable_Notification           
00008180  vRM4_SCI_INT__Notification                   
0000819d  __aeabi_memclr                               
0000819d  __aeabi_memclr4                              
0000819d  __aeabi_memclr8                              
0000819f  __aeabi_memset                               
0000819f  __aeabi_memset4                              
0000819f  __aeabi_memset8                              
000081a5  memset                                       
00008281  C$$EXIT                                      
00008285  abort                                        
0000828d  exit                                         
000082d1  copy_in                                      
0000831c  vRM4_ESM__Group1_Notification                
0000832c  vRM4_ESM__Group2_Notification                
0000833c  vRM4_N2HET_DYNAMIC__Notification             
00008354  custom_dabort                                
0000836c  vRM4_DMA__Notification                       
00008381  _register_unlock                             
00008387  _register_lock                               
0000838f  _nop                                         
00008394  vLGU__Init                                   
00008398  vLGU__Process                                
0000839c  vLGU__RTI_100MS_ISR                          
000083a0  vLGU__RTI_10MS_ISR                           
000083a4  main                                         
000083b5  __TI_decompress_none                         
000083c3  __TI_decompress_rle24                        
000083c8  phantomInterrupt                             
000085f4  __TI_Handler_Table_Base                      
000085fc  __TI_CINIT_Base                              
000085fc  __TI_Handler_Table_Limit                     
0000860c  __TI_CINIT_Limit                             
08003000  sStepDrive                                   
08003148  sN2HET                                       
08003258  sRTI                                         
080032ec  g_sciTransfer_t                              
08003314  sESM                                         
0800332c  sRTI_CLK                                     
08003344  sRM4DMA                                      
08003354  sBIST                                        
08003360  sRM4ST                                       
0800336c  f32_FIT                                      
08003370  __TI_cleanup_ptr                             
08003374  __TI_dtors_ptr                               
08003378  __TI_enable_exit_profile_output              
0800337c  _lock                                        
08003380  _unlock                                      
ffffffff  __TI_pprof_out_hndl                          
ffffffff  __TI_prof_data_size                          
ffffffff  __TI_prof_data_start                         
ffffffff  __binit__                                    
ffffffff  __c_args__                                   
ffffffff  binit                                        
UNDEFED   SHT$$INIT_ARRAY$$Base                        
UNDEFED   SHT$$INIT_ARRAY$$Limit                       

[328 symbols]
