<?xml version="1.0"?>
<link_info>
   <banner>TI ARM Linker PC v15.12.3.LTS</banner>
   <copyright>Copyright (c) 1996-2015 Texas Instruments Incorporated</copyright>
   <link_time>0x587dc864</link_time>
   <link_errors>0x0</link_errors>
   <output_file>LFW548__RLOOP__LGU.out</output_file>
   <entry_point>
      <name>_c_int00</name>
      <address>0x7d08</address>
   </entry_point>
   <input_file_list>
      <input_file id="fl-2">
         <path>.\SOURCE\MAIN\</path>
         <kind>object</kind>
         <file>main.obj</file>
         <name>main.obj</name>
      </input_file>
      <input_file id="fl-3">
         <path>.\RM4\LCCM282__RM4__SCI\DMA\</path>
         <kind>object</kind>
         <file>rm4_sci__dma.obj</file>
         <name>rm4_sci__dma.obj</name>
      </input_file>
      <input_file id="fl-4">
         <path>.\RM4\LCCM219__RM4__SYSTEM\</path>
         <kind>object</kind>
         <file>rm4_system__core.obj</file>
         <name>rm4_system__core.obj</name>
      </input_file>
      <input_file id="fl-5">
         <path>.\RM4\LCCM219__RM4__SYSTEM\</path>
         <kind>object</kind>
         <file>rm4_system__dabort.obj</file>
         <name>rm4_system__dabort.obj</name>
      </input_file>
      <input_file id="fl-6">
         <path>.\RM4\LCCM219__RM4__SYSTEM\</path>
         <kind>object</kind>
         <file>rm4_system__intvecs.obj</file>
         <name>rm4_system__intvecs.obj</name>
      </input_file>
      <input_file id="fl-7">
         <path>.\RM4\LCCM219__RM4__SYSTEM\</path>
         <kind>object</kind>
         <file>rm4_system__mpu.obj</file>
         <name>rm4_system__mpu.obj</name>
      </input_file>
      <input_file id="fl-8">
         <path>.\RM4\LCCM219__RM4__SYSTEM\</path>
         <kind>object</kind>
         <file>rm4_system__pmu.obj</file>
         <name>rm4_system__pmu.obj</name>
      </input_file>
      <input_file id="fl-9">
         <path>.\RM4\LCCM135__RM4__FLASH\F021_Flash_API\V2.00.01\Source\</path>
         <kind>object</kind>
         <file>Fapi_UserDefinedFunctions.obj</file>
         <name>Fapi_UserDefinedFunctions.obj</name>
      </input_file>
      <input_file id="fl-a">
         <path>.\RLOOP\LCCM667__RLOOP__LGU\</path>
         <kind>object</kind>
         <file>lgu.obj</file>
         <name>lgu.obj</name>
      </input_file>
      <input_file id="fl-b">
         <path>.\RLOOP\LCCM667__RLOOP__LGU\WIN32\</path>
         <kind>object</kind>
         <file>lgu__win32.obj</file>
         <name>lgu__win32.obj</name>
      </input_file>
      <input_file id="fl-c">
         <path>.\RLOOP\LCCM667__RLOOP__LGU\SERIAL_COMMS\</path>
         <kind>object</kind>
         <file>lgu__serial_comms.obj</file>
         <name>lgu__serial_comms.obj</name>
      </input_file>
      <input_file id="fl-d">
         <path>.\RLOOP\LCCM667__RLOOP__LGU\RM4_NOTIFICATIONS\</path>
         <kind>object</kind>
         <file>lgu__rm4_notifications.obj</file>
         <name>lgu__rm4_notifications.obj</name>
      </input_file>
      <input_file id="fl-e">
         <path>.\RLOOP\LCCM667__RLOOP__LGU\PV_PRESS\</path>
         <kind>object</kind>
         <file>lgu__pv_press.obj</file>
         <name>lgu__pv_press.obj</name>
      </input_file>
      <input_file id="fl-f">
         <path>.\RLOOP\LCCM667__RLOOP__LGU\LIFT_MECH\</path>
         <kind>object</kind>
         <file>lgu__lift_mech.obj</file>
         <name>lgu__lift_mech.obj</name>
      </input_file>
      <input_file id="fl-10">
         <path>.\RLOOP\LCCM667__RLOOP__LGU\GIMBALS\</path>
         <kind>object</kind>
         <file>lgu__gimbals.obj</file>
         <name>lgu__gimbals.obj</name>
      </input_file>
      <input_file id="fl-11">
         <path>.\RLOOP\LCCM667__RLOOP__LGU\COOLING\</path>
         <kind>object</kind>
         <file>lgu__cooling.obj</file>
         <name>lgu__cooling.obj</name>
      </input_file>
      <input_file id="fl-12">
         <path>.\RLOOP\LCCM667__RLOOP__LGU\CLUTCHES\</path>
         <kind>object</kind>
         <file>lgu__clutches.obj</file>
         <name>lgu__clutches.obj</name>
      </input_file>
      <input_file id="fl-13">
         <path>.\RLOOP\LCCM667__RLOOP__LGU\AUXPROP\</path>
         <kind>object</kind>
         <file>lgu__auxprop.obj</file>
         <name>lgu__auxprop.obj</name>
      </input_file>
      <input_file id="fl-14">
         <path>.\MULTICORE\LCCM662__MULTICORE__DAQ\</path>
         <kind>object</kind>
         <file>daq.obj</file>
         <name>daq.obj</name>
      </input_file>
      <input_file id="fl-15">
         <path>.\MULTICORE\LCCM662__MULTICORE__DAQ\WIN32\</path>
         <kind>object</kind>
         <file>daq__win32.obj</file>
         <name>daq__win32.obj</name>
      </input_file>
      <input_file id="fl-16">
         <path>.\MULTICORE\LCCM662__MULTICORE__DAQ\WIN32\</path>
         <kind>object</kind>
         <file>daq__win32_main.obj</file>
         <name>daq__win32_main.obj</name>
      </input_file>
      <input_file id="fl-17">
         <path>.\MULTICORE\LCCM662__MULTICORE__DAQ\APPEND\</path>
         <kind>object</kind>
         <file>daq__append.obj</file>
         <name>daq__append.obj</name>
      </input_file>
      <input_file id="fl-18">
         <path>.\MULTICORE\LCCM517__MULTICORE__SAFETOOL_BRANCH\</path>
         <kind>object</kind>
         <file>safetool_branch.obj</file>
         <name>safetool_branch.obj</name>
      </input_file>
      <input_file id="fl-19">
         <path>.\MULTICORE\LCCM517__MULTICORE__SAFETOOL_BRANCH\STRINGS\</path>
         <kind>object</kind>
         <file>safetool_branch__strings.obj</file>
         <name>safetool_branch__strings.obj</name>
      </input_file>
      <input_file id="fl-1a">
         <path>.\MULTICORE\LCCM284__MULTICORE__FAULT_TREE\</path>
         <kind>object</kind>
         <file>fault_tree.obj</file>
         <name>fault_tree.obj</name>
      </input_file>
      <input_file id="fl-1b">
         <path>.\MULTICORE\LCCM231__MULTICORE__STEPPER_DRIVE\WIN32\</path>
         <kind>object</kind>
         <file>stepper_drive__win32.obj</file>
         <name>stepper_drive__win32.obj</name>
      </input_file>
      <input_file id="fl-1c">
         <path>.\MULTICORE\LCCM118__MULTICORE__NUMERICAL\</path>
         <kind>object</kind>
         <file>numerical.obj</file>
         <name>numerical.obj</name>
      </input_file>
      <input_file id="fl-1d">
         <path>.\MULTICORE\LCCM118__MULTICORE__NUMERICAL\SUVAT\</path>
         <kind>object</kind>
         <file>numerical__suvat.obj</file>
         <name>numerical__suvat.obj</name>
      </input_file>
      <input_file id="fl-24">
         <path>..\LIB\</path>
         <kind>archive</kind>
         <file>LFW548__RLOOP__BSP.lib</file>
         <name>rm4_sci.obj</name>
      </input_file>
      <input_file id="fl-25">
         <path>..\LIB\</path>
         <kind>archive</kind>
         <file>LFW548__RLOOP__BSP.lib</file>
         <name>rm4_dma.obj</name>
      </input_file>
      <input_file id="fl-26">
         <path>..\LIB\</path>
         <kind>archive</kind>
         <file>LFW548__RLOOP__BSP.lib</file>
         <name>rm4_system__aborts.obj</name>
      </input_file>
      <input_file id="fl-27">
         <path>..\LIB\</path>
         <kind>archive</kind>
         <file>LFW548__RLOOP__BSP.lib</file>
         <name>rm4_system__startup.obj</name>
      </input_file>
      <input_file id="fl-28">
         <path>..\LIB\</path>
         <kind>archive</kind>
         <file>LFW548__RLOOP__BSP.lib</file>
         <name>rm4_bist.obj</name>
      </input_file>
      <input_file id="fl-29">
         <path>..\LIB\</path>
         <kind>archive</kind>
         <file>LFW548__RLOOP__BSP.lib</file>
         <name>rm4_vim.obj</name>
      </input_file>
      <input_file id="fl-2a">
         <path>..\LIB\</path>
         <kind>archive</kind>
         <file>LFW548__RLOOP__BSP.lib</file>
         <name>rm4_selftest.obj</name>
      </input_file>
      <input_file id="fl-2b">
         <path>..\LIB\</path>
         <kind>archive</kind>
         <file>LFW548__RLOOP__BSP.lib</file>
         <name>rm4_esm.obj</name>
      </input_file>
      <input_file id="fl-2c">
         <path>..\LIB\</path>
         <kind>archive</kind>
         <file>LFW548__RLOOP__BSP.lib</file>
         <name>rm4_esm__user_template.obj</name>
      </input_file>
      <input_file id="fl-2d">
         <path>..\LIB\</path>
         <kind>archive</kind>
         <file>LFW548__RLOOP__BSP.lib</file>
         <name>rm4_system.obj</name>
      </input_file>
      <input_file id="fl-2e">
         <path>..\LIB\</path>
         <kind>archive</kind>
         <file>LFW548__RLOOP__BSP.lib</file>
         <name>rm4_gio__interrupts.obj</name>
      </input_file>
      <input_file id="fl-2f">
         <path>..\LIB\</path>
         <kind>archive</kind>
         <file>LFW548__RLOOP__BSP.lib</file>
         <name>rm4_rti__interrupts.obj</name>
      </input_file>
      <input_file id="fl-30">
         <path>..\LIB\</path>
         <kind>archive</kind>
         <file>LFW548__RLOOP__BSP.lib</file>
         <name>stepper_drive__time_base.obj</name>
      </input_file>
      <input_file id="fl-31">
         <path>..\LIB\</path>
         <kind>archive</kind>
         <file>LFW548__RLOOP__BSP.lib</file>
         <name>stepper_drive__geko.obj</name>
      </input_file>
      <input_file id="fl-32">
         <path>..\LIB\</path>
         <kind>archive</kind>
         <file>LFW548__RLOOP__BSP.lib</file>
         <name>rm4_sci__interrupts.obj</name>
      </input_file>
      <input_file id="fl-33">
         <path>..\LIB\</path>
         <kind>archive</kind>
         <file>LFW548__RLOOP__BSP.lib</file>
         <name>rm4_mibspi135__pins.obj</name>
      </input_file>
      <input_file id="fl-34">
         <path>..\LIB\</path>
         <kind>archive</kind>
         <file>LFW548__RLOOP__BSP.lib</file>
         <name>rm4_mibspi135__interrupts.obj</name>
      </input_file>
      <input_file id="fl-35">
         <path>..\LIB\</path>
         <kind>archive</kind>
         <file>LFW548__RLOOP__BSP.lib</file>
         <name>rm4_n2het__pins.obj</name>
      </input_file>
      <input_file id="fl-36">
         <path>..\LIB\</path>
         <kind>archive</kind>
         <file>LFW548__RLOOP__BSP.lib</file>
         <name>rm4_n2het__interrupts.obj</name>
      </input_file>
      <input_file id="fl-37">
         <path>..\LIB\</path>
         <kind>archive</kind>
         <file>LFW548__RLOOP__BSP.lib</file>
         <name>rm4_dma__interrupts.obj</name>
      </input_file>
      <input_file id="fl-38">
         <path>..\LIB\</path>
         <kind>archive</kind>
         <file>LFW548__RLOOP__BSP.lib</file>
         <name>rm4_pinmux.obj</name>
      </input_file>
      <input_file id="fl-39">
         <path>..\LIB\</path>
         <kind>archive</kind>
         <file>LFW548__RLOOP__BSP.lib</file>
         <name>rm4_rti.obj</name>
      </input_file>
      <input_file id="fl-3a">
         <path>..\LIB\</path>
         <kind>archive</kind>
         <file>LFW548__RLOOP__BSP.lib</file>
         <name>rm4_spi24__pins.obj</name>
      </input_file>
      <input_file id="fl-3b">
         <path>..\LIB\</path>
         <kind>archive</kind>
         <file>LFW548__RLOOP__BSP.lib</file>
         <name>stepper_drive.obj</name>
      </input_file>
      <input_file id="fl-3c">
         <path>..\LIB\</path>
         <kind>archive</kind>
         <file>LFW548__RLOOP__BSP.lib</file>
         <name>stepper_drive__acceleration_profile_sm.obj</name>
      </input_file>
      <input_file id="fl-3d">
         <path>..\LIB\</path>
         <kind>archive</kind>
         <file>LFW548__RLOOP__BSP.lib</file>
         <name>stepper_drive__axis_system.obj</name>
      </input_file>
      <input_file id="fl-3e">
         <path>..\LIB\</path>
         <kind>archive</kind>
         <file>LFW548__RLOOP__BSP.lib</file>
         <name>stepper_drive__single_step_sm.obj</name>
      </input_file>
      <input_file id="fl-3f">
         <path>..\LIB\</path>
         <kind>archive</kind>
         <file>LFW548__RLOOP__BSP.lib</file>
         <name>stepper_drive__memory.obj</name>
      </input_file>
      <input_file id="fl-40">
         <path>..\LIB\</path>
         <kind>archive</kind>
         <file>LFW548__RLOOP__BSP.lib</file>
         <name>stepper_drive__limits.obj</name>
      </input_file>
      <input_file id="fl-41">
         <path>..\LIB\</path>
         <kind>archive</kind>
         <file>LFW548__RLOOP__BSP.lib</file>
         <name>stepper_drive__home.obj</name>
      </input_file>
      <input_file id="fl-42">
         <path>..\LIB\</path>
         <kind>archive</kind>
         <file>LFW548__RLOOP__BSP.lib</file>
         <name>eeprom_params.obj</name>
      </input_file>
      <input_file id="fl-43">
         <path>..\LIB\</path>
         <kind>archive</kind>
         <file>LFW548__RLOOP__BSP.lib</file>
         <name>numerical__float.obj</name>
      </input_file>
      <input_file id="fl-44">
         <path>..\LIB\</path>
         <kind>archive</kind>
         <file>LFW548__RLOOP__BSP.lib</file>
         <name>numerical__abs.obj</name>
      </input_file>
      <input_file id="fl-45">
         <path>..\LIB\</path>
         <kind>archive</kind>
         <file>LFW548__RLOOP__BSP.lib</file>
         <name>rm4_n2het.obj</name>
      </input_file>
      <input_file id="fl-46">
         <path>..\LIB\</path>
         <kind>archive</kind>
         <file>LFW548__RLOOP__BSP.lib</file>
         <name>rm4_n2het__user_template.obj</name>
      </input_file>
      <input_file id="fl-47">
         <path>..\LIB\</path>
         <kind>archive</kind>
         <file>LFW548__RLOOP__BSP.lib</file>
         <name>rm4_n2het__program.obj</name>
      </input_file>
      <input_file id="fl-48">
         <path>..\LIB\</path>
         <kind>archive</kind>
         <file>LFW548__RLOOP__BSP.lib</file>
         <name>rm4_eeprom.obj</name>
      </input_file>
      <input_file id="fl-49">
         <path>..\LIB\</path>
         <kind>archive</kind>
         <file>LFW548__RLOOP__BSP.lib</file>
         <name>rm4_dma__notifications.obj</name>
      </input_file>
      <input_file id="fl-4a">
         <path>..\LIB\</path>
         <kind>archive</kind>
         <file>LFW548__RLOOP__BSP.lib</file>
         <name>rm4_delays.obj</name>
      </input_file>
      <input_file id="fl-4b">
         <path>..\LIB\</path>
         <kind>archive</kind>
         <file>LFW548__RLOOP__BSP.lib</file>
         <name>rm4_flash.obj</name>
      </input_file>
      <input_file id="fl-4c">
         <path>D:\TI\ccsv6\tools\compiler\arm_15.12.3.LTS\lib\</path>
         <kind>archive</kind>
         <file>rtsv7R4_T_le_v3D16_eabi.lib</file>
         <name>copy_decompress_none.obj</name>
      </input_file>
      <input_file id="fl-4d">
         <path>D:\TI\ccsv6\tools\compiler\arm_15.12.3.LTS\lib\</path>
         <kind>archive</kind>
         <file>rtsv7R4_T_le_v3D16_eabi.lib</file>
         <name>copy_decompress_rle.obj</name>
      </input_file>
      <input_file id="fl-4e">
         <path>D:\TI\ccsv6\tools\compiler\arm_15.12.3.LTS\lib\</path>
         <kind>archive</kind>
         <file>rtsv7R4_T_le_v3D16_eabi.lib</file>
         <name>copy_zero_init.obj</name>
      </input_file>
      <input_file id="fl-4f">
         <path>D:\TI\ccsv6\tools\compiler\arm_15.12.3.LTS\lib\</path>
         <kind>archive</kind>
         <file>rtsv7R4_T_le_v3D16_eabi.lib</file>
         <name>cpy_tbl.obj</name>
      </input_file>
      <input_file id="fl-50">
         <path>D:\TI\ccsv6\tools\compiler\arm_15.12.3.LTS\lib\</path>
         <kind>archive</kind>
         <file>rtsv7R4_T_le_v3D16_eabi.lib</file>
         <name>e_log.obj</name>
      </input_file>
      <input_file id="fl-51">
         <path>D:\TI\ccsv6\tools\compiler\arm_15.12.3.LTS\lib\</path>
         <kind>archive</kind>
         <file>rtsv7R4_T_le_v3D16_eabi.lib</file>
         <name>e_sqrt.obj</name>
      </input_file>
      <input_file id="fl-52">
         <path>D:\TI\ccsv6\tools\compiler\arm_15.12.3.LTS\lib\</path>
         <kind>archive</kind>
         <file>rtsv7R4_T_le_v3D16_eabi.lib</file>
         <name>e_sqrtf.obj</name>
      </input_file>
      <input_file id="fl-53">
         <path>D:\TI\ccsv6\tools\compiler\arm_15.12.3.LTS\lib\</path>
         <kind>archive</kind>
         <file>rtsv7R4_T_le_v3D16_eabi.lib</file>
         <name>errno.obj</name>
      </input_file>
      <input_file id="fl-54">
         <path>D:\TI\ccsv6\tools\compiler\arm_15.12.3.LTS\lib\</path>
         <kind>archive</kind>
         <file>rtsv7R4_T_le_v3D16_eabi.lib</file>
         <name>exit.obj</name>
      </input_file>
      <input_file id="fl-55">
         <path>D:\TI\ccsv6\tools\compiler\arm_15.12.3.LTS\lib\</path>
         <kind>archive</kind>
         <file>rtsv7R4_T_le_v3D16_eabi.lib</file>
         <name>i_div32.obj</name>
      </input_file>
      <input_file id="fl-56">
         <path>D:\TI\ccsv6\tools\compiler\arm_15.12.3.LTS\lib\</path>
         <kind>archive</kind>
         <file>rtsv7R4_T_le_v3D16_eabi.lib</file>
         <name>memcpy_t2.obj</name>
      </input_file>
      <input_file id="fl-57">
         <path>D:\TI\ccsv6\tools\compiler\arm_15.12.3.LTS\lib\</path>
         <kind>archive</kind>
         <file>rtsv7R4_T_le_v3D16_eabi.lib</file>
         <name>memset_t2.obj</name>
      </input_file>
      <input_file id="fl-58">
         <path>D:\TI\ccsv6\tools\compiler\arm_15.12.3.LTS\lib\</path>
         <kind>archive</kind>
         <file>rtsv7R4_T_le_v3D16_eabi.lib</file>
         <name>_lock.obj</name>
      </input_file>
      <input_file id="fl-59">
         <path>D:\TI\ccsv6\tools\compiler\arm_15.12.3.LTS\lib\</path>
         <kind>archive</kind>
         <file>rtsv7R4_T_le_v3D16_eabi.lib</file>
         <name>i_div0.obj</name>
      </input_file>
      <input_file id="fl-5a">
         <path>D:\LOCKIE\DESIGN\RLOOP\FIRMWARE\COMMON_CODE\RM4\LCCM135__RM4__FLASH\F021_Flash_API\V2.00.01\Libraries\</path>
         <kind>archive</kind>
         <file>F021_API_CortexR4_LE_V3D16.lib</file>
         <name>Async.WithAddress.obj</name>
      </input_file>
      <input_file id="fl-5b">
         <path>D:\LOCKIE\DESIGN\RLOOP\FIRMWARE\COMMON_CODE\RM4\LCCM135__RM4__FLASH\F021_Flash_API\V2.00.01\Libraries\</path>
         <kind>archive</kind>
         <file>F021_API_CortexR4_LE_V3D16.lib</file>
         <name>FlashStateMachine.EnableEepromSectors.obj</name>
      </input_file>
      <input_file id="fl-5c">
         <path>D:\LOCKIE\DESIGN\RLOOP\FIRMWARE\COMMON_CODE\RM4\LCCM135__RM4__FLASH\F021_Flash_API\V2.00.01\Libraries\</path>
         <kind>archive</kind>
         <file>F021_API_CortexR4_LE_V3D16.lib</file>
         <name>FlashStateMachine.EnableMainSectors.obj</name>
      </input_file>
      <input_file id="fl-5d">
         <path>D:\LOCKIE\DESIGN\RLOOP\FIRMWARE\COMMON_CODE\RM4\LCCM135__RM4__FLASH\F021_Flash_API\V2.00.01\Libraries\</path>
         <kind>archive</kind>
         <file>F021_API_CortexR4_LE_V3D16.lib</file>
         <name>FlashStateMachine.InitializeFlashBanks.obj</name>
      </input_file>
      <input_file id="fl-5e">
         <path>D:\LOCKIE\DESIGN\RLOOP\FIRMWARE\COMMON_CODE\RM4\LCCM135__RM4__FLASH\F021_Flash_API\V2.00.01\Libraries\</path>
         <kind>archive</kind>
         <file>F021_API_CortexR4_LE_V3D16.lib</file>
         <name>FlashStateMachine.IssueFsmCommand.obj</name>
      </input_file>
      <input_file id="fl-5f">
         <path>D:\LOCKIE\DESIGN\RLOOP\FIRMWARE\COMMON_CODE\RM4\LCCM135__RM4__FLASH\F021_Flash_API\V2.00.01\Libraries\</path>
         <kind>archive</kind>
         <file>F021_API_CortexR4_LE_V3D16.lib</file>
         <name>FlashStateMachine.ScaleFclk.obj</name>
      </input_file>
      <input_file id="fl-60">
         <path>D:\LOCKIE\DESIGN\RLOOP\FIRMWARE\COMMON_CODE\RM4\LCCM135__RM4__FLASH\F021_Flash_API\V2.00.01\Libraries\</path>
         <kind>archive</kind>
         <file>F021_API_CortexR4_LE_V3D16.lib</file>
         <name>FlashStateMachine.SetActiveBank.obj</name>
      </input_file>
      <input_file id="fl-61">
         <path>D:\LOCKIE\DESIGN\RLOOP\FIRMWARE\COMMON_CODE\RM4\LCCM135__RM4__FLASH\F021_Flash_API\V2.00.01\Libraries\</path>
         <kind>archive</kind>
         <file>F021_API_CortexR4_LE_V3D16.lib</file>
         <name>Program.obj</name>
      </input_file>
      <input_file id="fl-62">
         <path>D:\LOCKIE\DESIGN\RLOOP\FIRMWARE\COMMON_CODE\RM4\LCCM135__RM4__FLASH\F021_Flash_API\V2.00.01\Libraries\</path>
         <kind>archive</kind>
         <file>F021_API_CortexR4_LE_V3D16.lib</file>
         <name>Utilities.CalculateEcc.obj</name>
      </input_file>
      <input_file id="fl-63">
         <path>D:\LOCKIE\DESIGN\RLOOP\FIRMWARE\COMMON_CODE\RM4\LCCM135__RM4__FLASH\F021_Flash_API\V2.00.01\Libraries\</path>
         <kind>archive</kind>
         <file>F021_API_CortexR4_LE_V3D16.lib</file>
         <name>Utilities.CalculateFletcher.obj</name>
      </input_file>
   </input_file_list>
   <object_component_list>
      <object_component id="oc-27">
         <name>.intvecs</name>
         <load_address>0x0</load_address>
         <run_address>0x0</run_address>
         <size>0x20</size>
         <input_file_ref idref="fl-6"/>
      </object_component>
      <object_component id="oc-ac">
         <name>.text</name>
         <load_address>0x2c</load_address>
         <run_address>0x2c</run_address>
         <size>0xfc8</size>
         <input_file_ref idref="fl-2a"/>
      </object_component>
      <object_component id="oc-250">
         <name>.text</name>
         <load_address>0xff4</load_address>
         <run_address>0xff4</run_address>
         <size>0xae4</size>
         <input_file_ref idref="fl-3a"/>
      </object_component>
      <object_component id="oc-21d">
         <name>.text</name>
         <load_address>0x1ad8</load_address>
         <run_address>0x1ad8</run_address>
         <size>0x940</size>
         <input_file_ref idref="fl-39"/>
      </object_component>
      <object_component id="oc-f7">
         <name>.text</name>
         <load_address>0x2418</load_address>
         <run_address>0x2418</run_address>
         <size>0x7f8</size>
         <input_file_ref idref="fl-30"/>
      </object_component>
      <object_component id="oc-a6">
         <name>.text</name>
         <load_address>0x2c10</load_address>
         <run_address>0x2c10</run_address>
         <size>0x7a4</size>
         <input_file_ref idref="fl-28"/>
      </object_component>
      <object_component id="oc-15d">
         <name>.text</name>
         <load_address>0x33b4</load_address>
         <run_address>0x33b4</run_address>
         <size>0x714</size>
         <input_file_ref idref="fl-25"/>
      </object_component>
      <object_component id="oc-25c">
         <name>.text</name>
         <load_address>0x3ac8</load_address>
         <run_address>0x3ac8</run_address>
         <size>0x59c</size>
         <input_file_ref idref="fl-35"/>
      </object_component>
      <object_component id="oc-151">
         <name>.text</name>
         <load_address>0x4064</load_address>
         <run_address>0x4064</run_address>
         <size>0x550</size>
         <input_file_ref idref="fl-2b"/>
      </object_component>
      <object_component id="oc-3e">
         <name>.text:retain</name>
         <load_address>0x45b4</load_address>
         <run_address>0x45b4</run_address>
         <size>0x504</size>
         <input_file_ref idref="fl-2b"/>
      </object_component>
      <object_component id="oc-33">
         <name>.text</name>
         <load_address>0x4ab8</load_address>
         <run_address>0x4ab8</run_address>
         <size>0x3dc</size>
         <input_file_ref idref="fl-29"/>
      </object_component>
      <object_component id="oc-96">
         <name>.text</name>
         <load_address>0x4e94</load_address>
         <run_address>0x4e94</run_address>
         <size>0x3c4</size>
         <input_file_ref idref="fl-4"/>
      </object_component>
      <object_component id="oc-13d">
         <name>.text</name>
         <load_address>0x5258</load_address>
         <run_address>0x5258</run_address>
         <size>0x3c0</size>
         <input_file_ref idref="fl-38"/>
      </object_component>
      <object_component id="oc-fd">
         <name>.text</name>
         <load_address>0x5618</load_address>
         <run_address>0x5618</run_address>
         <size>0x380</size>
         <input_file_ref idref="fl-2f"/>
      </object_component>
      <object_component id="oc-a0">
         <name>.text</name>
         <load_address>0x5998</load_address>
         <run_address>0x5998</run_address>
         <size>0x35c</size>
         <input_file_ref idref="fl-2d"/>
      </object_component>
      <object_component id="oc-65">
         <name>.text:retain</name>
         <load_address>0x5cf4</load_address>
         <run_address>0x5cf4</run_address>
         <size>0x358</size>
         <input_file_ref idref="fl-36"/>
      </object_component>
      <object_component id="oc-256">
         <name>.text</name>
         <load_address>0x604c</load_address>
         <run_address>0x604c</run_address>
         <size>0x340</size>
         <input_file_ref idref="fl-33"/>
      </object_component>
      <object_component id="oc-59">
         <name>.text:retain</name>
         <load_address>0x638c</load_address>
         <run_address>0x638c</run_address>
         <size>0x338</size>
         <input_file_ref idref="fl-32"/>
      </object_component>
      <object_component id="oc-b2">
         <name>.text</name>
         <load_address>0x66c4</load_address>
         <run_address>0x66c4</run_address>
         <size>0x300</size>
         <input_file_ref idref="fl-27"/>
      </object_component>
      <object_component id="oc-9b">
         <name>.text</name>
         <load_address>0x69c4</load_address>
         <run_address>0x69c4</run_address>
         <size>0x300</size>
         <input_file_ref idref="fl-7"/>
      </object_component>
      <object_component id="oc-5f">
         <name>.text:retain</name>
         <load_address>0x6cc4</load_address>
         <run_address>0x6cc4</run_address>
         <size>0x2b8</size>
         <input_file_ref idref="fl-34"/>
      </object_component>
      <object_component id="oc-ea">
         <name>.text</name>
         <load_address>0x6f7c</load_address>
         <run_address>0x6f7c</run_address>
         <size>0x2a4</size>
         <input_file_ref idref="fl-2e"/>
      </object_component>
      <object_component id="oc-32">
         <name>.text:retain</name>
         <load_address>0x7220</load_address>
         <run_address>0x7220</run_address>
         <size>0x2a0</size>
         <input_file_ref idref="fl-29"/>
      </object_component>
      <object_component id="oc-dc">
         <name>.text</name>
         <load_address>0x74c0</load_address>
         <run_address>0x74c0</run_address>
         <size>0x21c</size>
         <input_file_ref idref="fl-1a"/>
      </object_component>
      <object_component id="oc-6b">
         <name>.text:retain</name>
         <load_address>0x76dc</load_address>
         <run_address>0x76dc</run_address>
         <size>0x1ec</size>
         <input_file_ref idref="fl-37"/>
      </object_component>
      <object_component id="oc-213">
         <name>.text</name>
         <load_address>0x78c8</load_address>
         <run_address>0x78c8</run_address>
         <size>0x1b8</size>
         <input_file_ref idref="fl-31"/>
      </object_component>
      <object_component id="oc-53">
         <name>.text:retain</name>
         <load_address>0x7a80</load_address>
         <run_address>0x7a80</run_address>
         <size>0x174</size>
         <input_file_ref idref="fl-2f"/>
      </object_component>
      <object_component id="oc-144">
         <name>.text</name>
         <load_address>0x7bf4</load_address>
         <run_address>0x7bf4</run_address>
         <size>0x114</size>
         <input_file_ref idref="fl-8"/>
      </object_component>
      <object_component id="oc-21">
         <name>.text:retain</name>
         <load_address>0x7d08</load_address>
         <run_address>0x7d08</run_address>
         <size>0xfc</size>
         <input_file_ref idref="fl-27"/>
      </object_component>
      <object_component id="oc-b9">
         <name>.text</name>
         <load_address>0x7e04</load_address>
         <run_address>0x7e04</run_address>
         <size>0xe8</size>
         <input_file_ref idref="fl-5"/>
      </object_component>
      <object_component id="oc-4d">
         <name>.text:retain</name>
         <load_address>0x7eec</load_address>
         <run_address>0x7eec</run_address>
         <size>0xe0</size>
         <input_file_ref idref="fl-2e"/>
      </object_component>
      <object_component id="oc-2c">
         <name>.text:retain</name>
         <load_address>0x7fcc</load_address>
         <run_address>0x7fcc</run_address>
         <size>0xa0</size>
         <input_file_ref idref="fl-26"/>
      </object_component>
      <object_component id="oc-71">
         <name>.text</name>
         <load_address>0x806c</load_address>
         <run_address>0x806c</run_address>
         <size>0x9c</size>
         <input_file_ref idref="fl-56"/>
      </object_component>
      <object_component id="oc-104">
         <name>.text</name>
         <load_address>0x8108</load_address>
         <run_address>0x8108</run_address>
         <size>0x94</size>
         <input_file_ref idref="fl-32"/>
      </object_component>
      <object_component id="oc-8a">
         <name>.text</name>
         <load_address>0x819c</load_address>
         <run_address>0x819c</run_address>
         <size>0x7a</size>
         <input_file_ref idref="fl-57"/>
      </object_component>
      <object_component id="oc-7d">
         <name>.text</name>
         <load_address>0x8216</load_address>
         <run_address>0x8216</run_address>
         <size>0x6a</size>
         <input_file_ref idref="fl-4d"/>
      </object_component>
      <object_component id="oc-169">
         <name>.text</name>
         <load_address>0x8280</load_address>
         <run_address>0x8280</run_address>
         <size>0x50</size>
         <input_file_ref idref="fl-54"/>
      </object_component>
      <object_component id="oc-157">
         <name>.text</name>
         <load_address>0x82d0</load_address>
         <run_address>0x82d0</run_address>
         <size>0x4c</size>
         <input_file_ref idref="fl-4f"/>
      </object_component>
      <object_component id="oc-ca">
         <name>.text</name>
         <load_address>0x831c</load_address>
         <run_address>0x831c</run_address>
         <size>0x20</size>
         <input_file_ref idref="fl-2c"/>
      </object_component>
      <object_component id="oc-114">
         <name>.text</name>
         <load_address>0x833c</load_address>
         <run_address>0x833c</run_address>
         <size>0x18</size>
         <input_file_ref idref="fl-46"/>
      </object_component>
      <object_component id="oc-176">
         <name>.text</name>
         <load_address>0x8354</load_address>
         <run_address>0x8354</run_address>
         <size>0x18</size>
         <input_file_ref idref="fl-26"/>
      </object_component>
      <object_component id="oc-11e">
         <name>.text</name>
         <load_address>0x836c</load_address>
         <run_address>0x836c</run_address>
         <size>0x14</size>
         <input_file_ref idref="fl-49"/>
      </object_component>
      <object_component id="oc-27c">
         <name>.text</name>
         <load_address>0x8380</load_address>
         <run_address>0x8380</run_address>
         <size>0x14</size>
         <input_file_ref idref="fl-58"/>
      </object_component>
      <object_component id="oc-f1">
         <name>.text</name>
         <load_address>0x8394</load_address>
         <run_address>0x8394</run_address>
         <size>0x10</size>
         <input_file_ref idref="fl-a"/>
      </object_component>
      <object_component id="oc-163">
         <name>.text</name>
         <load_address>0x83a4</load_address>
         <run_address>0x83a4</run_address>
         <size>0x10</size>
         <input_file_ref idref="fl-2"/>
      </object_component>
      <object_component id="oc-f">
         <name>.text:decompress:none</name>
         <load_address>0x83b4</load_address>
         <run_address>0x83b4</run_address>
         <size>0xe</size>
         <input_file_ref idref="fl-4c"/>
      </object_component>
      <object_component id="oc-15">
         <name>.text:decompress:rle24</name>
         <load_address>0x83c2</load_address>
         <run_address>0x83c2</run_address>
         <size>0x6</size>
         <input_file_ref idref="fl-4d"/>
      </object_component>
      <object_component id="oc-47">
         <name>.text:retain</name>
         <load_address>0x83c8</load_address>
         <run_address>0x83c8</run_address>
         <size>0x4</size>
         <input_file_ref idref="fl-2d"/>
      </object_component>
      <object_component id="oc-40">
         <name>.const:s_vim_init</name>
         <load_address>0x83cc</load_address>
         <run_address>0x83cc</run_address>
         <size>0x204</size>
         <input_file_ref idref="fl-29"/>
      </object_component>
      <object_component id="oc-2bd">
         <name>.cinit..data.load</name>
         <load_address>0x85d0</load_address>
         <run_address>0x85d0</run_address>
         <size>0x15</size>
      </object_component>
      <object_component id="oc-2bc">
         <name>.cinit..bss.load</name>
         <load_address>0x85e8</load_address>
         <run_address>0x85e8</run_address>
         <size>0xb</size>
      </object_component>
      <object_component id="oc-2ba">
         <name>__TI_handler_table</name>
         <load_address>0x85f4</load_address>
         <run_address>0x85f4</run_address>
         <size>0x8</size>
      </object_component>
      <object_component id="oc-2bb">
         <name>__TI_cinit_table</name>
         <load_address>0x85fc</load_address>
         <run_address>0x85fc</run_address>
         <size>0x10</size>
      </object_component>
      <object_component id="oc-10a">
         <name>.common:g_sciTransfer_t</name>
         <uninitialized>true</uninitialized>
         <run_address>0x80032ec</run_address>
         <size>0x28</size>
      </object_component>
      <object_component id="oc-124">
         <name>.common:sRM4DMA</name>
         <uninitialized>true</uninitialized>
         <run_address>0x8003344</run_address>
         <size>0x10</size>
      </object_component>
      <object_component id="oc-149">
         <name>.common:sBIST</name>
         <uninitialized>true</uninitialized>
         <run_address>0x8003354</run_address>
         <size>0xc</size>
      </object_component>
      <object_component id="oc-14d">
         <name>.common:sRM4ST</name>
         <uninitialized>true</uninitialized>
         <run_address>0x8003360</run_address>
         <size>0xc</size>
      </object_component>
      <object_component id="oc-e2">
         <name>.common:sESM</name>
         <uninitialized>true</uninitialized>
         <run_address>0x8003314</run_address>
         <size>0x18</size>
      </object_component>
      <object_component id="oc-223">
         <name>.common:sRTI</name>
         <uninitialized>true</uninitialized>
         <run_address>0x8003258</run_address>
         <size>0x94</size>
      </object_component>
      <object_component id="oc-266">
         <name>.common:sRTI_CLK</name>
         <uninitialized>true</uninitialized>
         <run_address>0x800332c</run_address>
         <size>0x18</size>
      </object_component>
      <object_component id="oc-265">
         <name>.common:f32_FIT</name>
         <uninitialized>true</uninitialized>
         <run_address>0x800336c</run_address>
         <size>0x4</size>
      </object_component>
      <object_component id="oc-219">
         <name>.common:sStepDrive</name>
         <uninitialized>true</uninitialized>
         <run_address>0x8003000</run_address>
         <size>0x148</size>
      </object_component>
      <object_component id="oc-11a">
         <name>.common:sN2HET</name>
         <uninitialized>true</uninitialized>
         <run_address>0x8003148</run_address>
         <size>0x110</size>
      </object_component>
      <object_component id="oc-240">
         <name>.data:$O1$$</name>
         <load_address>0x8003370</load_address>
         <run_address>0x8003370</run_address>
         <size>0xc</size>
         <input_file_ref idref="fl-54"/>
      </object_component>
      <object_component id="oc-243">
         <name>.data:$O1$$</name>
         <load_address>0x800337c</load_address>
         <run_address>0x800337c</run_address>
         <size>0x8</size>
         <input_file_ref idref="fl-58"/>
      </object_component>
      <object_component id="oc-17e">
         <name>.debug_info</name>
         <load_address>0x0</load_address>
         <run_address>0x0</run_address>
         <size>0x478</size>
         <input_file_ref idref="fl-2"/>
      </object_component>
      <object_component id="oc-164">
         <name>.debug_info</name>
         <load_address>0x478</load_address>
         <run_address>0x478</run_address>
         <size>0x13f</size>
         <input_file_ref idref="fl-2"/>
      </object_component>
      <object_component id="oc-c0">
         <name>.debug_info</name>
         <load_address>0x5b7</load_address>
         <run_address>0x5b7</run_address>
         <size>0x281</size>
         <input_file_ref idref="fl-2"/>
      </object_component>
      <object_component id="oc-188">
         <name>.debug_info</name>
         <load_address>0x838</load_address>
         <run_address>0x838</run_address>
         <size>0xe56</size>
         <input_file_ref idref="fl-2"/>
      </object_component>
      <object_component id="oc-19c">
         <name>.debug_info</name>
         <load_address>0x168e</load_address>
         <run_address>0x168e</run_address>
         <size>0x52b</size>
         <input_file_ref idref="fl-2"/>
      </object_component>
      <object_component id="oc-1c4">
         <name>.debug_info</name>
         <load_address>0x1bb9</load_address>
         <run_address>0x1bb9</run_address>
         <size>0x18d</size>
         <input_file_ref idref="fl-2"/>
      </object_component>
      <object_component id="oc-1ab">
         <name>.debug_info</name>
         <load_address>0x1d46</load_address>
         <run_address>0x1d46</run_address>
         <size>0x752</size>
         <input_file_ref idref="fl-2"/>
      </object_component>
      <object_component id="oc-d6">
         <name>.debug_info</name>
         <load_address>0x2498</load_address>
         <run_address>0x2498</run_address>
         <size>0x438</size>
         <input_file_ref idref="fl-2"/>
      </object_component>
      <object_component id="oc-18d">
         <name>.debug_info</name>
         <load_address>0x28d0</load_address>
         <run_address>0x28d0</run_address>
         <size>0xd26</size>
         <input_file_ref idref="fl-2"/>
      </object_component>
      <object_component id="oc-23a">
         <name>.debug_info</name>
         <load_address>0x35f6</load_address>
         <run_address>0x35f6</run_address>
         <size>0x75</size>
         <input_file_ref idref="fl-2"/>
      </object_component>
      <object_component id="oc-10e">
         <name>.debug_info</name>
         <load_address>0x366b</load_address>
         <run_address>0x366b</run_address>
         <size>0x1a4</size>
         <input_file_ref idref="fl-2"/>
      </object_component>
      <object_component id="oc-20d">
         <name>.debug_info</name>
         <load_address>0x380f</load_address>
         <run_address>0x380f</run_address>
         <size>0x1a0</size>
         <input_file_ref idref="fl-2"/>
      </object_component>
      <object_component id="oc-28f">
         <name>.debug_info</name>
         <load_address>0x39af</load_address>
         <run_address>0x39af</run_address>
         <size>0x3e3</size>
         <input_file_ref idref="fl-2"/>
      </object_component>
      <object_component id="oc-289">
         <name>.debug_info</name>
         <load_address>0x3d92</load_address>
         <run_address>0x3d92</run_address>
         <size>0x32b</size>
         <input_file_ref idref="fl-2"/>
      </object_component>
      <object_component id="oc-1d8">
         <name>.debug_info</name>
         <load_address>0x40bd</load_address>
         <run_address>0x40bd</run_address>
         <size>0x7f7</size>
         <input_file_ref idref="fl-2"/>
      </object_component>
      <object_component id="oc-1a1">
         <name>.debug_info</name>
         <load_address>0x48b4</load_address>
         <run_address>0x48b4</run_address>
         <size>0x39f</size>
         <input_file_ref idref="fl-2"/>
      </object_component>
      <object_component id="oc-183">
         <name>.debug_info</name>
         <load_address>0x4c53</load_address>
         <run_address>0x4c53</run_address>
         <size>0x5e</size>
         <input_file_ref idref="fl-2"/>
      </object_component>
      <object_component id="oc-1b0">
         <name>.debug_info</name>
         <load_address>0x4cb1</load_address>
         <run_address>0x4cb1</run_address>
         <size>0x25c5</size>
         <input_file_ref idref="fl-2"/>
      </object_component>
      <object_component id="oc-192">
         <name>.debug_info</name>
         <load_address>0x7276</load_address>
         <run_address>0x7276</run_address>
         <size>0x5f</size>
         <input_file_ref idref="fl-2"/>
      </object_component>
      <object_component id="oc-197">
         <name>.debug_info</name>
         <load_address>0x72d5</load_address>
         <run_address>0x72d5</run_address>
         <size>0x4da</size>
         <input_file_ref idref="fl-2"/>
      </object_component>
      <object_component id="oc-1a6">
         <name>.debug_info</name>
         <load_address>0x77af</load_address>
         <run_address>0x77af</run_address>
         <size>0x338</size>
         <input_file_ref idref="fl-2"/>
      </object_component>
      <object_component id="oc-c5">
         <name>.debug_info</name>
         <load_address>0x7ae7</load_address>
         <run_address>0x7ae7</run_address>
         <size>0x84</size>
         <input_file_ref idref="fl-2"/>
      </object_component>
      <object_component id="oc-d1">
         <name>.debug_info</name>
         <load_address>0x7b6b</load_address>
         <run_address>0x7b6b</run_address>
         <size>0xa1</size>
         <input_file_ref idref="fl-2"/>
      </object_component>
      <object_component id="oc-1e7">
         <name>.debug_info</name>
         <load_address>0x7c0c</load_address>
         <run_address>0x7c0c</run_address>
         <size>0x3c7</size>
         <input_file_ref idref="fl-2"/>
      </object_component>
      <object_component id="oc-1e2">
         <name>.debug_info</name>
         <load_address>0x7fd3</load_address>
         <run_address>0x7fd3</run_address>
         <size>0x200</size>
         <input_file_ref idref="fl-2"/>
      </object_component>
      <object_component id="oc-200">
         <name>.debug_info</name>
         <load_address>0x81d3</load_address>
         <run_address>0x81d3</run_address>
         <size>0x14f</size>
         <input_file_ref idref="fl-2"/>
      </object_component>
      <object_component id="oc-1f6">
         <name>.debug_info</name>
         <load_address>0x8322</load_address>
         <run_address>0x8322</run_address>
         <size>0x437</size>
         <input_file_ref idref="fl-2"/>
      </object_component>
      <object_component id="oc-1b5">
         <name>.debug_info</name>
         <load_address>0x8759</load_address>
         <run_address>0x8759</run_address>
         <size>0x5d7</size>
         <input_file_ref idref="fl-2"/>
      </object_component>
      <object_component id="oc-1ba">
         <name>.debug_info</name>
         <load_address>0x8d30</load_address>
         <run_address>0x8d30</run_address>
         <size>0x1ca</size>
         <input_file_ref idref="fl-2"/>
      </object_component>
      <object_component id="oc-1bf">
         <name>.debug_info</name>
         <load_address>0x8efa</load_address>
         <run_address>0x8efa</run_address>
         <size>0x18e</size>
         <input_file_ref idref="fl-2"/>
      </object_component>
      <object_component id="oc-1c9">
         <name>.debug_info</name>
         <load_address>0x9088</load_address>
         <run_address>0x9088</run_address>
         <size>0x1f2</size>
         <input_file_ref idref="fl-2"/>
      </object_component>
      <object_component id="oc-1ce">
         <name>.debug_info</name>
         <load_address>0x927a</load_address>
         <run_address>0x927a</run_address>
         <size>0x45e</size>
         <input_file_ref idref="fl-2"/>
      </object_component>
      <object_component id="oc-1d3">
         <name>.debug_info</name>
         <load_address>0x96d8</load_address>
         <run_address>0x96d8</run_address>
         <size>0x1d1</size>
         <input_file_ref idref="fl-2"/>
      </object_component>
      <object_component id="oc-1dd">
         <name>.debug_info</name>
         <load_address>0x98a9</load_address>
         <run_address>0x98a9</run_address>
         <size>0x3a4</size>
         <input_file_ref idref="fl-2"/>
      </object_component>
      <object_component id="oc-1ec">
         <name>.debug_info</name>
         <load_address>0x9c4d</load_address>
         <run_address>0x9c4d</run_address>
         <size>0x243</size>
         <input_file_ref idref="fl-2"/>
      </object_component>
      <object_component id="oc-1f1">
         <name>.debug_info</name>
         <load_address>0x9e90</load_address>
         <run_address>0x9e90</run_address>
         <size>0x26c</size>
         <input_file_ref idref="fl-2"/>
      </object_component>
      <object_component id="oc-1fb">
         <name>.debug_info</name>
         <load_address>0xa0fc</load_address>
         <run_address>0xa0fc</run_address>
         <size>0x7c5</size>
         <input_file_ref idref="fl-2"/>
      </object_component>
      <object_component id="oc-99">
         <name>.debug_info</name>
         <load_address>0xa8c1</load_address>
         <run_address>0xa8c1</run_address>
         <size>0x1056</size>
         <input_file_ref idref="fl-4"/>
      </object_component>
      <object_component id="oc-ba">
         <name>.debug_info</name>
         <load_address>0xb917</load_address>
         <run_address>0xb917</run_address>
         <size>0x190</size>
         <input_file_ref idref="fl-5"/>
      </object_component>
      <object_component id="oc-29">
         <name>.debug_info</name>
         <load_address>0xbaa7</load_address>
         <run_address>0xbaa7</run_address>
         <size>0x18f</size>
         <input_file_ref idref="fl-6"/>
      </object_component>
      <object_component id="oc-9d">
         <name>.debug_info</name>
         <load_address>0xbc36</load_address>
         <run_address>0xbc36</run_address>
         <size>0x846</size>
         <input_file_ref idref="fl-7"/>
      </object_component>
      <object_component id="oc-145">
         <name>.debug_info</name>
         <load_address>0xc47c</load_address>
         <run_address>0xc47c</run_address>
         <size>0x6cb</size>
         <input_file_ref idref="fl-8"/>
      </object_component>
      <object_component id="oc-f2">
         <name>.debug_info</name>
         <load_address>0xcb47</load_address>
         <run_address>0xcb47</run_address>
         <size>0x426</size>
         <input_file_ref idref="fl-a"/>
      </object_component>
      <object_component id="oc-180">
         <name>.debug_info</name>
         <load_address>0xcf6d</load_address>
         <run_address>0xcf6d</run_address>
         <size>0x497</size>
         <input_file_ref idref="fl-1a"/>
      </object_component>
      <object_component id="oc-dd">
         <name>.debug_info</name>
         <load_address>0xd404</load_address>
         <run_address>0xd404</run_address>
         <size>0x774</size>
         <input_file_ref idref="fl-1a"/>
      </object_component>
      <object_component id="oc-10b">
         <name>.debug_info</name>
         <load_address>0xdb78</load_address>
         <run_address>0xdb78</run_address>
         <size>0x4c6</size>
         <input_file_ref idref="fl-24"/>
      </object_component>
      <object_component id="oc-125">
         <name>.debug_info</name>
         <load_address>0xe03e</load_address>
         <run_address>0xe03e</run_address>
         <size>0x495</size>
         <input_file_ref idref="fl-25"/>
      </object_component>
      <object_component id="oc-15e">
         <name>.debug_info</name>
         <load_address>0xe4d3</load_address>
         <run_address>0xe4d3</run_address>
         <size>0x18b2</size>
         <input_file_ref idref="fl-25"/>
      </object_component>
      <object_component id="oc-177">
         <name>.debug_info</name>
         <load_address>0xfd85</load_address>
         <run_address>0xfd85</run_address>
         <size>0x225</size>
         <input_file_ref idref="fl-26"/>
      </object_component>
      <object_component id="oc-2d">
         <name>.debug_info</name>
         <load_address>0xffaa</load_address>
         <run_address>0xffaa</run_address>
         <size>0x25a</size>
         <input_file_ref idref="fl-26"/>
      </object_component>
      <object_component id="oc-170">
         <name>.debug_info</name>
         <load_address>0x10204</load_address>
         <run_address>0x10204</run_address>
         <size>0xdf3</size>
         <input_file_ref idref="fl-27"/>
      </object_component>
      <object_component id="oc-22">
         <name>.debug_info</name>
         <load_address>0x10ff7</load_address>
         <run_address>0x10ff7</run_address>
         <size>0x3bd</size>
         <input_file_ref idref="fl-27"/>
      </object_component>
      <object_component id="oc-b3">
         <name>.debug_info</name>
         <load_address>0x113b4</load_address>
         <run_address>0x113b4</run_address>
         <size>0x6ab</size>
         <input_file_ref idref="fl-27"/>
      </object_component>
      <object_component id="oc-171">
         <name>.debug_info</name>
         <load_address>0x11a5f</load_address>
         <run_address>0x11a5f</run_address>
         <size>0x2c</size>
         <input_file_ref idref="fl-27"/>
      </object_component>
      <object_component id="oc-14a">
         <name>.debug_info</name>
         <load_address>0x11a8b</load_address>
         <run_address>0x11a8b</run_address>
         <size>0x699</size>
         <input_file_ref idref="fl-28"/>
      </object_component>
      <object_component id="oc-a7">
         <name>.debug_info</name>
         <load_address>0x12124</load_address>
         <run_address>0x12124</run_address>
         <size>0xc4c</size>
         <input_file_ref idref="fl-28"/>
      </object_component>
      <object_component id="oc-e7">
         <name>.debug_info</name>
         <load_address>0x12d70</load_address>
         <run_address>0x12d70</run_address>
         <size>0xb38</size>
         <input_file_ref idref="fl-29"/>
      </object_component>
      <object_component id="oc-41">
         <name>.debug_info</name>
         <load_address>0x138a8</load_address>
         <run_address>0x138a8</run_address>
         <size>0x128</size>
         <input_file_ref idref="fl-29"/>
      </object_component>
      <object_component id="oc-34">
         <name>.debug_info</name>
         <load_address>0x139d0</load_address>
         <run_address>0x139d0</run_address>
         <size>0xae8</size>
         <input_file_ref idref="fl-29"/>
      </object_component>
      <object_component id="oc-39">
         <name>.debug_info</name>
         <load_address>0x144b8</load_address>
         <run_address>0x144b8</run_address>
         <size>0x303</size>
         <input_file_ref idref="fl-29"/>
      </object_component>
      <object_component id="oc-207">
         <name>.debug_info</name>
         <load_address>0x147bb</load_address>
         <run_address>0x147bb</run_address>
         <size>0x4f</size>
         <input_file_ref idref="fl-29"/>
      </object_component>
      <object_component id="oc-14e">
         <name>.debug_info</name>
         <load_address>0x1480a</load_address>
         <run_address>0x1480a</run_address>
         <size>0x536</size>
         <input_file_ref idref="fl-2a"/>
      </object_component>
      <object_component id="oc-ad">
         <name>.debug_info</name>
         <load_address>0x14d40</load_address>
         <run_address>0x14d40</run_address>
         <size>0x1f5d</size>
         <input_file_ref idref="fl-2a"/>
      </object_component>
      <object_component id="oc-e3">
         <name>.debug_info</name>
         <load_address>0x16c9d</load_address>
         <run_address>0x16c9d</run_address>
         <size>0x5a8</size>
         <input_file_ref idref="fl-2b"/>
      </object_component>
      <object_component id="oc-153">
         <name>.debug_info</name>
         <load_address>0x17245</load_address>
         <run_address>0x17245</run_address>
         <size>0x182c</size>
         <input_file_ref idref="fl-2b"/>
      </object_component>
      <object_component id="oc-43">
         <name>.debug_info</name>
         <load_address>0x18a71</load_address>
         <run_address>0x18a71</run_address>
         <size>0x72f</size>
         <input_file_ref idref="fl-2b"/>
      </object_component>
      <object_component id="oc-cd">
         <name>.debug_info</name>
         <load_address>0x191a0</load_address>
         <run_address>0x191a0</run_address>
         <size>0x3f2</size>
         <input_file_ref idref="fl-2c"/>
      </object_component>
      <object_component id="oc-a4">
         <name>.debug_info</name>
         <load_address>0x19592</load_address>
         <run_address>0x19592</run_address>
         <size>0x8f6</size>
         <input_file_ref idref="fl-2d"/>
      </object_component>
      <object_component id="oc-4b">
         <name>.debug_info</name>
         <load_address>0x19e88</load_address>
         <run_address>0x19e88</run_address>
         <size>0x1ec</size>
         <input_file_ref idref="fl-2d"/>
      </object_component>
      <object_component id="oc-4e">
         <name>.debug_info</name>
         <load_address>0x1a074</load_address>
         <run_address>0x1a074</run_address>
         <size>0x363</size>
         <input_file_ref idref="fl-2e"/>
      </object_component>
      <object_component id="oc-eb">
         <name>.debug_info</name>
         <load_address>0x1a3d7</load_address>
         <run_address>0x1a3d7</run_address>
         <size>0xce8</size>
         <input_file_ref idref="fl-2e"/>
      </object_component>
      <object_component id="oc-fe">
         <name>.debug_info</name>
         <load_address>0x1b0bf</load_address>
         <run_address>0x1b0bf</run_address>
         <size>0x7c3</size>
         <input_file_ref idref="fl-2f"/>
      </object_component>
      <object_component id="oc-54">
         <name>.debug_info</name>
         <load_address>0x1b882</load_address>
         <run_address>0x1b882</run_address>
         <size>0x91d</size>
         <input_file_ref idref="fl-2f"/>
      </object_component>
      <object_component id="oc-f8">
         <name>.debug_info</name>
         <load_address>0x1c19f</load_address>
         <run_address>0x1c19f</run_address>
         <size>0x6fa</size>
         <input_file_ref idref="fl-30"/>
      </object_component>
      <object_component id="oc-214">
         <name>.debug_info</name>
         <load_address>0x1c899</load_address>
         <run_address>0x1c899</run_address>
         <size>0xab9</size>
         <input_file_ref idref="fl-31"/>
      </object_component>
      <object_component id="oc-5a">
         <name>.debug_info</name>
         <load_address>0x1d352</load_address>
         <run_address>0x1d352</run_address>
         <size>0x7e1</size>
         <input_file_ref idref="fl-32"/>
      </object_component>
      <object_component id="oc-105">
         <name>.debug_info</name>
         <load_address>0x1db33</load_address>
         <run_address>0x1db33</run_address>
         <size>0x5a2</size>
         <input_file_ref idref="fl-32"/>
      </object_component>
      <object_component id="oc-294">
         <name>.debug_info</name>
         <load_address>0x1e0d5</load_address>
         <run_address>0x1e0d5</run_address>
         <size>0x48e</size>
         <input_file_ref idref="fl-33"/>
      </object_component>
      <object_component id="oc-257">
         <name>.debug_info</name>
         <load_address>0x1e563</load_address>
         <run_address>0x1e563</run_address>
         <size>0x904</size>
         <input_file_ref idref="fl-33"/>
      </object_component>
      <object_component id="oc-60">
         <name>.debug_info</name>
         <load_address>0x1ee67</load_address>
         <run_address>0x1ee67</run_address>
         <size>0x96a</size>
         <input_file_ref idref="fl-34"/>
      </object_component>
      <object_component id="oc-25d">
         <name>.debug_info</name>
         <load_address>0x1f7d1</load_address>
         <run_address>0x1f7d1</run_address>
         <size>0x143b</size>
         <input_file_ref idref="fl-35"/>
      </object_component>
      <object_component id="oc-66">
         <name>.debug_info</name>
         <load_address>0x20c0c</load_address>
         <run_address>0x20c0c</run_address>
         <size>0x7f2</size>
         <input_file_ref idref="fl-36"/>
      </object_component>
      <object_component id="oc-6c">
         <name>.debug_info</name>
         <load_address>0x213fe</load_address>
         <run_address>0x213fe</run_address>
         <size>0x66a</size>
         <input_file_ref idref="fl-37"/>
      </object_component>
      <object_component id="oc-13e">
         <name>.debug_info</name>
         <load_address>0x21a68</load_address>
         <run_address>0x21a68</run_address>
         <size>0x1ee</size>
         <input_file_ref idref="fl-38"/>
      </object_component>
      <object_component id="oc-224">
         <name>.debug_info</name>
         <load_address>0x21c56</load_address>
         <run_address>0x21c56</run_address>
         <size>0x53e</size>
         <input_file_ref idref="fl-39"/>
      </object_component>
      <object_component id="oc-21e">
         <name>.debug_info</name>
         <load_address>0x22194</load_address>
         <run_address>0x22194</run_address>
         <size>0xd84</size>
         <input_file_ref idref="fl-39"/>
      </object_component>
      <object_component id="oc-268">
         <name>.debug_info</name>
         <load_address>0x22f18</load_address>
         <run_address>0x22f18</run_address>
         <size>0x54</size>
         <input_file_ref idref="fl-39"/>
      </object_component>
      <object_component id="oc-251">
         <name>.debug_info</name>
         <load_address>0x22f6c</load_address>
         <run_address>0x22f6c</run_address>
         <size>0x2a33</size>
         <input_file_ref idref="fl-3a"/>
      </object_component>
      <object_component id="oc-21a">
         <name>.debug_info</name>
         <load_address>0x2599f</load_address>
         <run_address>0x2599f</run_address>
         <size>0x6ea</size>
         <input_file_ref idref="fl-3b"/>
      </object_component>
      <object_component id="oc-11b">
         <name>.debug_info</name>
         <load_address>0x26089</load_address>
         <run_address>0x26089</run_address>
         <size>0x4e3</size>
         <input_file_ref idref="fl-45"/>
      </object_component>
      <object_component id="oc-115">
         <name>.debug_info</name>
         <load_address>0x2656c</load_address>
         <run_address>0x2656c</run_address>
         <size>0x2f0</size>
         <input_file_ref idref="fl-46"/>
      </object_component>
      <object_component id="oc-11f">
         <name>.debug_info</name>
         <load_address>0x2685c</load_address>
         <run_address>0x2685c</run_address>
         <size>0x2bb</size>
         <input_file_ref idref="fl-49"/>
      </object_component>
      <object_component id="oc-7c">
         <name>.debug_info</name>
         <load_address>0x26b17</load_address>
         <run_address>0x26b17</run_address>
         <size>0x13c</size>
         <input_file_ref idref="fl-4c"/>
      </object_component>
      <object_component id="oc-12">
         <name>.debug_info</name>
         <load_address>0x26c53</load_address>
         <run_address>0x26c53</run_address>
         <size>0x1cb</size>
         <input_file_ref idref="fl-4c"/>
      </object_component>
      <object_component id="oc-77">
         <name>.debug_info</name>
         <load_address>0x26e1e</load_address>
         <run_address>0x26e1e</run_address>
         <size>0x46</size>
         <input_file_ref idref="fl-4c"/>
      </object_component>
      <object_component id="oc-129">
         <name>.debug_info</name>
         <load_address>0x26e64</load_address>
         <run_address>0x26e64</run_address>
         <size>0x2c</size>
         <input_file_ref idref="fl-4c"/>
      </object_component>
      <object_component id="oc-84">
         <name>.debug_info</name>
         <load_address>0x26e90</load_address>
         <run_address>0x26e90</run_address>
         <size>0x135</size>
         <input_file_ref idref="fl-4d"/>
      </object_component>
      <object_component id="oc-7f">
         <name>.debug_info</name>
         <load_address>0x26fc5</load_address>
         <run_address>0x26fc5</run_address>
         <size>0x248</size>
         <input_file_ref idref="fl-4d"/>
      </object_component>
      <object_component id="oc-16">
         <name>.debug_info</name>
         <load_address>0x2720d</load_address>
         <run_address>0x2720d</run_address>
         <size>0x1b2</size>
         <input_file_ref idref="fl-4d"/>
      </object_component>
      <object_component id="oc-85">
         <name>.debug_info</name>
         <load_address>0x273bf</load_address>
         <run_address>0x273bf</run_address>
         <size>0x39</size>
         <input_file_ref idref="fl-4d"/>
      </object_component>
      <object_component id="oc-133">
         <name>.debug_info</name>
         <load_address>0x273f8</load_address>
         <run_address>0x273f8</run_address>
         <size>0x2c</size>
         <input_file_ref idref="fl-4d"/>
      </object_component>
      <object_component id="oc-238">
         <name>.debug_info</name>
         <load_address>0x27424</load_address>
         <run_address>0x27424</run_address>
         <size>0x1e1</size>
         <input_file_ref idref="fl-4f"/>
      </object_component>
      <object_component id="oc-158">
         <name>.debug_info</name>
         <load_address>0x27605</load_address>
         <run_address>0x27605</run_address>
         <size>0x184</size>
         <input_file_ref idref="fl-4f"/>
      </object_component>
      <object_component id="oc-270">
         <name>.debug_info</name>
         <load_address>0x27789</load_address>
         <run_address>0x27789</run_address>
         <size>0x2c</size>
         <input_file_ref idref="fl-4f"/>
      </object_component>
      <object_component id="oc-275">
         <name>.debug_info</name>
         <load_address>0x277b5</load_address>
         <run_address>0x277b5</run_address>
         <size>0xcd</size>
         <input_file_ref idref="fl-4f"/>
      </object_component>
      <object_component id="oc-247">
         <name>.debug_info</name>
         <load_address>0x27882</load_address>
         <run_address>0x27882</run_address>
         <size>0x235</size>
         <input_file_ref idref="fl-54"/>
      </object_component>
      <object_component id="oc-241">
         <name>.debug_info</name>
         <load_address>0x27ab7</load_address>
         <run_address>0x27ab7</run_address>
         <size>0x186</size>
         <input_file_ref idref="fl-54"/>
      </object_component>
      <object_component id="oc-16a">
         <name>.debug_info</name>
         <load_address>0x27c3d</load_address>
         <run_address>0x27c3d</run_address>
         <size>0x215</size>
         <input_file_ref idref="fl-54"/>
      </object_component>
      <object_component id="oc-73">
         <name>.debug_info</name>
         <load_address>0x27e52</load_address>
         <run_address>0x27e52</run_address>
         <size>0x112</size>
         <input_file_ref idref="fl-56"/>
      </object_component>
      <object_component id="oc-8b">
         <name>.debug_info</name>
         <load_address>0x27f64</load_address>
         <run_address>0x27f64</run_address>
         <size>0x140</size>
         <input_file_ref idref="fl-57"/>
      </object_component>
      <object_component id="oc-284">
         <name>.debug_info</name>
         <load_address>0x280a4</load_address>
         <run_address>0x280a4</run_address>
         <size>0x125</size>
         <input_file_ref idref="fl-58"/>
      </object_component>
      <object_component id="oc-244">
         <name>.debug_info</name>
         <load_address>0x281c9</load_address>
         <run_address>0x281c9</run_address>
         <size>0x114</size>
         <input_file_ref idref="fl-58"/>
      </object_component>
      <object_component id="oc-27d">
         <name>.debug_info</name>
         <load_address>0x282dd</load_address>
         <run_address>0x282dd</run_address>
         <size>0x220</size>
         <input_file_ref idref="fl-58"/>
      </object_component>
      <object_component id="oc-2be">
         <name>.debug_info</name>
         <load_address>0x284fd</load_address>
         <run_address>0x284fd</run_address>
         <size>0xa8</size>
      </object_component>
      <object_component id="oc-24d">
         <name>.debug_line</name>
         <load_address>0x0</load_address>
         <run_address>0x0</run_address>
         <size>0x6a</size>
         <input_file_ref idref="fl-2"/>
      </object_component>
      <object_component id="oc-167">
         <name>.debug_line</name>
         <load_address>0x6a</load_address>
         <run_address>0x6a</run_address>
         <size>0x54</size>
         <input_file_ref idref="fl-2"/>
      </object_component>
      <object_component id="oc-c3">
         <name>.debug_line</name>
         <load_address>0xbe</load_address>
         <run_address>0xbe</run_address>
         <size>0x75</size>
         <input_file_ref idref="fl-2"/>
      </object_component>
      <object_component id="oc-18b">
         <name>.debug_line</name>
         <load_address>0x133</load_address>
         <run_address>0x133</run_address>
         <size>0x8f</size>
         <input_file_ref idref="fl-2"/>
      </object_component>
      <object_component id="oc-19f">
         <name>.debug_line</name>
         <load_address>0x1c2</load_address>
         <run_address>0x1c2</run_address>
         <size>0x73</size>
         <input_file_ref idref="fl-2"/>
      </object_component>
      <object_component id="oc-1c7">
         <name>.debug_line</name>
         <load_address>0x235</load_address>
         <run_address>0x235</run_address>
         <size>0x71</size>
         <input_file_ref idref="fl-2"/>
      </object_component>
      <object_component id="oc-1ae">
         <name>.debug_line</name>
         <load_address>0x2a6</load_address>
         <run_address>0x2a6</run_address>
         <size>0x8b</size>
         <input_file_ref idref="fl-2"/>
      </object_component>
      <object_component id="oc-d9">
         <name>.debug_line</name>
         <load_address>0x331</load_address>
         <run_address>0x331</run_address>
         <size>0x7c</size>
         <input_file_ref idref="fl-2"/>
      </object_component>
      <object_component id="oc-190">
         <name>.debug_line</name>
         <load_address>0x3ad</load_address>
         <run_address>0x3ad</run_address>
         <size>0x78</size>
         <input_file_ref idref="fl-2"/>
      </object_component>
      <object_component id="oc-23d">
         <name>.debug_line</name>
         <load_address>0x425</load_address>
         <run_address>0x425</run_address>
         <size>0x7e</size>
         <input_file_ref idref="fl-2"/>
      </object_component>
      <object_component id="oc-111">
         <name>.debug_line</name>
         <load_address>0x4a3</load_address>
         <run_address>0x4a3</run_address>
         <size>0x6f</size>
         <input_file_ref idref="fl-2"/>
      </object_component>
      <object_component id="oc-210">
         <name>.debug_line</name>
         <load_address>0x512</load_address>
         <run_address>0x512</run_address>
         <size>0x6f</size>
         <input_file_ref idref="fl-2"/>
      </object_component>
      <object_component id="oc-292">
         <name>.debug_line</name>
         <load_address>0x581</load_address>
         <run_address>0x581</run_address>
         <size>0x7c</size>
         <input_file_ref idref="fl-2"/>
      </object_component>
      <object_component id="oc-28c">
         <name>.debug_line</name>
         <load_address>0x5fd</load_address>
         <run_address>0x5fd</run_address>
         <size>0x73</size>
         <input_file_ref idref="fl-2"/>
      </object_component>
      <object_component id="oc-1db">
         <name>.debug_line</name>
         <load_address>0x670</load_address>
         <run_address>0x670</run_address>
         <size>0x7c</size>
         <input_file_ref idref="fl-2"/>
      </object_component>
      <object_component id="oc-1a4">
         <name>.debug_line</name>
         <load_address>0x6ec</load_address>
         <run_address>0x6ec</run_address>
         <size>0x78</size>
         <input_file_ref idref="fl-2"/>
      </object_component>
      <object_component id="oc-186">
         <name>.debug_line</name>
         <load_address>0x764</load_address>
         <run_address>0x764</run_address>
         <size>0x8d</size>
         <input_file_ref idref="fl-2"/>
      </object_component>
      <object_component id="oc-1b3">
         <name>.debug_line</name>
         <load_address>0x7f1</load_address>
         <run_address>0x7f1</run_address>
         <size>0x9a</size>
         <input_file_ref idref="fl-2"/>
      </object_component>
      <object_component id="oc-195">
         <name>.debug_line</name>
         <load_address>0x88b</load_address>
         <run_address>0x88b</run_address>
         <size>0x6f</size>
         <input_file_ref idref="fl-2"/>
      </object_component>
      <object_component id="oc-19a">
         <name>.debug_line</name>
         <load_address>0x8fa</load_address>
         <run_address>0x8fa</run_address>
         <size>0x85</size>
         <input_file_ref idref="fl-2"/>
      </object_component>
      <object_component id="oc-1a9">
         <name>.debug_line</name>
         <load_address>0x97f</load_address>
         <run_address>0x97f</run_address>
         <size>0x6f</size>
         <input_file_ref idref="fl-2"/>
      </object_component>
      <object_component id="oc-c8">
         <name>.debug_line</name>
         <load_address>0x9ee</load_address>
         <run_address>0x9ee</run_address>
         <size>0x20</size>
         <input_file_ref idref="fl-2"/>
      </object_component>
      <object_component id="oc-d4">
         <name>.debug_line</name>
         <load_address>0xa0e</load_address>
         <run_address>0xa0e</run_address>
         <size>0x7b</size>
         <input_file_ref idref="fl-2"/>
      </object_component>
      <object_component id="oc-1ea">
         <name>.debug_line</name>
         <load_address>0xa89</load_address>
         <run_address>0xa89</run_address>
         <size>0x8c</size>
         <input_file_ref idref="fl-2"/>
      </object_component>
      <object_component id="oc-1e5">
         <name>.debug_line</name>
         <load_address>0xb15</load_address>
         <run_address>0xb15</run_address>
         <size>0x71</size>
         <input_file_ref idref="fl-2"/>
      </object_component>
      <object_component id="oc-203">
         <name>.debug_line</name>
         <load_address>0xb86</load_address>
         <run_address>0xb86</run_address>
         <size>0x7f</size>
         <input_file_ref idref="fl-2"/>
      </object_component>
      <object_component id="oc-1f9">
         <name>.debug_line</name>
         <load_address>0xc05</load_address>
         <run_address>0xc05</run_address>
         <size>0x79</size>
         <input_file_ref idref="fl-2"/>
      </object_component>
      <object_component id="oc-1b8">
         <name>.debug_line</name>
         <load_address>0xc7e</load_address>
         <run_address>0xc7e</run_address>
         <size>0x78</size>
         <input_file_ref idref="fl-2"/>
      </object_component>
      <object_component id="oc-1bd">
         <name>.debug_line</name>
         <load_address>0xcf6</load_address>
         <run_address>0xcf6</run_address>
         <size>0x73</size>
         <input_file_ref idref="fl-2"/>
      </object_component>
      <object_component id="oc-1c2">
         <name>.debug_line</name>
         <load_address>0xd69</load_address>
         <run_address>0xd69</run_address>
         <size>0x7a</size>
         <input_file_ref idref="fl-2"/>
      </object_component>
      <object_component id="oc-1cc">
         <name>.debug_line</name>
         <load_address>0xde3</load_address>
         <run_address>0xde3</run_address>
         <size>0x88</size>
         <input_file_ref idref="fl-2"/>
      </object_component>
      <object_component id="oc-1d1">
         <name>.debug_line</name>
         <load_address>0xe6b</load_address>
         <run_address>0xe6b</run_address>
         <size>0x7c</size>
         <input_file_ref idref="fl-2"/>
      </object_component>
      <object_component id="oc-1d6">
         <name>.debug_line</name>
         <load_address>0xee7</load_address>
         <run_address>0xee7</run_address>
         <size>0x78</size>
         <input_file_ref idref="fl-2"/>
      </object_component>
      <object_component id="oc-1e0">
         <name>.debug_line</name>
         <load_address>0xf5f</load_address>
         <run_address>0xf5f</run_address>
         <size>0x76</size>
         <input_file_ref idref="fl-2"/>
      </object_component>
      <object_component id="oc-1ef">
         <name>.debug_line</name>
         <load_address>0xfd5</load_address>
         <run_address>0xfd5</run_address>
         <size>0x78</size>
         <input_file_ref idref="fl-2"/>
      </object_component>
      <object_component id="oc-1f4">
         <name>.debug_line</name>
         <load_address>0x104d</load_address>
         <run_address>0x104d</run_address>
         <size>0x7c</size>
         <input_file_ref idref="fl-2"/>
      </object_component>
      <object_component id="oc-1fe">
         <name>.debug_line</name>
         <load_address>0x10c9</load_address>
         <run_address>0x10c9</run_address>
         <size>0x7e</size>
         <input_file_ref idref="fl-2"/>
      </object_component>
      <object_component id="oc-98">
         <name>.debug_line</name>
         <load_address>0x1147</load_address>
         <run_address>0x1147</run_address>
         <size>0x345</size>
         <input_file_ref idref="fl-4"/>
      </object_component>
      <object_component id="oc-bd">
         <name>.debug_line</name>
         <load_address>0x148c</load_address>
         <run_address>0x148c</run_address>
         <size>0xc0</size>
         <input_file_ref idref="fl-5"/>
      </object_component>
      <object_component id="oc-2b">
         <name>.debug_line</name>
         <load_address>0x154c</load_address>
         <run_address>0x154c</run_address>
         <size>0x92</size>
         <input_file_ref idref="fl-6"/>
      </object_component>
      <object_component id="oc-9f">
         <name>.debug_line</name>
         <load_address>0x15de</load_address>
         <run_address>0x15de</run_address>
         <size>0x21c</size>
         <input_file_ref idref="fl-7"/>
      </object_component>
      <object_component id="oc-148">
         <name>.debug_line</name>
         <load_address>0x17fa</load_address>
         <run_address>0x17fa</run_address>
         <size>0x16f</size>
         <input_file_ref idref="fl-8"/>
      </object_component>
      <object_component id="oc-f5">
         <name>.debug_line</name>
         <load_address>0x1969</load_address>
         <run_address>0x1969</run_address>
         <size>0xb3</size>
         <input_file_ref idref="fl-a"/>
      </object_component>
      <object_component id="oc-24f">
         <name>.debug_line</name>
         <load_address>0x1a1c</load_address>
         <run_address>0x1a1c</run_address>
         <size>0x20</size>
         <input_file_ref idref="fl-1a"/>
      </object_component>
      <object_component id="oc-e0">
         <name>.debug_line</name>
         <load_address>0x1a3c</load_address>
         <run_address>0x1a3c</run_address>
         <size>0x131</size>
         <input_file_ref idref="fl-1a"/>
      </object_component>
      <object_component id="oc-229">
         <name>.debug_line</name>
         <load_address>0x1b6d</load_address>
         <run_address>0x1b6d</run_address>
         <size>0x6f</size>
         <input_file_ref idref="fl-24"/>
      </object_component>
      <object_component id="oc-22f">
         <name>.debug_line</name>
         <load_address>0x1bdc</load_address>
         <run_address>0x1bdc</run_address>
         <size>0x6f</size>
         <input_file_ref idref="fl-25"/>
      </object_component>
      <object_component id="oc-161">
         <name>.debug_line</name>
         <load_address>0x1c4b</load_address>
         <run_address>0x1c4b</run_address>
         <size>0x2f5</size>
         <input_file_ref idref="fl-25"/>
      </object_component>
      <object_component id="oc-17a">
         <name>.debug_line</name>
         <load_address>0x1f40</load_address>
         <run_address>0x1f40</run_address>
         <size>0x98</size>
         <input_file_ref idref="fl-26"/>
      </object_component>
      <object_component id="oc-30">
         <name>.debug_line</name>
         <load_address>0x1fd8</load_address>
         <run_address>0x1fd8</run_address>
         <size>0xae</size>
         <input_file_ref idref="fl-26"/>
      </object_component>
      <object_component id="oc-24a">
         <name>.debug_line</name>
         <load_address>0x2086</load_address>
         <run_address>0x2086</run_address>
         <size>0x346</size>
         <input_file_ref idref="fl-27"/>
      </object_component>
      <object_component id="oc-25">
         <name>.debug_line</name>
         <load_address>0x23cc</load_address>
         <run_address>0x23cc</run_address>
         <size>0xe6</size>
         <input_file_ref idref="fl-27"/>
      </object_component>
      <object_component id="oc-b6">
         <name>.debug_line</name>
         <load_address>0x24b2</load_address>
         <run_address>0x24b2</run_address>
         <size>0x142</size>
         <input_file_ref idref="fl-27"/>
      </object_component>
      <object_component id="oc-174">
         <name>.debug_line</name>
         <load_address>0x25f4</load_address>
         <run_address>0x25f4</run_address>
         <size>0x7e</size>
         <input_file_ref idref="fl-27"/>
      </object_component>
      <object_component id="oc-233">
         <name>.debug_line</name>
         <load_address>0x2672</load_address>
         <run_address>0x2672</run_address>
         <size>0x189</size>
         <input_file_ref idref="fl-28"/>
      </object_component>
      <object_component id="oc-aa">
         <name>.debug_line</name>
         <load_address>0x27fb</load_address>
         <run_address>0x27fb</run_address>
         <size>0x316</size>
         <input_file_ref idref="fl-28"/>
      </object_component>
      <object_component id="oc-206">
         <name>.debug_line</name>
         <load_address>0x2b11</load_address>
         <run_address>0x2b11</run_address>
         <size>0x2c6</size>
         <input_file_ref idref="fl-29"/>
[...]
         <object_component_ref idref="oc-213"/>
      </symbol>
      <symbol id="sm-5ef">
         <name>vSTEPDRIVE_GEKO__Set_PulseHigh</name>
         <value>0x7940</value>
         <object_component_ref idref="oc-213"/>
      </symbol>
      <symbol id="sm-632">
         <name>vRM4_SCILIN_ISR__LowLevel</name>
         <value>0x652c</value>
         <object_component_ref idref="oc-59"/>
      </symbol>
      <symbol id="sm-633">
         <name>vRM4_SCI_INT__Enable_Notification</name>
         <value>0x8108</value>
         <object_component_ref idref="oc-104"/>
      </symbol>
      <symbol id="sm-634">
         <name>vRM4_SCI_ISR__HighLevel</name>
         <value>0x638c</value>
         <object_component_ref idref="oc-59"/>
      </symbol>
      <symbol id="sm-635">
         <name>vRM4_SCILIN_ISR__HighLevel</name>
         <value>0x63cc</value>
         <object_component_ref idref="oc-59"/>
      </symbol>
      <symbol id="sm-636">
         <name>vRM4_SCI_INT__Notification</name>
         <value>0x8180</value>
         <object_component_ref idref="oc-104"/>
      </symbol>
      <symbol id="sm-637">
         <name>vRM4_SCI_ISR__LowLevel</name>
         <value>0x63ac</value>
         <object_component_ref idref="oc-59"/>
      </symbol>
      <symbol id="sm-638">
         <name>vRM4_SCI_INT__Disable_Notification</name>
         <value>0x8144</value>
         <object_component_ref idref="oc-104"/>
      </symbol>
      <symbol id="sm-66e">
         <name>vRM4_MIBSPI135_PINS__Set_Defaults</name>
         <value>0x6274</value>
         <object_component_ref idref="oc-256"/>
      </symbol>
      <symbol id="sm-66f">
         <name>vRM4_MIBSPI135_PINS__Set_High</name>
         <value>0x61e8</value>
         <object_component_ref idref="oc-256"/>
      </symbol>
      <symbol id="sm-670">
         <name>vRM4_MIBSPI135_PINS__Set</name>
         <value>0x6120</value>
         <object_component_ref idref="oc-256"/>
      </symbol>
      <symbol id="sm-671">
         <name>vRM4_MIBSPI135_PINS__Set_Low</name>
         <value>0x615c</value>
         <object_component_ref idref="oc-256"/>
      </symbol>
      <symbol id="sm-672">
         <name>vRM4_MIBSPI135_PINS__Set_OutputDirection</name>
         <value>0x604c</value>
         <object_component_ref idref="oc-256"/>
      </symbol>
      <symbol id="sm-694">
         <name>vRM4_MIBSPI135_ISR5__High</name>
         <value>0x6e74</value>
         <object_component_ref idref="oc-5f"/>
      </symbol>
      <symbol id="sm-695">
         <name>vRM4_MIBSPI135_ISR3__High</name>
         <value>0x6d9c</value>
         <object_component_ref idref="oc-5f"/>
      </symbol>
      <symbol id="sm-696">
         <name>vRM4_MIBSPI135_ISR5__Low</name>
         <value>0x6ee0</value>
         <object_component_ref idref="oc-5f"/>
      </symbol>
      <symbol id="sm-697">
         <name>vRM4_MIBSPI135_ISR3__Low</name>
         <value>0x6e08</value>
         <object_component_ref idref="oc-5f"/>
      </symbol>
      <symbol id="sm-698">
         <name>vRM4_MIBSPI135_ISR1__Low</name>
         <value>0x6d30</value>
         <object_component_ref idref="oc-5f"/>
      </symbol>
      <symbol id="sm-699">
         <name>vRM4_MIBSPI135_ISR1__High</name>
         <value>0x6cc4</value>
         <object_component_ref idref="oc-5f"/>
      </symbol>
      <symbol id="sm-6e2">
         <name>vRM4_N2HET_PINS__Set_PortData</name>
         <value>0x3d94</value>
         <object_component_ref idref="oc-25c"/>
      </symbol>
      <symbol id="sm-6e3">
         <name>vRM4_N2HET_PINS__AND_ShareControl</name>
         <value>0x3b24</value>
         <object_component_ref idref="oc-25c"/>
      </symbol>
      <symbol id="sm-6e4">
         <name>u32RM4_N2HET_PINS__Get_DIN_HET2</name>
         <value>0x3ca8</value>
         <object_component_ref idref="oc-25c"/>
      </symbol>
      <symbol id="sm-6e5">
         <name>u32RM4_N2HET_PINS__Get_DIN_HET1</name>
         <value>0x3c9c</value>
         <object_component_ref idref="oc-25c"/>
      </symbol>
      <symbol id="sm-6e6">
         <name>vRM4_N2HET_PINS__Init</name>
         <value>0x3ac8</value>
         <object_component_ref idref="oc-25c"/>
      </symbol>
      <symbol id="sm-6e7">
         <name>vRM4_N2HET_PINS__Set_PinLow</name>
         <value>0x3eb0</value>
         <object_component_ref idref="oc-25c"/>
      </symbol>
      <symbol id="sm-6e8">
         <name>vRM4_N2HET_PINS__Set_Pin</name>
         <value>0x3de4</value>
         <object_component_ref idref="oc-25c"/>
      </symbol>
      <symbol id="sm-6e9">
         <name>vRM4_N2HET_PINS__Set_PinDirection_Input</name>
         <value>0x3d1c</value>
         <object_component_ref idref="oc-25c"/>
      </symbol>
      <symbol id="sm-6ea">
         <name>u8RM4_N2HET_PINS__Get_Pin</name>
         <value>0x3bd8</value>
         <object_component_ref idref="oc-25c"/>
      </symbol>
      <symbol id="sm-6eb">
         <name>vRM4_N2HET_PINS__Set_PinDirection_Output</name>
         <value>0x3cb4</value>
         <object_component_ref idref="oc-25c"/>
      </symbol>
      <symbol id="sm-6ec">
         <name>vRM4_N2HET_PINS__Set_PinHigh</name>
         <value>0x3e20</value>
         <object_component_ref idref="oc-25c"/>
      </symbol>
      <symbol id="sm-6ed">
         <name>vRM4_N2HET_PINS__Set_PortData_LSR</name>
         <value>0x3f78</value>
         <object_component_ref idref="oc-25c"/>
      </symbol>
      <symbol id="sm-715">
         <name>vRM4_N2HET_CHANNEL1_ISR__Low</name>
         <value>0x5dc0</value>
         <object_component_ref idref="oc-65"/>
      </symbol>
      <symbol id="sm-716">
         <name>vRM4_N2HET_CHANNEL2_ISR__Low</name>
         <value>0x5f58</value>
         <object_component_ref idref="oc-65"/>
      </symbol>
      <symbol id="sm-717">
         <name>vRM4_N2HET_CHANNEL2_ISR__High</name>
         <value>0x5e8c</value>
         <object_component_ref idref="oc-65"/>
      </symbol>
      <symbol id="sm-718">
         <name>vRM4_N2HET_CHANNEL1_ISR__High</name>
         <value>0x5cf4</value>
         <object_component_ref idref="oc-65"/>
      </symbol>
      <symbol id="sm-730">
         <name>vRM4_DMA_ISR__HBCAInterrupt</name>
         <value>0x77c8</value>
         <object_component_ref idref="oc-6b"/>
      </symbol>
      <symbol id="sm-731">
         <name>vRM4_DMA_ISR__BTCAInterrupt</name>
         <value>0x7830</value>
         <object_component_ref idref="oc-6b"/>
      </symbol>
      <symbol id="sm-732">
         <name>vRM4_DMA_ISR__FTCAInterrupt</name>
         <value>0x76dc</value>
         <object_component_ref idref="oc-6b"/>
      </symbol>
      <symbol id="sm-733">
         <name>vRM4_DMA_ISR__LFSAInterrupt</name>
         <value>0x7760</value>
         <object_component_ref idref="oc-6b"/>
      </symbol>
      <symbol id="sm-76d">
         <name>vRM4_PINMUX__Init</name>
         <value>0x5258</value>
         <object_component_ref idref="oc-13d"/>
      </symbol>
      <symbol id="sm-7e5">
         <name>sRTI</name>
         <value>0x8003258</value>
      </symbol>
      <symbol id="sm-7e6">
         <name>sRTI_CLK</name>
         <value>0x800332c</value>
      </symbol>
      <symbol id="sm-7e7">
         <name>f32_FIT</name>
         <value>0x800336c</value>
      </symbol>
      <symbol id="sm-7e8">
         <name>vRM4_RTI__Update_Period</name>
         <value>0x1fc8</value>
         <object_component_ref idref="oc-21d"/>
      </symbol>
      <symbol id="sm-7e9">
         <name>s16RM4_RTI__ResetCounter</name>
         <value>0x2238</value>
         <object_component_ref idref="oc-21d"/>
      </symbol>
      <symbol id="sm-7ea">
         <name>vRM4_RTI__Init</name>
         <value>0x1ad8</value>
         <object_component_ref idref="oc-21d"/>
      </symbol>
      <symbol id="sm-7eb">
         <name>vRM4_RTI__Clear_Flags</name>
         <value>0x210c</value>
         <object_component_ref idref="oc-21d"/>
      </symbol>
      <symbol id="sm-7ec">
         <name>u32RM4_RTI__Get_FreeClock</name>
         <value>0x22b8</value>
         <object_component_ref idref="oc-21d"/>
      </symbol>
      <symbol id="sm-7ed">
         <name>vRM4_RTI__Struct_Init</name>
         <value>0x1c98</value>
         <object_component_ref idref="oc-21d"/>
      </symbol>
      <symbol id="sm-7ee">
         <name>vRM4_RTI__Start_Interrupts</name>
         <value>0x1c84</value>
         <object_component_ref idref="oc-21d"/>
      </symbol>
      <symbol id="sm-7ef">
         <name>vRM4_RTI__Start_Counter</name>
         <value>0x2128</value>
         <object_component_ref idref="oc-21d"/>
      </symbol>
      <symbol id="sm-7f0">
         <name>vRM4_RTI__SystemReset</name>
         <value>0x22d4</value>
         <object_component_ref idref="oc-21d"/>
      </symbol>
      <symbol id="sm-7f1">
         <name>u64RM4_RTI__Get_Counter1</name>
         <value>0x22e4</value>
         <object_component_ref idref="oc-21d"/>
      </symbol>
      <symbol id="sm-7f2">
         <name>s16RM4_RTI__Stop_Counter</name>
         <value>0x21a4</value>
         <object_component_ref idref="oc-21d"/>
      </symbol>
      <symbol id="sm-842">
         <name>vRM4_SPI24_PINS__Set_Pin</name>
         <value>0x1020</value>
         <object_component_ref idref="oc-250"/>
      </symbol>
      <symbol id="sm-843">
         <name>vRM4_SPI2__SetSIMO_Input</name>
         <value>0x1788</value>
         <object_component_ref idref="oc-250"/>
      </symbol>
      <symbol id="sm-844">
         <name>vRM4_SPI2__ConfigureLinesAsGeneralOutputs</name>
         <value>0x19c8</value>
         <object_component_ref idref="oc-250"/>
      </symbol>
      <symbol id="sm-845">
         <name>vRM4_SPI2__SetSOMI_Low</name>
         <value>0x19a0</value>
         <object_component_ref idref="oc-250"/>
      </symbol>
      <symbol id="sm-846">
         <name>vRM4_SPI2__SetCS1_Input</name>
         <value>0x14e8</value>
         <object_component_ref idref="oc-250"/>
      </symbol>
      <symbol id="sm-847">
         <name>vRM4_SPI2__TestLines</name>
         <value>0x1a20</value>
         <object_component_ref idref="oc-250"/>
      </symbol>
      <symbol id="sm-848">
         <name>vRM4_SPI24_PINS__Off</name>
         <value>0xff4</value>
         <object_component_ref idref="oc-250"/>
      </symbol>
      <symbol id="sm-849">
         <name>vRM4_SPI2_HWPINS__Set_CS0_Output</name>
         <value>0x1404</value>
         <object_component_ref idref="oc-250"/>
      </symbol>
      <symbol id="sm-84a">
         <name>vRM4_SPI2__SetSOMI_High</name>
         <value>0x19b4</value>
         <object_component_ref idref="oc-250"/>
      </symbol>
      <symbol id="sm-84b">
         <name>vRM4_SPI2_HWPINS__Set_CS1_Low</name>
         <value>0x13e4</value>
         <object_component_ref idref="oc-250"/>
      </symbol>
      <symbol id="sm-84c">
         <name>vRM4_SPI2__SetSIMO_Output</name>
         <value>0x1718</value>
         <object_component_ref idref="oc-250"/>
      </symbol>
      <symbol id="sm-84d">
         <name>vRM4_SPI2__SetSIMO_Low</name>
         <value>0x1978</value>
         <object_component_ref idref="oc-250"/>
      </symbol>
      <symbol id="sm-84e">
         <name>vRM4_SPI2_HWPINS__Set_CS1_High</name>
         <value>0x13f4</value>
         <object_component_ref idref="oc-250"/>
      </symbol>
      <symbol id="sm-84f">
         <name>vRM4_SPI2_HWPINS__Set_CS0_High</name>
         <value>0x13d4</value>
         <object_component_ref idref="oc-250"/>
      </symbol>
      <symbol id="sm-850">
         <name>vRM4_SPI2_HWPINS__Set_CS0_Low</name>
         <value>0x13c4</value>
         <object_component_ref idref="oc-250"/>
      </symbol>
      <symbol id="sm-851">
         <name>vRM4_SPI2__SetCS1_High</name>
         <value>0x1914</value>
         <object_component_ref idref="oc-250"/>
      </symbol>
      <symbol id="sm-852">
         <name>vRM4_SPI2__SetCS0_High</name>
         <value>0x18ec</value>
         <object_component_ref idref="oc-250"/>
      </symbol>
      <symbol id="sm-853">
         <name>vRM4_SPI2__SetCS1_Output</name>
         <value>0x1478</value>
         <object_component_ref idref="oc-250"/>
      </symbol>
      <symbol id="sm-854">
         <name>vRM4_SPI2__SetENA_Low</name>
         <value>0x1928</value>
         <object_component_ref idref="oc-250"/>
      </symbol>
      <symbol id="sm-855">
         <name>vRM4_SPI2__SetENA_Input</name>
         <value>0x15c8</value>
         <object_component_ref idref="oc-250"/>
      </symbol>
      <symbol id="sm-856">
         <name>vRM4_SPI24_PINS__Set_DirectionOutput</name>
         <value>0x10cc</value>
         <object_component_ref idref="oc-250"/>
      </symbol>
      <symbol id="sm-857">
         <name>vRM4_SPI2__SetSOMI_Input</name>
         <value>0x1868</value>
         <object_component_ref idref="oc-250"/>
      </symbol>
      <symbol id="sm-858">
         <name>vRM4_SPI24_PINS__Set_DirectionInput</name>
         <value>0x123c</value>
         <object_component_ref idref="oc-250"/>
      </symbol>
      <symbol id="sm-859">
         <name>vRM4_SPI2__SetCLK_High</name>
         <value>0x1964</value>
         <object_component_ref idref="oc-250"/>
      </symbol>
      <symbol id="sm-85a">
         <name>vRM4_SPI2__SetSIMO_High</name>
         <value>0x198c</value>
         <object_component_ref idref="oc-250"/>
      </symbol>
      <symbol id="sm-85b">
         <name>vRM48SPI2__SetCKL_Input</name>
         <value>0x16a8</value>
         <object_component_ref idref="oc-250"/>
      </symbol>
      <symbol id="sm-85c">
         <name>vRM4_SPI2__SetSOMI_Output</name>
         <value>0x17f8</value>
         <object_component_ref idref="oc-250"/>
      </symbol>
      <symbol id="sm-85d">
         <name>vRM4_SPI2__SetCLK_Low</name>
         <value>0x1950</value>
         <object_component_ref idref="oc-250"/>
      </symbol>
      <symbol id="sm-85e">
         <name>vRM4_SPI2__SetCS1_Low</name>
         <value>0x1900</value>
         <object_component_ref idref="oc-250"/>
      </symbol>
      <symbol id="sm-85f">
         <name>vRM4_SPI2__SetCS0_Low</name>
         <value>0x18d8</value>
         <object_component_ref idref="oc-250"/>
      </symbol>
      <symbol id="sm-860">
         <name>vRM4_SPI2__SetENA_High</name>
         <value>0x193c</value>
         <object_component_ref idref="oc-250"/>
      </symbol>
      <symbol id="sm-861">
         <name>vRM4_SPI2__SetCLK_Output</name>
         <value>0x1638</value>
         <object_component_ref idref="oc-250"/>
      </symbol>
      <symbol id="sm-862">
         <name>vRM4_SPI2__SetCS0_Input</name>
         <value>0x1408</value>
         <object_component_ref idref="oc-250"/>
      </symbol>
      <symbol id="sm-863">
         <name>u8RM4_SPI2_HWPINS__Get_NENA</name>
         <value>0x1394</value>
         <object_component_ref idref="oc-250"/>
      </symbol>
      <symbol id="sm-864">
         <name>vRM4_SPI2__SetENA_Output</name>
         <value>0x1558</value>
         <object_component_ref idref="oc-250"/>
      </symbol>
      <symbol id="sm-86a">
         <name>sStepDrive</name>
         <value>0x8003000</value>
      </symbol>
      <symbol id="sm-879">
         <name>sN2HET</name>
         <value>0x8003148</value>
      </symbol>
      <symbol id="sm-883">
         <name>vRM4_N2HET_DYNAMIC__Notification</name>
         <value>0x833c</value>
         <object_component_ref idref="oc-114"/>
      </symbol>
      <symbol id="sm-88f">
         <name>vRM4_DMA__Notification</name>
         <value>0x836c</value>
         <object_component_ref idref="oc-11e"/>
      </symbol>
      <symbol id="sm-8a8">
         <name>__TI_decompress_none</name>
         <value>0x83b5</value>
         <object_component_ref idref="oc-f"/>
      </symbol>
      <symbol id="sm-8cf">
         <name>__TI_decompress_rle24</name>
         <value>0x83c3</value>
         <object_component_ref idref="oc-15"/>
      </symbol>
      <symbol id="sm-8ef">
         <name>copy_in</name>
         <value>0x82d1</value>
         <object_component_ref idref="oc-157"/>
      </symbol>
      <symbol id="sm-914">
         <name>C$$EXIT</name>
         <value>0x8281</value>
         <object_component_ref idref="oc-169"/>
      </symbol>
      <symbol id="sm-915">
         <name>abort</name>
         <value>0x8285</value>
         <object_component_ref idref="oc-169"/>
      </symbol>
      <symbol id="sm-916">
         <name>exit</name>
         <value>0x828d</value>
         <object_component_ref idref="oc-169"/>
      </symbol>
      <symbol id="sm-917">
         <name>__TI_dtors_ptr</name>
         <value>0x8003374</value>
         <object_component_ref idref="oc-240"/>
      </symbol>
      <symbol id="sm-918">
         <name>__TI_cleanup_ptr</name>
         <value>0x8003370</value>
         <object_component_ref idref="oc-240"/>
      </symbol>
      <symbol id="sm-919">
         <name>__TI_enable_exit_profile_output</name>
         <value>0x8003378</value>
         <object_component_ref idref="oc-240"/>
      </symbol>
      <symbol id="sm-935">
         <name>memcpy</name>
         <value>0x806d</value>
         <object_component_ref idref="oc-71"/>
      </symbol>
      <symbol id="sm-936">
         <name>__aeabi_memcpy</name>
         <value>0x806d</value>
         <object_component_ref idref="oc-71"/>
      </symbol>
      <symbol id="sm-937">
         <name>__aeabi_memcpy8</name>
         <value>0x806d</value>
         <object_component_ref idref="oc-71"/>
      </symbol>
      <symbol id="sm-938">
         <name>__aeabi_memcpy4</name>
         <value>0x806d</value>
         <object_component_ref idref="oc-71"/>
      </symbol>
      <symbol id="sm-947">
         <name>__aeabi_memset</name>
         <value>0x819f</value>
         <object_component_ref idref="oc-8a"/>
      </symbol>
      <symbol id="sm-948">
         <name>memset</name>
         <value>0x81a5</value>
         <object_component_ref idref="oc-8a"/>
      </symbol>
      <symbol id="sm-949">
         <name>__aeabi_memset8</name>
         <value>0x819f</value>
         <object_component_ref idref="oc-8a"/>
      </symbol>
      <symbol id="sm-94a">
         <name>__aeabi_memset4</name>
         <value>0x819f</value>
         <object_component_ref idref="oc-8a"/>
      </symbol>
      <symbol id="sm-94b">
         <name>__aeabi_memclr8</name>
         <value>0x819d</value>
         <object_component_ref idref="oc-8a"/>
      </symbol>
      <symbol id="sm-94c">
         <name>__aeabi_memclr4</name>
         <value>0x819d</value>
         <object_component_ref idref="oc-8a"/>
      </symbol>
      <symbol id="sm-94d">
         <name>__aeabi_memclr</name>
         <value>0x819d</value>
         <object_component_ref idref="oc-8a"/>
      </symbol>
      <symbol id="sm-966">
         <name>_nop</name>
         <value>0x838f</value>
         <object_component_ref idref="oc-27c"/>
      </symbol>
      <symbol id="sm-967">
         <name>_lock</name>
         <value>0x800337c</value>
         <object_component_ref idref="oc-243"/>
      </symbol>
      <symbol id="sm-968">
         <name>_unlock</name>
         <value>0x8003380</value>
         <object_component_ref idref="oc-243"/>
      </symbol>
      <symbol id="sm-969">
         <name>_register_lock</name>
         <value>0x8387</value>
         <object_component_ref idref="oc-27c"/>
      </symbol>
      <symbol id="sm-96a">
         <name>_register_unlock</name>
         <value>0x8381</value>
         <object_component_ref idref="oc-27c"/>
      </symbol>
      <symbol id="sm-976">
         <name>__TI_static_base__</name>
         <value>0x0</value>
      </symbol>
      <symbol id="sm-97c">
         <name>SHT$$INIT_ARRAY$$Base</name>
         <value>0x0</value>
      </symbol>
      <symbol id="sm-97d">
         <name>SHT$$INIT_ARRAY$$Limit</name>
         <value>0x0</value>
      </symbol>
   </symbol_table>
   <title>Link successful</title>
</link_info>
