<?xml version="1.0"?>
<link_info>
   <banner>TI ARM Linker PC v15.12.3.LTS</banner>
   <copyright>Copyright (c) 1996-2015 Texas Instruments Incorporated</copyright>
   <link_time>0x587dc5a9</link_time>
   <link_errors>0x0</link_errors>
   <output_file>LFW548__RLOOP__LGU_SIL3.out</output_file>
   <entry_point>
      <name>_c_int00</name>
      <address>0x7d08</address>
   </entry_point>
   <input_file_list>
      <input_file id="fl-2">
         <path>.\SOURCE\MAIN\</path>
         <kind>object</kind>
         <file>main.obj</file>
         <name>main.obj</name>
      </input_file>
      <input_file id="fl-3">
         <path>.\RM4\LCCM663__RM4__CPU_LOAD\</path>
         <kind>object</kind>
         <file>rm4_cpuload.obj</file>
         <name>rm4_cpuload.obj</name>
      </input_file>
      <input_file id="fl-4">
         <path>.\RM4\LCCM414__RM4__ADC\</path>
         <kind>object</kind>
         <file>rm4_adc.obj</file>
         <name>rm4_adc.obj</name>
      </input_file>
      <input_file id="fl-5">
         <path>.\RM4\LCCM414__RM4__ADC\USER\</path>
         <kind>object</kind>
         <file>rm4_adc__user_stream.obj</file>
         <name>rm4_adc__user_stream.obj</name>
      </input_file>
      <input_file id="fl-6">
         <path>.\RM4\LCCM414__RM4__ADC\USER\</path>
         <kind>object</kind>
         <file>rm4_adc__user_voltage.obj</file>
         <name>rm4_adc__user_voltage.obj</name>
      </input_file>
      <input_file id="fl-7">
         <path>.\RM4\LCCM414__RM4__ADC\INTERRUPT\</path>
         <kind>object</kind>
         <file>rm4_adc__interrupt.obj</file>
         <name>rm4_adc__interrupt.obj</name>
      </input_file>
      <input_file id="fl-8">
         <path>.\RM4\LCCM414__RM4__ADC\INIT\</path>
         <kind>object</kind>
         <file>rm4_adc__init.obj</file>
         <name>rm4_adc__init.obj</name>
      </input_file>
      <input_file id="fl-9">
         <path>.\RM4\LCCM414__RM4__ADC\INIT\</path>
         <kind>object</kind>
         <file>rm4_adc__init_group_1.obj</file>
         <name>rm4_adc__init_group_1.obj</name>
      </input_file>
      <input_file id="fl-a">
         <path>.\RM4\LCCM414__RM4__ADC\INIT\</path>
         <kind>object</kind>
         <file>rm4_adc__init_group_2.obj</file>
         <name>rm4_adc__init_group_2.obj</name>
      </input_file>
      <input_file id="fl-b">
         <path>.\RM4\LCCM414__RM4__ADC\INIT\</path>
         <kind>object</kind>
         <file>rm4_adc__init_group_event.obj</file>
         <name>rm4_adc__init_group_event.obj</name>
      </input_file>
      <input_file id="fl-c">
         <path>.\RM4\LCCM414__RM4__ADC\DMA\</path>
         <kind>object</kind>
         <file>rm4_adc__dma.obj</file>
         <name>rm4_adc__dma.obj</name>
      </input_file>
      <input_file id="fl-d">
         <path>.\RM4\LCCM414__RM4__ADC\CALIBRATION\</path>
         <kind>object</kind>
         <file>rm4_adc__calibration.obj</file>
         <name>rm4_adc__calibration.obj</name>
      </input_file>
      <input_file id="fl-e">
         <path>.\RM4\LCCM282__RM4__SCI\</path>
         <kind>object</kind>
         <file>rm4_sci.obj</file>
         <name>rm4_sci.obj</name>
      </input_file>
      <input_file id="fl-f">
         <path>.\RM4\LCCM282__RM4__SCI\LOOPBACK\</path>
         <kind>object</kind>
         <file>rm4_sci__loopback.obj</file>
         <name>rm4_sci__loopback.obj</name>
      </input_file>
      <input_file id="fl-10">
         <path>.\RM4\LCCM282__RM4__SCI\INTERRUPTS\</path>
         <kind>object</kind>
         <file>rm4_sci__interrupts.obj</file>
         <name>rm4_sci__interrupts.obj</name>
      </input_file>
      <input_file id="fl-11">
         <path>.\RM4\LCCM282__RM4__SCI\HELPERS\</path>
         <kind>object</kind>
         <file>rm4_sci__helpers.obj</file>
         <name>rm4_sci__helpers.obj</name>
      </input_file>
      <input_file id="fl-12">
         <path>.\RM4\LCCM282__RM4__SCI\DMA\</path>
         <kind>object</kind>
         <file>rm4_sci__dma.obj</file>
         <name>rm4_sci__dma.obj</name>
      </input_file>
      <input_file id="fl-13">
         <path>.\RM4\LCCM280__RM4__MIBSPI_135\</path>
         <kind>object</kind>
         <file>rm4_mibspi135.obj</file>
         <name>rm4_mibspi135.obj</name>
      </input_file>
      <input_file id="fl-14">
         <path>.\RM4\LCCM280__RM4__MIBSPI_135\TX\</path>
         <kind>object</kind>
         <file>rm4_mibspi135__tx.obj</file>
         <name>rm4_mibspi135__tx.obj</name>
      </input_file>
      <input_file id="fl-15">
         <path>.\RM4\LCCM280__RM4__MIBSPI_135\SPEED\</path>
         <kind>object</kind>
         <file>rm4_mibspi135__speed.obj</file>
         <name>rm4_mibspi135__speed.obj</name>
      </input_file>
      <input_file id="fl-16">
         <path>.\RM4\LCCM280__RM4__MIBSPI_135\PINS\</path>
         <kind>object</kind>
         <file>rm4_mibspi135__pins.obj</file>
         <name>rm4_mibspi135__pins.obj</name>
      </input_file>
      <input_file id="fl-17">
         <path>.\RM4\LCCM280__RM4__MIBSPI_135\LOOPBACK\</path>
         <kind>object</kind>
         <file>rm4_mibspi135__loopback.obj</file>
         <name>rm4_mibspi135__loopback.obj</name>
      </input_file>
      <input_file id="fl-18">
         <path>.\RM4\LCCM280__RM4__MIBSPI_135\INTERRUPTS\</path>
         <kind>object</kind>
         <file>rm4_mibspi135__interrupts.obj</file>
         <name>rm4_mibspi135__interrupts.obj</name>
      </input_file>
      <input_file id="fl-19">
         <path>.\RM4\LCCM280__RM4__MIBSPI_135\ERRORS\</path>
         <kind>object</kind>
         <file>rm4_mibspi135__errors.obj</file>
         <name>rm4_mibspi135__errors.obj</name>
      </input_file>
      <input_file id="fl-1a">
         <path>.\RM4\LCCM240__RM4__N2HET\</path>
         <kind>object</kind>
         <file>rm4_n2het.obj</file>
         <name>rm4_n2het.obj</name>
      </input_file>
      <input_file id="fl-1b">
         <path>.\RM4\LCCM240__RM4__N2HET\</path>
         <kind>object</kind>
         <file>rm4_n2het__user_template.obj</file>
         <name>rm4_n2het__user_template.obj</name>
      </input_file>
      <input_file id="fl-1c">
         <path>.\RM4\LCCM240__RM4__N2HET\TIMESTAMP\</path>
         <kind>object</kind>
         <file>rm4_n2het__timestamp.obj</file>
         <name>rm4_n2het__timestamp.obj</name>
      </input_file>
      <input_file id="fl-1d">
         <path>.\RM4\LCCM240__RM4__N2HET\QEP\</path>
         <kind>object</kind>
         <file>rm4_n2het__qep.obj</file>
         <name>rm4_n2het__qep.obj</name>
      </input_file>
      <input_file id="fl-1e">
         <path>.\RM4\LCCM240__RM4__N2HET\PWM\</path>
         <kind>object</kind>
         <file>rm4_n2het__pwm.obj</file>
         <name>rm4_n2het__pwm.obj</name>
      </input_file>
      <input_file id="fl-1f">
         <path>.\RM4\LCCM240__RM4__N2HET\PROGRAM\</path>
         <kind>object</kind>
         <file>rm4_n2het__prog_dyanmic__pwm_w_counter.obj</file>
         <name>rm4_n2het__prog_dyanmic__pwm_w_counter.obj</name>
      </input_file>
      <input_file id="fl-20">
         <path>.\RM4\LCCM240__RM4__N2HET\PROGRAM\</path>
         <kind>object</kind>
         <file>rm4_n2het__prog_dynamic__capture.obj</file>
         <name>rm4_n2het__prog_dynamic__capture.obj</name>
      </input_file>
      <input_file id="fl-21">
         <path>.\RM4\LCCM240__RM4__N2HET\PROGRAM\</path>
         <kind>object</kind>
         <file>rm4_n2het__prog_dynamic__edge.obj</file>
         <name>rm4_n2het__prog_dynamic__edge.obj</name>
      </input_file>
      <input_file id="fl-22">
         <path>.\RM4\LCCM240__RM4__N2HET\PROGRAM\</path>
         <kind>object</kind>
         <file>rm4_n2het__prog_dynamic__pwm.obj</file>
         <name>rm4_n2het__prog_dynamic__pwm.obj</name>
      </input_file>
      <input_file id="fl-23">
         <path>.\RM4\LCCM240__RM4__N2HET\PROGRAM\</path>
         <kind>object</kind>
         <file>rm4_n2het__prog_dynamic__qep.obj</file>
         <name>rm4_n2het__prog_dynamic__qep.obj</name>
      </input_file>
      <input_file id="fl-24">
         <path>.\RM4\LCCM240__RM4__N2HET\PROGRAM\</path>
         <kind>object</kind>
         <file>rm4_n2het__prog_dynamic__timestamp.obj</file>
         <name>rm4_n2het__prog_dynamic__timestamp.obj</name>
      </input_file>
      <input_file id="fl-25">
         <path>.\RM4\LCCM240__RM4__N2HET\PROGRAM\</path>
         <kind>object</kind>
         <file>rm4_n2het__prog_loop_res.obj</file>
         <name>rm4_n2het__prog_loop_res.obj</name>
      </input_file>
      <input_file id="fl-26">
         <path>.\RM4\LCCM240__RM4__N2HET\PROGRAM\</path>
         <kind>object</kind>
         <file>rm4_n2het__program.obj</file>
         <name>rm4_n2het__program.obj</name>
      </input_file>
      <input_file id="fl-27">
         <path>.\RM4\LCCM240__RM4__N2HET\PINS\</path>
         <kind>object</kind>
         <file>rm4_n2het__pins.obj</file>
         <name>rm4_n2het__pins.obj</name>
      </input_file>
      <input_file id="fl-28">
         <path>.\RM4\LCCM240__RM4__N2HET\INTERRUPTS\</path>
         <kind>object</kind>
         <file>rm4_n2het__interrupts.obj</file>
         <name>rm4_n2het__interrupts.obj</name>
      </input_file>
      <input_file id="fl-29">
         <path>.\RM4\LCCM240__RM4__N2HET\EDGE\</path>
         <kind>object</kind>
         <file>rm4_n2het__edge.obj</file>
         <name>rm4_n2het__edge.obj</name>
      </input_file>
      <input_file id="fl-2a">
         <path>.\RM4\LCCM240__RM4__N2HET\CAPTURE\</path>
         <kind>object</kind>
         <file>rm4_n2het__capture.obj</file>
         <name>rm4_n2het__capture.obj</name>
      </input_file>
      <input_file id="fl-2b">
         <path>.\RM4\LCCM230__RM4__EEPROM\</path>
         <kind>object</kind>
         <file>rm4_eeprom.obj</file>
         <name>rm4_eeprom.obj</name>
      </input_file>
      <input_file id="fl-2c">
         <path>.\RM4\LCCM229__RM4__DMA\</path>
         <kind>object</kind>
         <file>rm4_dma.obj</file>
         <name>rm4_dma.obj</name>
      </input_file>
      <input_file id="fl-2d">
         <path>.\RM4\LCCM229__RM4__DMA\SUSPEND\</path>
         <kind>object</kind>
         <file>rm4_dma__suspend.obj</file>
         <name>rm4_dma__suspend.obj</name>
      </input_file>
      <input_file id="fl-2e">
         <path>.\RM4\LCCM229__RM4__DMA\NOTIFICATIONS\</path>
         <kind>object</kind>
         <file>rm4_dma__notifications.obj</file>
         <name>rm4_dma__notifications.obj</name>
      </input_file>
      <input_file id="fl-2f">
         <path>.\RM4\LCCM229__RM4__DMA\INTERRUPTS\</path>
         <kind>object</kind>
         <file>rm4_dma__interrupts.obj</file>
         <name>rm4_dma__interrupts.obj</name>
      </input_file>
      <input_file id="fl-30">
         <path>.\RM4\LCCM228__RM4__DELAYS\</path>
         <kind>object</kind>
         <file>rm4_delays.obj</file>
         <name>rm4_delays.obj</name>
      </input_file>
      <input_file id="fl-31">
         <path>.\RM4\LCCM227__RM4__BIST\</path>
         <kind>object</kind>
         <file>rm4_bist.obj</file>
         <name>rm4_bist.obj</name>
      </input_file>
      <input_file id="fl-32">
         <path>.\RM4\LCCM225__RM4__VECTORED_ISR_MGR\</path>
         <kind>object</kind>
         <file>rm4_vim.obj</file>
         <name>rm4_vim.obj</name>
      </input_file>
      <input_file id="fl-33">
         <path>.\RM4\LCCM224__RM4__EFUSE\</path>
         <kind>object</kind>
         <file>rm4_efuse.obj</file>
         <name>rm4_efuse.obj</name>
      </input_file>
      <input_file id="fl-34">
         <path>.\RM4\LCCM223__RM4__PERIPH_CENTRAL_RESOURCE\</path>
         <kind>object</kind>
         <file>rm4_pcr.obj</file>
         <name>rm4_pcr.obj</name>
      </input_file>
      <input_file id="fl-35">
         <path>.\RM4\LCCM222__RM4__PIN_MUX\</path>
         <kind>object</kind>
         <file>rm4_pinmux.obj</file>
         <name>rm4_pinmux.obj</name>
      </input_file>
      <input_file id="fl-36">
         <path>.\RM4\LCCM221__RM4__SELFTEST\</path>
         <kind>object</kind>
         <file>rm4_selftest.obj</file>
         <name>rm4_selftest.obj</name>
      </input_file>
      <input_file id="fl-37">
         <path>.\RM4\LCCM220__RM4__ERROR_SIGNAL_MODULE\</path>
         <kind>object</kind>
         <file>rm4_esm.obj</file>
         <name>rm4_esm.obj</name>
      </input_file>
      <input_file id="fl-38">
         <path>.\RM4\LCCM220__RM4__ERROR_SIGNAL_MODULE\</path>
         <kind>object</kind>
         <file>rm4_esm__user_template.obj</file>
         <name>rm4_esm__user_template.obj</name>
      </input_file>
      <input_file id="fl-39">
         <path>.\RM4\LCCM219__RM4__SYSTEM\</path>
         <kind>object</kind>
         <file>rm4_system.obj</file>
         <name>rm4_system.obj</name>
      </input_file>
      <input_file id="fl-3a">
         <path>.\RM4\LCCM219__RM4__SYSTEM\</path>
         <kind>object</kind>
         <file>rm4_system__aborts.obj</file>
         <name>rm4_system__aborts.obj</name>
      </input_file>
      <input_file id="fl-3b">
         <path>.\RM4\LCCM219__RM4__SYSTEM\</path>
         <kind>object</kind>
         <file>rm4_system__core.obj</file>
         <name>rm4_system__core.obj</name>
      </input_file>
      <input_file id="fl-3c">
         <path>.\RM4\LCCM219__RM4__SYSTEM\</path>
         <kind>object</kind>
         <file>rm4_system__dabort.obj</file>
         <name>rm4_system__dabort.obj</name>
      </input_file>
      <input_file id="fl-3d">
         <path>.\RM4\LCCM219__RM4__SYSTEM\</path>
         <kind>object</kind>
         <file>rm4_system__intvecs.obj</file>
         <name>rm4_system__intvecs.obj</name>
      </input_file>
      <input_file id="fl-3e">
         <path>.\RM4\LCCM219__RM4__SYSTEM\</path>
         <kind>object</kind>
         <file>rm4_system__mpu.obj</file>
         <name>rm4_system__mpu.obj</name>
      </input_file>
      <input_file id="fl-3f">
         <path>.\RM4\LCCM219__RM4__SYSTEM\</path>
         <kind>object</kind>
         <file>rm4_system__oscillator.obj</file>
         <name>rm4_system__oscillator.obj</name>
      </input_file>
      <input_file id="fl-40">
         <path>.\RM4\LCCM219__RM4__SYSTEM\</path>
         <kind>object</kind>
         <file>rm4_system__pmu.obj</file>
         <name>rm4_system__pmu.obj</name>
      </input_file>
      <input_file id="fl-41">
         <path>.\RM4\LCCM219__RM4__SYSTEM\</path>
         <kind>object</kind>
         <file>rm4_system__startup.obj</file>
         <name>rm4_system__startup.obj</name>
      </input_file>
      <input_file id="fl-42">
         <path>.\RM4\LCCM215__RM4__I2C\</path>
         <kind>object</kind>
         <file>rm4_i2c.obj</file>
         <name>rm4_i2c.obj</name>
      </input_file>
      <input_file id="fl-43">
         <path>.\RM4\LCCM215__RM4__I2C\</path>
         <kind>object</kind>
         <file>rm4_i2c__user.obj</file>
         <name>rm4_i2c__user.obj</name>
      </input_file>
      <input_file id="fl-44">
         <path>.\RM4\LCCM215__RM4__I2C\WAIT\</path>
         <kind>object</kind>
         <file>rm4_i2c__wait.obj</file>
         <name>rm4_i2c__wait.obj</name>
      </input_file>
      <input_file id="fl-45">
         <path>.\RM4\LCCM215__RM4__I2C\TIMEOUT\</path>
         <kind>object</kind>
         <file>rm4_i2c__timeout.obj</file>
         <name>rm4_i2c__timeout.obj</name>
      </input_file>
      <input_file id="fl-46">
         <path>.\RM4\LCCM215__RM4__I2C\PINS\</path>
         <kind>object</kind>
         <file>rm4_i2c__pins.obj</file>
         <name>rm4_i2c__pins.obj</name>
      </input_file>
      <input_file id="fl-47">
         <path>.\RM4\LCCM135__RM4__FLASH\</path>
         <kind>object</kind>
         <file>rm4_flash.obj</file>
         <name>rm4_flash.obj</name>
      </input_file>
      <input_file id="fl-48">
         <path>.\RM4\LCCM135__RM4__FLASH\PROGRAM\</path>
         <kind>object</kind>
         <file>rm4_flash__program.obj</file>
         <name>rm4_flash__program.obj</name>
      </input_file>
      <input_file id="fl-49">
         <path>.\RM4\LCCM135__RM4__FLASH\F021_Flash_API\V2.00.01\Source\</path>
         <kind>object</kind>
         <file>Fapi_UserDefinedFunctions.obj</file>
         <name>Fapi_UserDefinedFunctions.obj</name>
      </input_file>
      <input_file id="fl-4a">
         <path>.\RM4\LCCM133__RM4__GIO\</path>
         <kind>object</kind>
         <file>rm4_gio.obj</file>
         <name>rm4_gio.obj</name>
      </input_file>
      <input_file id="fl-4b">
         <path>.\RM4\LCCM133__RM4__GIO\</path>
         <kind>object</kind>
         <file>rm4_gio__interrupts.obj</file>
         <name>rm4_gio__interrupts.obj</name>
      </input_file>
      <input_file id="fl-4c">
         <path>.\RM4\LCCM133__RM4__GIO\PULLS\</path>
         <kind>object</kind>
         <file>rm4_gio__pulls.obj</file>
         <name>rm4_gio__pulls.obj</name>
      </input_file>
      <input_file id="fl-4d">
         <path>.\RM4\LCCM124__RM4__RTI\</path>
         <kind>object</kind>
         <file>rm4_rti.obj</file>
         <name>rm4_rti.obj</name>
      </input_file>
      <input_file id="fl-4e">
         <path>.\RM4\LCCM124__RM4__RTI\WATCHDOG\</path>
         <kind>object</kind>
         <file>rm4_rti__watchdog.obj</file>
         <name>rm4_rti__watchdog.obj</name>
      </input_file>
      <input_file id="fl-4f">
         <path>.\RM4\LCCM124__RM4__RTI\INTERRUPTS\</path>
         <kind>object</kind>
         <file>rm4_rti__interrupts.obj</file>
         <name>rm4_rti__interrupts.obj</name>
      </input_file>
      <input_file id="fl-50">
         <path>.\RM4\LCCM108__RM4__SPI24\</path>
         <kind>object</kind>
         <file>rm4_spi24.obj</file>
         <name>rm4_spi24.obj</name>
      </input_file>
      <input_file id="fl-51">
         <path>.\RM4\LCCM108__RM4__SPI24\PINS\</path>
         <kind>object</kind>
         <file>rm4_spi24__pins.obj</file>
         <name>rm4_spi24__pins.obj</name>
      </input_file>
      <input_file id="fl-52">
         <path>.\RM4\LCCM108__RM4__SPI24\INTERRUPTS\</path>
         <kind>object</kind>
         <file>rm4_spi24__interrupts.obj</file>
         <name>rm4_spi24__interrupts.obj</name>
      </input_file>
      <input_file id="fl-53">
         <path>.\RM4\LCCM107__RM4__EMIF\</path>
         <kind>object</kind>
         <file>rm4_emif.obj</file>
         <name>rm4_emif.obj</name>
      </input_file>
      <input_file id="fl-54">
         <path>.\RM4\LCCM107__RM4__EMIF\SPECIAL\</path>
         <kind>object</kind>
         <file>rm4_emif__special.obj</file>
         <name>rm4_emif__special.obj</name>
      </input_file>
      <input_file id="fl-55">
         <path>.\RM4\LCCM107__RM4__EMIF\PINS\</path>
         <kind>object</kind>
         <file>rm4_emif__pins.obj</file>
         <name>rm4_emif__pins.obj</name>
      </input_file>
      <input_file id="fl-56">
         <path>.\RM4\LCCM107__RM4__EMIF\ENCAPSULATION\</path>
         <kind>object</kind>
         <file>rm4_emif__encap.obj</file>
         <name>rm4_emif__encap.obj</name>
      </input_file>
      <input_file id="fl-57">
         <path>.\RLOOP\LCCM667__RLOOP__LGU\</path>
         <kind>object</kind>
         <file>lgu.obj</file>
         <name>lgu.obj</name>
      </input_file>
      <input_file id="fl-58">
         <path>.\RLOOP\LCCM667__RLOOP__LGU\SERIAL_COMMS\</path>
         <kind>object</kind>
         <file>lgu__serial_comms.obj</file>
         <name>lgu__serial_comms.obj</name>
      </input_file>
      <input_file id="fl-59">
         <path>.\RLOOP\LCCM667__RLOOP__LGU\RM4_NOTIFICATIONS\</path>
         <kind>object</kind>
         <file>lgu__rm4_notifications.obj</file>
         <name>lgu__rm4_notifications.obj</name>
      </input_file>
      <input_file id="fl-5a">
         <path>.\RLOOP\LCCM667__RLOOP__LGU\PV_PRESS\</path>
         <kind>object</kind>
         <file>lgu__pv_press.obj</file>
         <name>lgu__pv_press.obj</name>
      </input_file>
      <input_file id="fl-5b">
         <path>.\RLOOP\LCCM667__RLOOP__LGU\LIFT_MECH\</path>
         <kind>object</kind>
         <file>lgu__lift_mech.obj</file>
         <name>lgu__lift_mech.obj</name>
      </input_file>
      <input_file id="fl-5c">
         <path>.\RLOOP\LCCM667__RLOOP__LGU\GIMBALS\</path>
         <kind>object</kind>
         <file>lgu__gimbals.obj</file>
         <name>lgu__gimbals.obj</name>
      </input_file>
      <input_file id="fl-5d">
         <path>.\RLOOP\LCCM667__RLOOP__LGU\COOLING\</path>
         <kind>object</kind>
         <file>lgu__cooling.obj</file>
         <name>lgu__cooling.obj</name>
      </input_file>
      <input_file id="fl-5e">
         <path>.\RLOOP\LCCM667__RLOOP__LGU\CLUTCHES\</path>
         <kind>object</kind>
         <file>lgu__clutches.obj</file>
         <name>lgu__clutches.obj</name>
      </input_file>
      <input_file id="fl-5f">
         <path>.\RLOOP\LCCM667__RLOOP__LGU\AUXPROP\</path>
         <kind>object</kind>
         <file>lgu__auxprop.obj</file>
         <name>lgu__auxprop.obj</name>
      </input_file>
      <input_file id="fl-60">
         <path>.\MULTICORE\LCCM662__MULTICORE__DAQ\</path>
         <kind>object</kind>
         <file>daq.obj</file>
         <name>daq.obj</name>
      </input_file>
      <input_file id="fl-61">
         <path>.\MULTICORE\LCCM662__MULTICORE__DAQ\UNIT_TEST\FUNCTION_ENTRY_TESTS\</path>
         <kind>object</kind>
         <file>LCCM662R0_TS_000.obj</file>
         <name>LCCM662R0_TS_000.obj</name>
      </input_file>
      <input_file id="fl-62">
         <path>.\MULTICORE\LCCM662__MULTICORE__DAQ\APPEND\</path>
         <kind>object</kind>
         <file>daq__append.obj</file>
         <name>daq__append.obj</name>
      </input_file>
      <input_file id="fl-63">
         <path>.\MULTICORE\LCCM517__MULTICORE__SAFETOOL_BRANCH\</path>
         <kind>object</kind>
         <file>safetool_branch.obj</file>
         <name>safetool_branch.obj</name>
      </input_file>
      <input_file id="fl-64">
         <path>.\MULTICORE\LCCM517__MULTICORE__SAFETOOL_BRANCH\STRINGS\</path>
         <kind>object</kind>
         <file>safetool_branch__strings.obj</file>
         <name>safetool_branch__strings.obj</name>
      </input_file>
      <input_file id="fl-65">
         <path>.\MULTICORE\LCCM357__MULTICORE__SOFTWARE_FIFO\</path>
         <kind>object</kind>
         <file>software_fifo.obj</file>
         <name>software_fifo.obj</name>
      </input_file>
      <input_file id="fl-66">
         <path>.\MULTICORE\LCCM284__MULTICORE__FAULT_TREE\</path>
         <kind>object</kind>
         <file>fault_tree.obj</file>
         <name>fault_tree.obj</name>
      </input_file>
      <input_file id="fl-67">
         <path>.\MULTICORE\LCCM231__MULTICORE__STEPPER_DRIVE\</path>
         <kind>object</kind>
         <file>stepper_drive.obj</file>
         <name>stepper_drive.obj</name>
      </input_file>
      <input_file id="fl-68">
         <path>.\MULTICORE\LCCM231__MULTICORE__STEPPER_DRIVE\</path>
         <kind>object</kind>
         <file>stepper_drive__acceleration_profile_sm.obj</file>
         <name>stepper_drive__acceleration_profile_sm.obj</name>
      </input_file>
      <input_file id="fl-69">
         <path>.\MULTICORE\LCCM231__MULTICORE__STEPPER_DRIVE\</path>
         <kind>object</kind>
         <file>stepper_drive__axis_system.obj</file>
         <name>stepper_drive__axis_system.obj</name>
      </input_file>
      <input_file id="fl-6a">
         <path>.\MULTICORE\LCCM231__MULTICORE__STEPPER_DRIVE\</path>
         <kind>object</kind>
         <file>stepper_drive__single_step_sm.obj</file>
         <name>stepper_drive__single_step_sm.obj</name>
      </input_file>
      <input_file id="fl-6b">
         <path>.\MULTICORE\LCCM231__MULTICORE__STEPPER_DRIVE\</path>
         <kind>object</kind>
         <file>stepper_drive__time_base.obj</file>
         <name>stepper_drive__time_base.obj</name>
      </input_file>
      <input_file id="fl-6c">
         <path>.\MULTICORE\LCCM231__MULTICORE__STEPPER_DRIVE\ZERO\</path>
         <kind>object</kind>
         <file>stepper_drive__zero.obj</file>
         <name>stepper_drive__zero.obj</name>
      </input_file>
      <input_file id="fl-6d">
         <path>.\MULTICORE\LCCM231__MULTICORE__STEPPER_DRIVE\MEMORY\</path>
         <kind>object</kind>
         <file>stepper_drive__memory.obj</file>
         <name>stepper_drive__memory.obj</name>
      </input_file>
      <input_file id="fl-6e">
         <path>.\MULTICORE\LCCM231__MULTICORE__STEPPER_DRIVE\LIMITS\</path>
         <kind>object</kind>
         <file>stepper_drive__limits.obj</file>
         <name>stepper_drive__limits.obj</name>
      </input_file>
      <input_file id="fl-6f">
         <path>.\MULTICORE\LCCM231__MULTICORE__STEPPER_DRIVE\JERK\</path>
         <kind>object</kind>
         <file>stepper_drive__jerk.obj</file>
         <name>stepper_drive__jerk.obj</name>
      </input_file>
      <input_file id="fl-70">
         <path>.\MULTICORE\LCCM231__MULTICORE__STEPPER_DRIVE\HOME\</path>
         <kind>object</kind>
         <file>stepper_drive__home.obj</file>
         <name>stepper_drive__home.obj</name>
      </input_file>
      <input_file id="fl-71">
         <path>.\MULTICORE\LCCM231__MULTICORE__STEPPER_DRIVE\GEKO\</path>
         <kind>object</kind>
         <file>stepper_drive__geko.obj</file>
         <name>stepper_drive__geko.obj</name>
      </input_file>
      <input_file id="fl-72">
         <path>.\MULTICORE\LCCM231__MULTICORE__STEPPER_DRIVE\BUFFER_CONTROL\</path>
         <kind>object</kind>
         <file>stepper_drive__buffer.obj</file>
         <name>stepper_drive__buffer.obj</name>
      </input_file>
      <input_file id="fl-73">
         <path>.\MULTICORE\LCCM231__MULTICORE__STEPPER_DRIVE\A4988\</path>
         <kind>object</kind>
         <file>stepper_drive__a4988.obj</file>
         <name>stepper_drive__a4988.obj</name>
      </input_file>
      <input_file id="fl-74">
         <path>.\MULTICORE\LCCM188__MULTICORE__EEPROM_PARAMS\</path>
         <kind>object</kind>
         <file>eeprom_params.obj</file>
         <name>eeprom_params.obj</name>
      </input_file>
      <input_file id="fl-75">
         <path>.\MULTICORE\LCCM188__MULTICORE__EEPROM_PARAMS\</path>
         <kind>object</kind>
         <file>eeprom_params__crc.obj</file>
         <name>eeprom_params__crc.obj</name>
      </input_file>
      <input_file id="fl-76">
         <path>.\MULTICORE\LCCM118__MULTICORE__NUMERICAL\</path>
         <kind>object</kind>
         <file>numerical.obj</file>
         <name>numerical.obj</name>
      </input_file>
      <input_file id="fl-77">
         <path>.\MULTICORE\LCCM118__MULTICORE__NUMERICAL\TRIG_TABLES\</path>
         <kind>object</kind>
         <file>numerical__atan.obj</file>
         <name>numerical__atan.obj</name>
      </input_file>
      <input_file id="fl-78">
         <path>.\MULTICORE\LCCM118__MULTICORE__NUMERICAL\TRIG_TABLES\</path>
         <kind>object</kind>
         <file>numerical__cosine.obj</file>
         <name>numerical__cosine.obj</name>
      </input_file>
      <input_file id="fl-79">
         <path>.\MULTICORE\LCCM118__MULTICORE__NUMERICAL\TRIG_TABLES\</path>
         <kind>object</kind>
         <file>numerical__sine.obj</file>
         <name>numerical__sine.obj</name>
      </input_file>
      <input_file id="fl-7a">
         <path>.\MULTICORE\LCCM118__MULTICORE__NUMERICAL\TRIG_TABLES\</path>
         <kind>object</kind>
         <file>numerical__trig_tables.obj</file>
         <name>numerical__trig_tables.obj</name>
      </input_file>
      <input_file id="fl-7b">
         <path>.\MULTICORE\LCCM118__MULTICORE__NUMERICAL\TOLERANCE\</path>
         <kind>object</kind>
         <file>numerical__tolerance.obj</file>
         <name>numerical__tolerance.obj</name>
      </input_file>
      <input_file id="fl-7c">
         <path>.\MULTICORE\LCCM118__MULTICORE__NUMERICAL\SUVAT\</path>
         <kind>object</kind>
         <file>numerical__suvat.obj</file>
         <name>numerical__suvat.obj</name>
      </input_file>
      <input_file id="fl-7d">
         <path>.\MULTICORE\LCCM118__MULTICORE__NUMERICAL\FLOAT\</path>
         <kind>object</kind>
         <file>numerical__float.obj</file>
         <name>numerical__float.obj</name>
      </input_file>
      <input_file id="fl-7e">
         <path>.\MULTICORE\LCCM118__MULTICORE__NUMERICAL\FILTERING\</path>
         <kind>object</kind>
         <file>numerical__average.obj</file>
         <name>numerical__average.obj</name>
      </input_file>
      <input_file id="fl-7f">
         <path>.\MULTICORE\LCCM118__MULTICORE__NUMERICAL\BINARY\</path>
         <kind>object</kind>
         <file>numerical__binary.obj</file>
         <name>numerical__binary.obj</name>
      </input_file>
      <input_file id="fl-80">
         <path>.\MULTICORE\LCCM118__MULTICORE__NUMERICAL\ARRAY\</path>
         <kind>object</kind>
         <file>numerical__array.obj</file>
         <name>numerical__array.obj</name>
      </input_file>
      <input_file id="fl-81">
         <path>.\MULTICORE\LCCM118__MULTICORE__NUMERICAL\ARCTAN2\</path>
         <kind>object</kind>
         <file>arctan2.obj</file>
         <name>arctan2.obj</name>
      </input_file>
      <input_file id="fl-82">
         <path>.\MULTICORE\LCCM118__MULTICORE__NUMERICAL\ABS\</path>
         <kind>object</kind>
         <file>numerical__abs.obj</file>
         <name>numerical__abs.obj</name>
      </input_file>
      <input_file id="fl-83">
         <path>.\MULTICORE\LCCM012__MULTICORE__SOFTWARE_CRC\</path>
         <kind>object</kind>
         <file>software_crc.obj</file>
         <name>software_crc.obj</name>
      </input_file>
      <input_file id="fl-89">
         <path>D:\LOCKIE\DESIGN\RLOOP\FIRMWARE\COMMON_CODE\RM4\LCCM135__RM4__FLASH\F021_Flash_API\V2.00.01\Libraries\</path>
         <kind>archive</kind>
         <file>F021_API_CortexR4_LE_V3D16.lib</file>
         <name>Async.WithAddress.obj</name>
      </input_file>
      <input_file id="fl-8a">
         <path>D:\LOCKIE\DESIGN\RLOOP\FIRMWARE\COMMON_CODE\RM4\LCCM135__RM4__FLASH\F021_Flash_API\V2.00.01\Libraries\</path>
         <kind>archive</kind>
         <file>F021_API_CortexR4_LE_V3D16.lib</file>
         <name>FlashStateMachine.EnableEepromSectors.obj</name>
      </input_file>
      <input_file id="fl-8b">
         <path>D:\LOCKIE\DESIGN\RLOOP\FIRMWARE\COMMON_CODE\RM4\LCCM135__RM4__FLASH\F021_Flash_API\V2.00.01\Libraries\</path>
         <kind>archive</kind>
         <file>F021_API_CortexR4_LE_V3D16.lib</file>
         <name>FlashStateMachine.EnableMainSectors.obj</name>
      </input_file>
      <input_file id="fl-8c">
         <path>D:\LOCKIE\DESIGN\RLOOP\FIRMWARE\COMMON_CODE\RM4\LCCM135__RM4__FLASH\F021_Flash_API\V2.00.01\Libraries\</path>
         <kind>archive</kind>
         <file>F021_API_CortexR4_LE_V3D16.lib</file>
         <name>FlashStateMachine.InitializeFlashBanks.obj</name>
      </input_file>
      <input_file id="fl-8d">
         <path>D:\LOCKIE\DESIGN\RLOOP\FIRMWARE\COMMON_CODE\RM4\LCCM135__RM4__FLASH\F021_Flash_API\V2.00.01\Libraries\</path>
         <kind>archive</kind>
         <file>F021_API_CortexR4_LE_V3D16.lib</file>
         <name>FlashStateMachine.IssueFsmCommand.obj</name>
      </input_file>
      <input_file id="fl-8e">
         <path>D:\LOCKIE\DESIGN\RLOOP\FIRMWARE\COMMON_CODE\RM4\LCCM135__RM4__FLASH\F021_Flash_API\V2.00.01\Libraries\</path>
         <kind>archive</kind>
         <file>F021_API_CortexR4_LE_V3D16.lib</file>
         <name>FlashStateMachine.ScaleFclk.obj</name>
      </input_file>
      <input_file id="fl-8f">
         <path>D:\LOCKIE\DESIGN\RLOOP\FIRMWARE\COMMON_CODE\RM4\LCCM135__RM4__FLASH\F021_Flash_API\V2.00.01\Libraries\</path>
         <kind>archive</kind>
         <file>F021_API_CortexR4_LE_V3D16.lib</file>
         <name>FlashStateMachine.SetActiveBank.obj</name>
      </input_file>
      <input_file id="fl-90">
         <path>D:\LOCKIE\DESIGN\RLOOP\FIRMWARE\COMMON_CODE\RM4\LCCM135__RM4__FLASH\F021_Flash_API\V2.00.01\Libraries\</path>
         <kind>archive</kind>
         <file>F021_API_CortexR4_LE_V3D16.lib</file>
         <name>Program.obj</name>
      </input_file>
      <input_file id="fl-91">
         <path>D:\LOCKIE\DESIGN\RLOOP\FIRMWARE\COMMON_CODE\RM4\LCCM135__RM4__FLASH\F021_Flash_API\V2.00.01\Libraries\</path>
         <kind>archive</kind>
         <file>F021_API_CortexR4_LE_V3D16.lib</file>
         <name>Utilities.CalculateEcc.obj</name>
      </input_file>
      <input_file id="fl-92">
         <path>D:\LOCKIE\DESIGN\RLOOP\FIRMWARE\COMMON_CODE\RM4\LCCM135__RM4__FLASH\F021_Flash_API\V2.00.01\Libraries\</path>
         <kind>archive</kind>
         <file>F021_API_CortexR4_LE_V3D16.lib</file>
         <name>Utilities.CalculateFletcher.obj</name>
      </input_file>
      <input_file id="fl-93">
         <path>D:\TI\ccsv6\tools\compiler\arm_15.12.3.LTS\lib\</path>
         <kind>archive</kind>
         <file>rtsv7R4_T_le_v3D16_eabi.lib</file>
         <name>copy_decompress_none.obj</name>
      </input_file>
      <input_file id="fl-94">
         <path>D:\TI\ccsv6\tools\compiler\arm_15.12.3.LTS\lib\</path>
         <kind>archive</kind>
         <file>rtsv7R4_T_le_v3D16_eabi.lib</file>
         <name>copy_decompress_rle.obj</name>
      </input_file>
      <input_file id="fl-95">
         <path>D:\TI\ccsv6\tools\compiler\arm_15.12.3.LTS\lib\</path>
         <kind>archive</kind>
         <file>rtsv7R4_T_le_v3D16_eabi.lib</file>
         <name>copy_zero_init.obj</name>
      </input_file>
      <input_file id="fl-96">
         <path>D:\TI\ccsv6\tools\compiler\arm_15.12.3.LTS\lib\</path>
         <kind>archive</kind>
         <file>rtsv7R4_T_le_v3D16_eabi.lib</file>
         <name>cpy_tbl.obj</name>
      </input_file>
      <input_file id="fl-97">
         <path>D:\TI\ccsv6\tools\compiler\arm_15.12.3.LTS\lib\</path>
         <kind>archive</kind>
         <file>rtsv7R4_T_le_v3D16_eabi.lib</file>
         <name>e_asinf.obj</name>
      </input_file>
      <input_file id="fl-98">
         <path>D:\TI\ccsv6\tools\compiler\arm_15.12.3.LTS\lib\</path>
         <kind>archive</kind>
         <file>rtsv7R4_T_le_v3D16_eabi.lib</file>
         <name>e_atan2f.obj</name>
      </input_file>
      <input_file id="fl-99">
         <path>D:\TI\ccsv6\tools\compiler\arm_15.12.3.LTS\lib\</path>
         <kind>archive</kind>
         <file>rtsv7R4_T_le_v3D16_eabi.lib</file>
         <name>e_log.obj</name>
      </input_file>
      <input_file id="fl-9a">
         <path>D:\TI\ccsv6\tools\compiler\arm_15.12.3.LTS\lib\</path>
         <kind>archive</kind>
         <file>rtsv7R4_T_le_v3D16_eabi.lib</file>
         <name>e_sqrt.obj</name>
      </input_file>
      <input_file id="fl-9b">
         <path>D:\TI\ccsv6\tools\compiler\arm_15.12.3.LTS\lib\</path>
         <kind>archive</kind>
         <file>rtsv7R4_T_le_v3D16_eabi.lib</file>
         <name>e_sqrtf.obj</name>
      </input_file>
      <input_file id="fl-9c">
         <path>D:\TI\ccsv6\tools\compiler\arm_15.12.3.LTS\lib\</path>
         <kind>archive</kind>
         <file>rtsv7R4_T_le_v3D16_eabi.lib</file>
         <name>errno.obj</name>
      </input_file>
      <input_file id="fl-9d">
         <path>D:\TI\ccsv6\tools\compiler\arm_15.12.3.LTS\lib\</path>
         <kind>archive</kind>
         <file>rtsv7R4_T_le_v3D16_eabi.lib</file>
         <name>exit.obj</name>
      </input_file>
      <input_file id="fl-9e">
         <path>D:\TI\ccsv6\tools\compiler\arm_15.12.3.LTS\lib\</path>
         <kind>archive</kind>
         <file>rtsv7R4_T_le_v3D16_eabi.lib</file>
         <name>i_div32.obj</name>
      </input_file>
      <input_file id="fl-9f">
         <path>D:\TI\ccsv6\tools\compiler\arm_15.12.3.LTS\lib\</path>
         <kind>archive</kind>
         <file>rtsv7R4_T_le_v3D16_eabi.lib</file>
         <name>memcpy_t2.obj</name>
      </input_file>
      <input_file id="fl-a0">
         <path>D:\TI\ccsv6\tools\compiler\arm_15.12.3.LTS\lib\</path>
         <kind>archive</kind>
         <file>rtsv7R4_T_le_v3D16_eabi.lib</file>
         <name>memset_t2.obj</name>
      </input_file>
      <input_file id="fl-a1">
         <path>D:\TI\ccsv6\tools\compiler\arm_15.12.3.LTS\lib\</path>
         <kind>archive</kind>
         <file>rtsv7R4_T_le_v3D16_eabi.lib</file>
         <name>s_atanf.obj</name>
      </input_file>
      <input_file id="fl-a2">
         <path>D:\TI\ccsv6\tools\compiler\arm_15.12.3.LTS\lib\</path>
         <kind>archive</kind>
         <file>rtsv7R4_T_le_v3D16_eabi.lib</file>
         <name>s_cosf.obj</name>
      </input_file>
      <input_file id="fl-a3">
         <path>D:\TI\ccsv6\tools\compiler\arm_15.12.3.LTS\lib\</path>
         <kind>archive</kind>
         <file>rtsv7R4_T_le_v3D16_eabi.lib</file>
         <name>s_sinf.obj</name>
      </input_file>
      <input_file id="fl-a4">
         <path>D:\TI\ccsv6\tools\compiler\arm_15.12.3.LTS\lib\</path>
         <kind>archive</kind>
         <file>rtsv7R4_T_le_v3D16_eabi.lib</file>
         <name>s_tanf.obj</name>
      </input_file>
      <input_file id="fl-a5">
         <path>D:\TI\ccsv6\tools\compiler\arm_15.12.3.LTS\lib\</path>
         <kind>archive</kind>
         <file>rtsv7R4_T_le_v3D16_eabi.lib</file>
         <name>u_div32.obj</name>
      </input_file>
      <input_file id="fl-a6">
         <path>D:\TI\ccsv6\tools\compiler\arm_15.12.3.LTS\lib\</path>
         <kind>archive</kind>
         <file>rtsv7R4_T_le_v3D16_eabi.lib</file>
         <name>_lock.obj</name>
      </input_file>
      <input_file id="fl-a7">
         <path>D:\TI\ccsv6\tools\compiler\arm_15.12.3.LTS\lib\</path>
         <kind>archive</kind>
         <file>rtsv7R4_T_le_v3D16_eabi.lib</file>
         <name>i_div0.obj</name>
      </input_file>
      <input_file id="fl-a8">
         <path>D:\TI\ccsv6\tools\compiler\arm_15.12.3.LTS\lib\</path>
         <kind>archive</kind>
         <file>rtsv7R4_T_le_v3D16_eabi.lib</file>
         <name>k_rem_pio2.obj</name>
      </input_file>
      <input_file id="fl-a9">
         <path>D:\TI\ccsv6\tools\compiler\arm_15.12.3.LTS\lib\</path>
         <kind>archive</kind>
         <file>rtsv7R4_T_le_v3D16_eabi.lib</file>
         <name>s_floor.obj</name>
      </input_file>
      <input_file id="fl-aa">
         <path>D:\TI\ccsv6\tools\compiler\arm_15.12.3.LTS\lib\</path>
         <kind>archive</kind>
         <file>rtsv7R4_T_le_v3D16_eabi.lib</file>
         <name>s_scalbn.obj</name>
      </input_file>
      <input_file id="fl-ab">
         <path>D:\TI\ccsv6\tools\compiler\arm_15.12.3.LTS\lib\</path>
         <kind>archive</kind>
         <file>rtsv7R4_T_le_v3D16_eabi.lib</file>
         <name>s_copysign.obj</name>
      </input_file>
   </input_file_list>
   <object_component_list>
      <object_component id="oc-60">
         <name>.intvecs</name>
         <load_address>0x0</load_address>
         <run_address>0x0</run_address>
         <size>0x20</size>
         <input_file_ref idref="fl-3d"/>
      </object_component>
      <object_component id="oc-ac">
         <name>.text</name>
         <load_address>0x2c</load_address>
         <run_address>0x2c</run_address>
         <size>0xfc8</size>
         <input_file_ref idref="fl-36"/>
      </object_component>
      <object_component id="oc-250">
         <name>.text</name>
         <load_address>0xff4</load_address>
         <run_address>0xff4</run_address>
         <size>0xae4</size>
         <input_file_ref idref="fl-51"/>
      </object_component>
      <object_component id="oc-226">
         <name>.text</name>
         <load_address>0x1ad8</load_address>
         <run_address>0x1ad8</run_address>
         <size>0x940</size>
         <input_file_ref idref="fl-4d"/>
      </object_component>
      <object_component id="oc-11b">
         <name>.text</name>
         <load_address>0x2418</load_address>
         <run_address>0x2418</run_address>
         <size>0x7f8</size>
         <input_file_ref idref="fl-6b"/>
      </object_component>
      <object_component id="oc-a6">
         <name>.text</name>
         <load_address>0x2c10</load_address>
         <run_address>0x2c10</run_address>
         <size>0x7a4</size>
         <input_file_ref idref="fl-31"/>
      </object_component>
      <object_component id="oc-15d">
         <name>.text</name>
         <load_address>0x33b4</load_address>
         <run_address>0x33b4</run_address>
         <size>0x714</size>
         <input_file_ref idref="fl-2c"/>
      </object_component>
      <object_component id="oc-25c">
         <name>.text</name>
         <load_address>0x3ac8</load_address>
         <run_address>0x3ac8</run_address>
         <size>0x59c</size>
         <input_file_ref idref="fl-27"/>
      </object_component>
      <object_component id="oc-151">
         <name>.text</name>
         <load_address>0x4064</load_address>
         <run_address>0x4064</run_address>
         <size>0x550</size>
         <input_file_ref idref="fl-37"/>
      </object_component>
      <object_component id="oc-4e">
         <name>.text:retain</name>
         <load_address>0x45b4</load_address>
         <run_address>0x45b4</run_address>
         <size>0x504</size>
         <input_file_ref idref="fl-37"/>
      </object_component>
      <object_component id="oc-43">
         <name>.text</name>
         <load_address>0x4ab8</load_address>
         <run_address>0x4ab8</run_address>
         <size>0x3dc</size>
         <input_file_ref idref="fl-32"/>
      </object_component>
      <object_component id="oc-96">
         <name>.text</name>
         <load_address>0x4e94</load_address>
         <run_address>0x4e94</run_address>
         <size>0x3c4</size>
         <input_file_ref idref="fl-3b"/>
      </object_component>
      <object_component id="oc-13d">
         <name>.text</name>
         <load_address>0x5258</load_address>
         <run_address>0x5258</run_address>
         <size>0x3c0</size>
         <input_file_ref idref="fl-35"/>
      </object_component>
      <object_component id="oc-121">
         <name>.text</name>
         <load_address>0x5618</load_address>
         <run_address>0x5618</run_address>
         <size>0x380</size>
         <input_file_ref idref="fl-4f"/>
      </object_component>
      <object_component id="oc-a0">
         <name>.text</name>
         <load_address>0x5998</load_address>
         <run_address>0x5998</run_address>
         <size>0x35c</size>
         <input_file_ref idref="fl-39"/>
      </object_component>
      <object_component id="oc-36">
         <name>.text:retain</name>
         <load_address>0x5cf4</load_address>
         <run_address>0x5cf4</run_address>
         <size>0x358</size>
         <input_file_ref idref="fl-28"/>
      </object_component>
      <object_component id="oc-256">
         <name>.text</name>
         <load_address>0x604c</load_address>
         <run_address>0x604c</run_address>
         <size>0x340</size>
         <input_file_ref idref="fl-16"/>
      </object_component>
      <object_component id="oc-27">
         <name>.text:retain</name>
         <load_address>0x638c</load_address>
         <run_address>0x638c</run_address>
         <size>0x338</size>
         <input_file_ref idref="fl-10"/>
      </object_component>
      <object_component id="oc-9b">
         <name>.text</name>
         <load_address>0x66c4</load_address>
         <run_address>0x66c4</run_address>
         <size>0x300</size>
         <input_file_ref idref="fl-3e"/>
      </object_component>
      <object_component id="oc-b2">
         <name>.text</name>
         <load_address>0x69c4</load_address>
         <run_address>0x69c4</run_address>
         <size>0x300</size>
         <input_file_ref idref="fl-41"/>
      </object_component>
      <object_component id="oc-30">
         <name>.text:retain</name>
         <load_address>0x6cc4</load_address>
         <run_address>0x6cc4</run_address>
         <size>0x2b8</size>
         <input_file_ref idref="fl-18"/>
      </object_component>
      <object_component id="oc-10e">
         <name>.text</name>
         <load_address>0x6f7c</load_address>
         <run_address>0x6f7c</run_address>
         <size>0x2a4</size>
         <input_file_ref idref="fl-4b"/>
      </object_component>
      <object_component id="oc-42">
         <name>.text:retain</name>
         <load_address>0x7220</load_address>
         <run_address>0x7220</run_address>
         <size>0x2a0</size>
         <input_file_ref idref="fl-32"/>
      </object_component>
      <object_component id="oc-f2">
         <name>.text</name>
         <load_address>0x74c0</load_address>
         <run_address>0x74c0</run_address>
         <size>0x21c</size>
         <input_file_ref idref="fl-66"/>
      </object_component>
      <object_component id="oc-3c">
         <name>.text:retain</name>
         <load_address>0x76dc</load_address>
         <run_address>0x76dc</run_address>
         <size>0x1ec</size>
         <input_file_ref idref="fl-2f"/>
      </object_component>
      <object_component id="oc-21c">
         <name>.text</name>
         <load_address>0x78c8</load_address>
         <run_address>0x78c8</run_address>
         <size>0x1b8</size>
         <input_file_ref idref="fl-71"/>
      </object_component>
      <object_component id="oc-6b">
         <name>.text:retain</name>
         <load_address>0x7a80</load_address>
         <run_address>0x7a80</run_address>
         <size>0x174</size>
         <input_file_ref idref="fl-4f"/>
      </object_component>
      <object_component id="oc-144">
         <name>.text</name>
         <load_address>0x7bf4</load_address>
         <run_address>0x7bf4</run_address>
         <size>0x114</size>
         <input_file_ref idref="fl-40"/>
      </object_component>
      <object_component id="oc-21">
         <name>.text:retain</name>
         <load_address>0x7d08</load_address>
         <run_address>0x7d08</run_address>
         <size>0xfc</size>
         <input_file_ref idref="fl-41"/>
      </object_component>
      <object_component id="oc-108">
         <name>.text</name>
         <load_address>0x7e04</load_address>
         <run_address>0x7e04</run_address>
         <size>0xe8</size>
         <input_file_ref idref="fl-3c"/>
      </object_component>
      <object_component id="oc-65">
         <name>.text:retain</name>
         <load_address>0x7eec</load_address>
         <run_address>0x7eec</run_address>
         <size>0xe0</size>
         <input_file_ref idref="fl-4b"/>
      </object_component>
      <object_component id="oc-5a">
         <name>.text:retain</name>
         <load_address>0x7fcc</load_address>
         <run_address>0x7fcc</run_address>
         <size>0xa0</size>
         <input_file_ref idref="fl-3a"/>
      </object_component>
      <object_component id="oc-71">
         <name>.text</name>
         <load_address>0x806c</load_address>
         <run_address>0x806c</run_address>
         <size>0x9c</size>
         <input_file_ref idref="fl-9f"/>
      </object_component>
      <object_component id="oc-b9">
         <name>.text</name>
         <load_address>0x8108</load_address>
         <run_address>0x8108</run_address>
         <size>0x94</size>
         <input_file_ref idref="fl-10"/>
      </object_component>
      <object_component id="oc-8a">
         <name>.text</name>
         <load_address>0x819c</load_address>
         <run_address>0x819c</run_address>
         <size>0x7a</size>
         <input_file_ref idref="fl-a0"/>
      </object_component>
      <object_component id="oc-7d">
         <name>.text</name>
         <load_address>0x8216</load_address>
         <run_address>0x8216</run_address>
         <size>0x6a</size>
         <input_file_ref idref="fl-94"/>
      </object_component>
      <object_component id="oc-169">
         <name>.text</name>
         <load_address>0x8280</load_address>
         <run_address>0x8280</run_address>
         <size>0x50</size>
         <input_file_ref idref="fl-9d"/>
      </object_component>
      <object_component id="oc-157">
         <name>.text</name>
         <load_address>0x82d0</load_address>
         <run_address>0x82d0</run_address>
         <size>0x4c</size>
         <input_file_ref idref="fl-96"/>
      </object_component>
      <object_component id="oc-e5">
         <name>.text</name>
         <load_address>0x831c</load_address>
         <run_address>0x831c</run_address>
         <size>0x20</size>
         <input_file_ref idref="fl-38"/>
      </object_component>
      <object_component id="oc-d1">
         <name>.text</name>
         <load_address>0x833c</load_address>
         <run_address>0x833c</run_address>
         <size>0x18</size>
         <input_file_ref idref="fl-1b"/>
      </object_component>
      <object_component id="oc-20e">
         <name>.text</name>
         <load_address>0x8354</load_address>
         <run_address>0x8354</run_address>
         <size>0x18</size>
         <input_file_ref idref="fl-3a"/>
      </object_component>
      <object_component id="oc-db">
         <name>.text</name>
         <load_address>0x836c</load_address>
         <run_address>0x836c</run_address>
         <size>0x14</size>
         <input_file_ref idref="fl-2e"/>
      </object_component>
      <object_component id="oc-27c">
         <name>.text</name>
         <load_address>0x8380</load_address>
         <run_address>0x8380</run_address>
         <size>0x14</size>
         <input_file_ref idref="fl-a6"/>
      </object_component>
      <object_component id="oc-115">
         <name>.text</name>
         <load_address>0x8394</load_address>
         <run_address>0x8394</run_address>
         <size>0x10</size>
         <input_file_ref idref="fl-57"/>
      </object_component>
      <object_component id="oc-163">
         <name>.text</name>
         <load_address>0x83a4</load_address>
         <run_address>0x83a4</run_address>
         <size>0x10</size>
         <input_file_ref idref="fl-2"/>
      </object_component>
      <object_component id="oc-f">
         <name>.text:decompress:none</name>
         <load_address>0x83b4</load_address>
         <run_address>0x83b4</run_address>
         <size>0xe</size>
         <input_file_ref idref="fl-93"/>
      </object_component>
      <object_component id="oc-15">
         <name>.text:decompress:rle24</name>
         <load_address>0x83c2</load_address>
         <run_address>0x83c2</run_address>
         <size>0x6</size>
         <input_file_ref idref="fl-94"/>
      </object_component>
      <object_component id="oc-54">
         <name>.text:retain</name>
         <load_address>0x83c8</load_address>
         <run_address>0x83c8</run_address>
         <size>0x4</size>
         <input_file_ref idref="fl-39"/>
      </object_component>
      <object_component id="oc-2d">
         <name>.const:s_vim_init</name>
         <load_address>0x83cc</load_address>
         <run_address>0x83cc</run_address>
         <size>0x204</size>
         <input_file_ref idref="fl-32"/>
      </object_component>
      <object_component id="oc-2bd">
         <name>.cinit..data.load</name>
         <load_address>0x85d0</load_address>
         <run_address>0x85d0</run_address>
         <size>0x15</size>
      </object_component>
      <object_component id="oc-2bc">
         <name>.cinit..bss.load</name>
         <load_address>0x85e8</load_address>
         <run_address>0x85e8</run_address>
         <size>0xb</size>
      </object_component>
      <object_component id="oc-2ba">
         <name>__TI_handler_table</name>
         <load_address>0x85f4</load_address>
         <run_address>0x85f4</run_address>
         <size>0x8</size>
      </object_component>
      <object_component id="oc-2bb">
         <name>__TI_cinit_table</name>
         <load_address>0x85fc</load_address>
         <run_address>0x85fc</run_address>
         <size>0x10</size>
      </object_component>
      <object_component id="oc-bf">
         <name>.common:g_sciTransfer_t</name>
         <uninitialized>true</uninitialized>
         <run_address>0x80032ec</run_address>
         <size>0x28</size>
      </object_component>
      <object_component id="oc-d7">
         <name>.common:sN2HET</name>
         <uninitialized>true</uninitialized>
         <run_address>0x8003148</run_address>
         <size>0x110</size>
      </object_component>
      <object_component id="oc-e1">
         <name>.common:sRM4DMA</name>
         <uninitialized>true</uninitialized>
         <run_address>0x8003344</run_address>
         <size>0x10</size>
      </object_component>
      <object_component id="oc-149">
         <name>.common:sBIST</name>
         <uninitialized>true</uninitialized>
         <run_address>0x8003354</run_address>
         <size>0xc</size>
      </object_component>
      <object_component id="oc-14d">
         <name>.common:sRM4ST</name>
         <uninitialized>true</uninitialized>
         <run_address>0x8003360</run_address>
         <size>0xc</size>
      </object_component>
      <object_component id="oc-f8">
         <name>.common:sESM</name>
         <uninitialized>true</uninitialized>
         <run_address>0x8003314</run_address>
         <size>0x18</size>
      </object_component>
      <object_component id="oc-22c">
         <name>.common:sRTI</name>
         <uninitialized>true</uninitialized>
         <run_address>0x8003258</run_address>
         <size>0x94</size>
      </object_component>
      <object_component id="oc-266">
         <name>.common:sRTI_CLK</name>
         <uninitialized>true</uninitialized>
         <run_address>0x800332c</run_address>
         <size>0x18</size>
      </object_component>
      <object_component id="oc-265">
         <name>.common:f32_FIT</name>
         <uninitialized>true</uninitialized>
         <run_address>0x800336c</run_address>
         <size>0x4</size>
      </object_component>
      <object_component id="oc-222">
         <name>.common:sStepDrive</name>
         <uninitialized>true</uninitialized>
         <run_address>0x8003000</run_address>
         <size>0x148</size>
      </object_component>
      <object_component id="oc-240">
         <name>.data:$O1$$</name>
         <load_address>0x8003370</load_address>
         <run_address>0x8003370</run_address>
         <size>0xc</size>
         <input_file_ref idref="fl-9d"/>
      </object_component>
      <object_component id="oc-243">
         <name>.data:$O1$$</name>
         <load_address>0x800337c</load_address>
         <run_address>0x800337c</run_address>
         <size>0x8</size>
         <input_file_ref idref="fl-a6"/>
      </object_component>
      <object_component id="oc-1f1">
         <name>.debug_info</name>
         <load_address>0x0</load_address>
         <run_address>0x0</run_address>
         <size>0x47d</size>
         <input_file_ref idref="fl-2"/>
      </object_component>
      <object_component id="oc-164">
         <name>.debug_info</name>
         <load_address>0x47d</load_address>
         <run_address>0x47d</run_address>
         <size>0x144</size>
         <input_file_ref idref="fl-2"/>
      </object_component>
      <object_component id="oc-fe">
         <name>.debug_info</name>
         <load_address>0x5c1</load_address>
         <run_address>0x5c1</run_address>
         <size>0x281</size>
         <input_file_ref idref="fl-2"/>
      </object_component>
      <object_component id="oc-179">
         <name>.debug_info</name>
         <load_address>0x842</load_address>
         <run_address>0x842</run_address>
         <size>0xe56</size>
         <input_file_ref idref="fl-2"/>
      </object_component>
      <object_component id="oc-18d">
         <name>.debug_info</name>
         <load_address>0x1698</load_address>
         <run_address>0x1698</run_address>
         <size>0x52b</size>
         <input_file_ref idref="fl-2"/>
      </object_component>
      <object_component id="oc-1b5">
         <name>.debug_info</name>
         <load_address>0x1bc3</load_address>
         <run_address>0x1bc3</run_address>
         <size>0x18d</size>
         <input_file_ref idref="fl-2"/>
      </object_component>
      <object_component id="oc-19c">
         <name>.debug_info</name>
         <load_address>0x1d50</load_address>
         <run_address>0x1d50</run_address>
         <size>0x752</size>
         <input_file_ref idref="fl-2"/>
      </object_component>
      <object_component id="oc-ec">
         <name>.debug_info</name>
         <load_address>0x24a2</load_address>
         <run_address>0x24a2</run_address>
         <size>0x438</size>
         <input_file_ref idref="fl-2"/>
      </object_component>
      <object_component id="oc-17e">
         <name>.debug_info</name>
         <load_address>0x28da</load_address>
         <run_address>0x28da</run_address>
         <size>0xd26</size>
         <input_file_ref idref="fl-2"/>
      </object_component>
      <object_component id="oc-23a">
         <name>.debug_info</name>
         <load_address>0x3600</load_address>
         <run_address>0x3600</run_address>
         <size>0x75</size>
         <input_file_ref idref="fl-2"/>
      </object_component>
      <object_component id="oc-c8">
         <name>.debug_info</name>
         <load_address>0x3675</load_address>
         <run_address>0x3675</run_address>
         <size>0x1a4</size>
         <input_file_ref idref="fl-2"/>
      </object_component>
      <object_component id="oc-216">
         <name>.debug_info</name>
         <load_address>0x3819</load_address>
         <run_address>0x3819</run_address>
         <size>0x1a0</size>
         <input_file_ref idref="fl-2"/>
      </object_component>
      <object_component id="oc-28f">
         <name>.debug_info</name>
         <load_address>0x39b9</load_address>
         <run_address>0x39b9</run_address>
         <size>0x3e3</size>
         <input_file_ref idref="fl-2"/>
      </object_component>
      <object_component id="oc-289">
         <name>.debug_info</name>
         <load_address>0x3d9c</load_address>
         <run_address>0x3d9c</run_address>
         <size>0x32b</size>
         <input_file_ref idref="fl-2"/>
      </object_component>
      <object_component id="oc-1c9">
         <name>.debug_info</name>
         <load_address>0x40c7</load_address>
         <run_address>0x40c7</run_address>
         <size>0x7f7</size>
         <input_file_ref idref="fl-2"/>
      </object_component>
      <object_component id="oc-192">
         <name>.debug_info</name>
         <load_address>0x48be</load_address>
         <run_address>0x48be</run_address>
         <size>0x39f</size>
         <input_file_ref idref="fl-2"/>
      </object_component>
      <object_component id="oc-204">
         <name>.debug_info</name>
         <load_address>0x4c5d</load_address>
         <run_address>0x4c5d</run_address>
         <size>0x5e</size>
         <input_file_ref idref="fl-2"/>
      </object_component>
      <object_component id="oc-1a1">
         <name>.debug_info</name>
         <load_address>0x4cbb</load_address>
         <run_address>0x4cbb</run_address>
         <size>0x25c5</size>
         <input_file_ref idref="fl-2"/>
      </object_component>
      <object_component id="oc-183">
         <name>.debug_info</name>
         <load_address>0x7280</load_address>
         <run_address>0x7280</run_address>
         <size>0x5f</size>
         <input_file_ref idref="fl-2"/>
      </object_component>
      <object_component id="oc-188">
         <name>.debug_info</name>
         <load_address>0x72df</load_address>
         <run_address>0x72df</run_address>
         <size>0x4da</size>
         <input_file_ref idref="fl-2"/>
      </object_component>
      <object_component id="oc-197">
         <name>.debug_info</name>
         <load_address>0x77b9</load_address>
         <run_address>0x77b9</run_address>
         <size>0x338</size>
         <input_file_ref idref="fl-2"/>
      </object_component>
      <object_component id="oc-103">
         <name>.debug_info</name>
         <load_address>0x7af1</load_address>
         <run_address>0x7af1</run_address>
         <size>0x84</size>
         <input_file_ref idref="fl-2"/>
      </object_component>
      <object_component id="oc-c3">
         <name>.debug_info</name>
         <load_address>0x7b75</load_address>
         <run_address>0x7b75</run_address>
         <size>0xa1</size>
         <input_file_ref idref="fl-2"/>
      </object_component>
      <object_component id="oc-1d8">
         <name>.debug_info</name>
         <load_address>0x7c16</load_address>
         <run_address>0x7c16</run_address>
         <size>0x3c7</size>
         <input_file_ref idref="fl-2"/>
      </object_component>
      <object_component id="oc-1d3">
         <name>.debug_info</name>
         <load_address>0x7fdd</load_address>
         <run_address>0x7fdd</run_address>
         <size>0x200</size>
         <input_file_ref idref="fl-2"/>
      </object_component>
      <object_component id="oc-209">
         <name>.debug_info</name>
         <load_address>0x81dd</load_address>
         <run_address>0x81dd</run_address>
         <size>0x14f</size>
         <input_file_ref idref="fl-2"/>
      </object_component>
      <object_component id="oc-1e7">
         <name>.debug_info</name>
         <load_address>0x832c</load_address>
         <run_address>0x832c</run_address>
         <size>0x437</size>
         <input_file_ref idref="fl-2"/>
      </object_component>
      <object_component id="oc-1a6">
         <name>.debug_info</name>
         <load_address>0x8763</load_address>
         <run_address>0x8763</run_address>
         <size>0x5d7</size>
         <input_file_ref idref="fl-2"/>
      </object_component>
      <object_component id="oc-1ab">
         <name>.debug_info</name>
         <load_address>0x8d3a</load_address>
         <run_address>0x8d3a</run_address>
         <size>0x1ca</size>
         <input_file_ref idref="fl-2"/>
      </object_component>
      <object_component id="oc-1b0">
         <name>.debug_info</name>
         <load_address>0x8f04</load_address>
         <run_address>0x8f04</run_address>
         <size>0x18e</size>
         <input_file_ref idref="fl-2"/>
      </object_component>
      <object_component id="oc-1ba">
         <name>.debug_info</name>
         <load_address>0x9092</load_address>
         <run_address>0x9092</run_address>
         <size>0x1f2</size>
         <input_file_ref idref="fl-2"/>
      </object_component>
      <object_component id="oc-1bf">
         <name>.debug_info</name>
         <load_address>0x9284</load_address>
         <run_address>0x9284</run_address>
         <size>0x45e</size>
         <input_file_ref idref="fl-2"/>
      </object_component>
      <object_component id="oc-1c4">
         <name>.debug_info</name>
         <load_address>0x96e2</load_address>
         <run_address>0x96e2</run_address>
         <size>0x1d1</size>
         <input_file_ref idref="fl-2"/>
      </object_component>
      <object_component id="oc-1ce">
         <name>.debug_info</name>
         <load_address>0x98b3</load_address>
         <run_address>0x98b3</run_address>
         <size>0x3a4</size>
         <input_file_ref idref="fl-2"/>
      </object_component>
      <object_component id="oc-1dd">
         <name>.debug_info</name>
         <load_address>0x9c57</load_address>
         <run_address>0x9c57</run_address>
         <size>0x243</size>
         <input_file_ref idref="fl-2"/>
      </object_component>
      <object_component id="oc-1e2">
         <name>.debug_info</name>
         <load_address>0x9e9a</load_address>
         <run_address>0x9e9a</run_address>
         <size>0x26c</size>
         <input_file_ref idref="fl-2"/>
      </object_component>
      <object_component id="oc-1ec">
         <name>.debug_info</name>
         <load_address>0xa106</load_address>
         <run_address>0xa106</run_address>
         <size>0x7c5</size>
         <input_file_ref idref="fl-2"/>
      </object_component>
      <object_component id="oc-c0">
         <name>.debug_info</name>
         <load_address>0xa8cb</load_address>
         <run_address>0xa8cb</run_address>
         <size>0x4cb</size>
         <input_file_ref idref="fl-e"/>
      </object_component>
      <object_component id="oc-28">
         <name>.debug_info</name>
         <load_address>0xad96</load_address>
         <run_address>0xad96</run_address>
         <size>0x7e6</size>
         <input_file_ref idref="fl-10"/>
      </object_component>
      <object_component id="oc-ba">
         <name>.debug_info</name>
         <load_address>0xb57c</load_address>
         <run_address>0xb57c</run_address>
         <size>0x5a7</size>
         <input_file_ref idref="fl-10"/>
      </object_component>
      <object_component id="oc-294">
         <name>.debug_info</name>
         <load_address>0xbb23</load_address>
         <run_address>0xbb23</run_address>
         <size>0x493</size>
         <input_file_ref idref="fl-16"/>
      </object_component>
      <object_component id="oc-25a">
         <name>.debug_info</name>
         <load_address>0xbfb6</load_address>
         <run_address>0xbfb6</run_address>
         <size>0x909</size>
         <input_file_ref idref="fl-16"/>
      </object_component>
      <object_component id="oc-31">
         <name>.debug_info</name>
         <load_address>0xc8bf</load_address>
         <run_address>0xc8bf</run_address>
         <size>0x96f</size>
         <input_file_ref idref="fl-18"/>
      </object_component>
      <object_component id="oc-d8">
         <name>.debug_info</name>
         <load_address>0xd22e</load_address>
         <run_address>0xd22e</run_address>
         <size>0x4e8</size>
         <input_file_ref idref="fl-1a"/>
      </object_component>
      <object_component id="oc-d3">
         <name>.debug_info</name>
         <load_address>0xd716</load_address>
         <run_address>0xd716</run_address>
         <size>0x2f5</size>
         <input_file_ref idref="fl-1b"/>
      </object_component>
      <object_component id="oc-25d">
         <name>.debug_info</name>
         <load_address>0xda0b</load_address>
         <run_address>0xda0b</run_address>
         <size>0x1440</size>
         <input_file_ref idref="fl-27"/>
      </object_component>
      <object_component id="oc-37">
         <name>.debug_info</name>
         <load_address>0xee4b</load_address>
         <run_address>0xee4b</run_address>
         <size>0x7f7</size>
         <input_file_ref idref="fl-28"/>
      </object_component>
      <object_component id="oc-e2">
         <name>.debug_info</name>
         <load_address>0xf642</load_address>
         <run_address>0xf642</run_address>
         <size>0x49a</size>
         <input_file_ref idref="fl-2c"/>
      </object_component>
      <object_component id="oc-15e">
         <name>.debug_info</name>
         <load_address>0xfadc</load_address>
         <run_address>0xfadc</run_address>
         <size>0x18b7</size>
         <input_file_ref idref="fl-2c"/>
      </object_component>
      <object_component id="oc-dc">
         <name>.debug_info</name>
         <load_address>0x11393</load_address>
         <run_address>0x11393</run_address>
         <size>0x2c0</size>
         <input_file_ref idref="fl-2e"/>
      </object_component>
      <object_component id="oc-3d">
         <name>.debug_info</name>
         <load_address>0x11653</load_address>
         <run_address>0x11653</run_address>
         <size>0x66f</size>
         <input_file_ref idref="fl-2f"/>
      </object_component>
      <object_component id="oc-14a">
         <name>.debug_info</name>
         <load_address>0x11cc2</load_address>
         <run_address>0x11cc2</run_address>
         <size>0x69e</size>
         <input_file_ref idref="fl-31"/>
      </object_component>
      <object_component id="oc-a7">
         <name>.debug_info</name>
         <load_address>0x12360</load_address>
         <run_address>0x12360</run_address>
         <size>0xc51</size>
         <input_file_ref idref="fl-31"/>
      </object_component>
      <object_component id="oc-cf">
         <name>.debug_info</name>
         <load_address>0x12fb1</load_address>
         <run_address>0x12fb1</run_address>
         <size>0xb3d</size>
         <input_file_ref idref="fl-32"/>
      </object_component>
      <object_component id="oc-2e">
         <name>.debug_info</name>
         <load_address>0x13aee</load_address>
         <run_address>0x13aee</run_address>
         <size>0x12d</size>
         <input_file_ref idref="fl-32"/>
      </object_component>
      <object_component id="oc-44">
         <name>.debug_info</name>
         <load_address>0x13c1b</load_address>
         <run_address>0x13c1b</run_address>
         <size>0xaed</size>
         <input_file_ref idref="fl-32"/>
      </object_component>
      <object_component id="oc-49">
         <name>.debug_info</name>
         <load_address>0x14708</load_address>
         <run_address>0x14708</run_address>
         <size>0x308</size>
         <input_file_ref idref="fl-32"/>
      </object_component>
      <object_component id="oc-1f4">
         <name>.debug_info</name>
         <load_address>0x14a10</load_address>
         <run_address>0x14a10</run_address>
         <size>0x4f</size>
         <input_file_ref idref="fl-32"/>
      </object_component>
      <object_component id="oc-13e">
         <name>.debug_info</name>
         <load_address>0x14a5f</load_address>
         <run_address>0x14a5f</run_address>
         <size>0x1f3</size>
         <input_file_ref idref="fl-35"/>
      </object_component>
      <object_component id="oc-14e">
         <name>.debug_info</name>
         <load_address>0x14c52</load_address>
         <run_address>0x14c52</run_address>
         <size>0x53b</size>
         <input_file_ref idref="fl-36"/>
      </object_component>
      <object_component id="oc-ad">
         <name>.debug_info</name>
         <load_address>0x1518d</load_address>
         <run_address>0x1518d</run_address>
         <size>0x1f62</size>
         <input_file_ref idref="fl-36"/>
      </object_component>
      <object_component id="oc-f9">
         <name>.debug_info</name>
         <load_address>0x170ef</load_address>
         <run_address>0x170ef</run_address>
         <size>0x5ad</size>
         <input_file_ref idref="fl-37"/>
      </object_component>
      <object_component id="oc-152">
         <name>.debug_info</name>
         <load_address>0x1769c</load_address>
         <run_address>0x1769c</run_address>
         <size>0x1831</size>
         <input_file_ref idref="fl-37"/>
      </object_component>
      <object_component id="oc-4f">
         <name>.debug_info</name>
         <load_address>0x18ecd</load_address>
         <run_address>0x18ecd</run_address>
         <size>0x734</size>
         <input_file_ref idref="fl-37"/>
      </object_component>
      <object_component id="oc-e6">
         <name>.debug_info</name>
         <load_address>0x19601</load_address>
         <run_address>0x19601</run_address>
         <size>0x3f7</size>
         <input_file_ref idref="fl-38"/>
      </object_component>
      <object_component id="oc-a1">
         <name>.debug_info</name>
         <load_address>0x199f8</load_address>
         <run_address>0x199f8</run_address>
         <size>0x8fb</size>
         <input_file_ref idref="fl-39"/>
      </object_component>
      <object_component id="oc-55">
         <name>.debug_info</name>
         <load_address>0x1a2f3</load_address>
         <run_address>0x1a2f3</run_address>
         <size>0x1f1</size>
         <input_file_ref idref="fl-39"/>
      </object_component>
      <object_component id="oc-20f">
         <name>.debug_info</name>
         <load_address>0x1a4e4</load_address>
         <run_address>0x1a4e4</run_address>
         <size>0x22a</size>
         <input_file_ref idref="fl-3a"/>
      </object_component>
      <object_component id="oc-5b">
         <name>.debug_info</name>
         <load_address>0x1a70e</load_address>
         <run_address>0x1a70e</run_address>
         <size>0x25f</size>
         <input_file_ref idref="fl-3a"/>
      </object_component>
      <object_component id="oc-97">
         <name>.debug_info</name>
         <load_address>0x1a96d</load_address>
         <run_address>0x1a96d</run_address>
         <size>0x105b</size>
         <input_file_ref idref="fl-3b"/>
      </object_component>
      <object_component id="oc-10a">
         <name>.debug_info</name>
         <load_address>0x1b9c8</load_address>
         <run_address>0x1b9c8</run_address>
         <size>0x195</size>
         <input_file_ref idref="fl-3c"/>
      </object_component>
      <object_component id="oc-62">
         <name>.debug_info</name>
         <load_address>0x1bb5d</load_address>
         <run_address>0x1bb5d</run_address>
         <size>0x194</size>
         <input_file_ref idref="fl-3d"/>
      </object_component>
      <object_component id="oc-9c">
         <name>.debug_info</name>
         <load_address>0x1bcf1</load_address>
         <run_address>0x1bcf1</run_address>
         <size>0x84b</size>
         <input_file_ref idref="fl-3e"/>
      </object_component>
      <object_component id="oc-145">
         <name>.debug_info</name>
         <load_address>0x1c53c</load_address>
         <run_address>0x1c53c</run_address>
         <size>0x6d0</size>
         <input_file_ref idref="fl-40"/>
      </object_component>
      <object_component id="oc-170">
         <name>.debug_info</name>
         <load_address>0x1cc0c</load_address>
         <run_address>0x1cc0c</run_address>
         <size>0xdf8</size>
         <input_file_ref idref="fl-41"/>
      </object_component>
      <object_component id="oc-22">
         <name>.debug_info</name>
         <load_address>0x1da04</load_address>
         <run_address>0x1da04</run_address>
         <size>0x3c2</size>
         <input_file_ref idref="fl-41"/>
      </object_component>
      <object_component id="oc-b3">
         <name>.debug_info</name>
         <load_address>0x1ddc6</load_address>
         <run_address>0x1ddc6</run_address>
         <size>0x6b0</size>
         <input_file_ref idref="fl-41"/>
      </object_component>
      <object_component id="oc-171">
         <name>.debug_info</name>
         <load_address>0x1e476</load_address>
         <run_address>0x1e476</run_address>
         <size>0x2c</size>
         <input_file_ref idref="fl-41"/>
      </object_component>
      <object_component id="oc-66">
         <name>.debug_info</name>
         <load_address>0x1e4a2</load_address>
         <run_address>0x1e4a2</run_address>
         <size>0x368</size>
         <input_file_ref idref="fl-4b"/>
      </object_component>
      <object_component id="oc-10f">
         <name>.debug_info</name>
         <load_address>0x1e80a</load_address>
         <run_address>0x1e80a</run_address>
         <size>0xced</size>
         <input_file_ref idref="fl-4b"/>
      </object_component>
      <object_component id="oc-22d">
         <name>.debug_info</name>
         <load_address>0x1f4f7</load_address>
         <run_address>0x1f4f7</run_address>
         <size>0x543</size>
         <input_file_ref idref="fl-4d"/>
      </object_component>
      <object_component id="oc-227">
         <name>.debug_info</name>
         <load_address>0x1fa3a</load_address>
         <run_address>0x1fa3a</run_address>
         <size>0xd89</size>
         <input_file_ref idref="fl-4d"/>
      </object_component>
      <object_component id="oc-268">
         <name>.debug_info</name>
         <load_address>0x207c3</load_address>
         <run_address>0x207c3</run_address>
         <size>0x54</size>
         <input_file_ref idref="fl-4d"/>
      </object_component>
      <object_component id="oc-122">
         <name>.debug_info</name>
         <load_address>0x20817</load_address>
         <run_address>0x20817</run_address>
         <size>0x7c8</size>
         <input_file_ref idref="fl-4f"/>
      </object_component>
      <object_component id="oc-6c">
         <name>.debug_info</name>
         <load_address>0x20fdf</load_address>
         <run_address>0x20fdf</run_address>
         <size>0x922</size>
         <input_file_ref idref="fl-4f"/>
      </object_component>
      <object_component id="oc-251">
         <name>.debug_info</name>
         <load_address>0x21901</load_address>
         <run_address>0x21901</run_address>
         <size>0x2a38</size>
         <input_file_ref idref="fl-51"/>
      </object_component>
      <object_component id="oc-116">
         <name>.debug_info</name>
         <load_address>0x24339</load_address>
         <run_address>0x24339</run_address>
         <size>0x42b</size>
         <input_file_ref idref="fl-57"/>
      </object_component>
      <object_component id="oc-201">
         <name>.debug_info</name>
         <load_address>0x24764</load_address>
         <run_address>0x24764</run_address>
         <size>0x49c</size>
         <input_file_ref idref="fl-66"/>
      </object_component>
      <object_component id="oc-f3">
         <name>.debug_info</name>
         <load_address>0x24c00</load_address>
         <run_address>0x24c00</run_address>
         <size>0x779</size>
         <input_file_ref idref="fl-66"/>
      </object_component>
      <object_component id="oc-223">
         <name>.debug_info</name>
         <load_address>0x25379</load_address>
         <run_address>0x25379</run_address>
         <size>0x6ef</size>
         <input_file_ref idref="fl-67"/>
      </object_component>
      <object_component id="oc-11c">
         <name>.debug_info</name>
         <load_address>0x25a68</load_address>
         <run_address>0x25a68</run_address>
         <size>0x6ff</size>
         <input_file_ref idref="fl-6b"/>
      </object_component>
      <object_component id="oc-21d">
         <name>.debug_info</name>
         <load_address>0x26167</load_address>
         <run_address>0x26167</run_address>
         <size>0xabe</size>
         <input_file_ref idref="fl-71"/>
      </object_component>
      <object_component id="oc-7c">
         <name>.debug_info</name>
         <load_address>0x26c25</load_address>
         <run_address>0x26c25</run_address>
         <size>0x13c</size>
         <input_file_ref idref="fl-93"/>
      </object_component>
      <object_component id="oc-11">
         <name>.debug_info</name>
         <load_address>0x26d61</load_address>
         <run_address>0x26d61</run_address>
         <size>0x1cb</size>
         <input_file_ref idref="fl-93"/>
      </object_component>
      <object_component id="oc-77">
         <name>.debug_info</name>
         <load_address>0x26f2c</load_address>
         <run_address>0x26f2c</run_address>
         <size>0x46</size>
         <input_file_ref idref="fl-93"/>
      </object_component>
      <object_component id="oc-129">
         <name>.debug_info</name>
         <load_address>0x26f72</load_address>
         <run_address>0x26f72</run_address>
         <size>0x2c</size>
         <input_file_ref idref="fl-93"/>
      </object_component>
      <object_component id="oc-84">
         <name>.debug_info</name>
         <load_address>0x26f9e</load_address>
         <run_address>0x26f9e</run_address>
         <size>0x135</size>
         <input_file_ref idref="fl-94"/>
      </object_component>
      <object_component id="oc-7e">
         <name>.debug_info</name>
         <load_address>0x270d3</load_address>
         <run_address>0x270d3</run_address>
         <size>0x248</size>
         <input_file_ref idref="fl-94"/>
      </object_component>
      <object_component id="oc-16">
         <name>.debug_info</name>
         <load_address>0x2731b</load_address>
         <run_address>0x2731b</run_address>
         <size>0x1b2</size>
         <input_file_ref idref="fl-94"/>
      </object_component>
      <object_component id="oc-85">
         <name>.debug_info</name>
         <load_address>0x274cd</load_address>
         <run_address>0x274cd</run_address>
         <size>0x39</size>
         <input_file_ref idref="fl-94"/>
      </object_component>
      <object_component id="oc-133">
[...]
         <value>0x7c44</value>
         <object_component_ref idref="oc-144"/>
      </symbol>
      <symbol id="sm-630">
         <name>_pmuDisableCountersGlobal_</name>
         <value>0x7c5c</value>
         <object_component_ref idref="oc-144"/>
      </symbol>
      <symbol id="sm-631">
         <name>_pmuStartCounters_</name>
         <value>0x7cbc</value>
         <object_component_ref idref="oc-144"/>
      </symbol>
      <symbol id="sm-678">
         <name>_c_int00</name>
         <value>0x7d08</value>
         <object_component_ref idref="oc-21"/>
      </symbol>
      <symbol id="sm-679">
         <name>vRM4_SYSTEM__After_STC</name>
         <value>0x69c4</value>
         <object_component_ref idref="oc-b2"/>
      </symbol>
      <symbol id="sm-6c5">
         <name>vRM4_GIO_ISR__Clear_InterruptFlag</name>
         <value>0x71dc</value>
         <object_component_ref idref="oc-10e"/>
      </symbol>
      <symbol id="sm-6c6">
         <name>vRM4_GIO_ISR__DefaultRoutine</name>
         <value>0x7060</value>
         <object_component_ref idref="oc-10e"/>
      </symbol>
      <symbol id="sm-6c7">
         <name>vRM4_GIO_ISR__EnableISR</name>
         <value>0x7064</value>
         <object_component_ref idref="oc-10e"/>
      </symbol>
      <symbol id="sm-6c8">
         <name>vRM4_GIO_ISR__Set_InterruptPolarity</name>
         <value>0x70bc</value>
         <object_component_ref idref="oc-10e"/>
      </symbol>
      <symbol id="sm-6c9">
         <name>vRM4_GIO_ISR__High</name>
         <value>0x7eec</value>
         <object_component_ref idref="oc-65"/>
      </symbol>
      <symbol id="sm-6ca">
         <name>vRM4_GIO_ISR__GeneralRoutine</name>
         <value>0x6f7c</value>
         <object_component_ref idref="oc-10e"/>
      </symbol>
      <symbol id="sm-6cb">
         <name>vRM4_GIO_ISR__Low</name>
         <value>0x7f58</value>
         <object_component_ref idref="oc-65"/>
      </symbol>
      <symbol id="sm-6cc">
         <name>vRM4_GIO_ISR__DisableAll</name>
         <value>0x70ac</value>
         <object_component_ref idref="oc-10e"/>
      </symbol>
      <symbol id="sm-6cd">
         <name>vRM4_GIO_ISR__DisableISR</name>
         <value>0x7088</value>
         <object_component_ref idref="oc-10e"/>
      </symbol>
      <symbol id="sm-6ce">
         <name>vRM4_GIO_ISR__Set_Interrupt_VIMLevel</name>
         <value>0x7190</value>
         <object_component_ref idref="oc-10e"/>
      </symbol>
      <symbol id="sm-747">
         <name>sRTI</name>
         <value>0x8003258</value>
      </symbol>
      <symbol id="sm-748">
         <name>sRTI_CLK</name>
         <value>0x800332c</value>
      </symbol>
      <symbol id="sm-749">
         <name>f32_FIT</name>
         <value>0x800336c</value>
      </symbol>
      <symbol id="sm-74a">
         <name>vRM4_RTI__Update_Period</name>
         <value>0x1fc8</value>
         <object_component_ref idref="oc-226"/>
      </symbol>
      <symbol id="sm-74b">
         <name>s16RM4_RTI__ResetCounter</name>
         <value>0x2238</value>
         <object_component_ref idref="oc-226"/>
      </symbol>
      <symbol id="sm-74c">
         <name>vRM4_RTI__Init</name>
         <value>0x1ad8</value>
         <object_component_ref idref="oc-226"/>
      </symbol>
      <symbol id="sm-74d">
         <name>vRM4_RTI__Clear_Flags</name>
         <value>0x210c</value>
         <object_component_ref idref="oc-226"/>
      </symbol>
      <symbol id="sm-74e">
         <name>u32RM4_RTI__Get_FreeClock</name>
         <value>0x22b8</value>
         <object_component_ref idref="oc-226"/>
      </symbol>
      <symbol id="sm-74f">
         <name>vRM4_RTI__Struct_Init</name>
         <value>0x1c98</value>
         <object_component_ref idref="oc-226"/>
      </symbol>
      <symbol id="sm-750">
         <name>vRM4_RTI__Start_Interrupts</name>
         <value>0x1c84</value>
         <object_component_ref idref="oc-226"/>
      </symbol>
      <symbol id="sm-751">
         <name>vRM4_RTI__Start_Counter</name>
         <value>0x2128</value>
         <object_component_ref idref="oc-226"/>
      </symbol>
      <symbol id="sm-752">
         <name>vRM4_RTI__SystemReset</name>
         <value>0x22d4</value>
         <object_component_ref idref="oc-226"/>
      </symbol>
      <symbol id="sm-753">
         <name>u64RM4_RTI__Get_Counter1</name>
         <value>0x22e4</value>
         <object_component_ref idref="oc-226"/>
      </symbol>
      <symbol id="sm-754">
         <name>s16RM4_RTI__Stop_Counter</name>
         <value>0x21a4</value>
         <object_component_ref idref="oc-226"/>
      </symbol>
      <symbol id="sm-7a4">
         <name>vRTI_COMPARE__Enable_CompareInterrupt</name>
         <value>0x5690</value>
         <object_component_ref idref="oc-121"/>
      </symbol>
      <symbol id="sm-7a5">
         <name>vRM4_RTI_ISR__Disable_Interrupts</name>
         <value>0x57a4</value>
         <object_component_ref idref="oc-121"/>
      </symbol>
      <symbol id="sm-7a6">
         <name>vRM4_RTI_ISR__Overflow0</name>
         <value>0x7b90</value>
         <object_component_ref idref="oc-6b"/>
      </symbol>
      <symbol id="sm-7a7">
         <name>vRM4_RTI_ISR__Overflow1</name>
         <value>0x7bb0</value>
         <object_component_ref idref="oc-6b"/>
      </symbol>
      <symbol id="sm-7a8">
         <name>vRM4_RTI_ISR__Timebase</name>
         <value>0x7bd0</value>
         <object_component_ref idref="oc-6b"/>
      </symbol>
      <symbol id="sm-7a9">
         <name>vRM4_RTI_ISR__Compare0</name>
         <value>0x7a80</value>
         <object_component_ref idref="oc-6b"/>
      </symbol>
      <symbol id="sm-7aa">
         <name>vRM4_RTI_ISR__Compare1</name>
         <value>0x7ac4</value>
         <object_component_ref idref="oc-6b"/>
      </symbol>
      <symbol id="sm-7ab">
         <name>vRM4_RTI_ISR__Compare2</name>
         <value>0x7b08</value>
         <object_component_ref idref="oc-6b"/>
      </symbol>
      <symbol id="sm-7ac">
         <name>vRM4_RTI_ISR__Compare3</name>
         <value>0x7b4c</value>
         <object_component_ref idref="oc-6b"/>
      </symbol>
      <symbol id="sm-7ad">
         <name>vRTI_COMPARE__Disable_CompareInterrupt</name>
         <value>0x5618</value>
         <object_component_ref idref="oc-121"/>
      </symbol>
      <symbol id="sm-7ae">
         <name>vRM4_RTI_ISR__Enable_Interrupts</name>
         <value>0x5708</value>
         <object_component_ref idref="oc-121"/>
      </symbol>
      <symbol id="sm-7af">
         <name>vRM4_RTI_INTERRUPTS__DefaultCallbackHandler</name>
         <value>0x595c</value>
         <object_component_ref idref="oc-121"/>
      </symbol>
      <symbol id="sm-800">
         <name>vRM4_SPI24_PINS__Set_Pin</name>
         <value>0x1020</value>
         <object_component_ref idref="oc-250"/>
      </symbol>
      <symbol id="sm-801">
         <name>vRM4_SPI2__SetSIMO_Input</name>
         <value>0x1788</value>
         <object_component_ref idref="oc-250"/>
      </symbol>
      <symbol id="sm-802">
         <name>vRM4_SPI2__ConfigureLinesAsGeneralOutputs</name>
         <value>0x19c8</value>
         <object_component_ref idref="oc-250"/>
      </symbol>
      <symbol id="sm-803">
         <name>vRM4_SPI2__SetSOMI_Low</name>
         <value>0x19a0</value>
         <object_component_ref idref="oc-250"/>
      </symbol>
      <symbol id="sm-804">
         <name>vRM4_SPI2__SetCS1_Input</name>
         <value>0x14e8</value>
         <object_component_ref idref="oc-250"/>
      </symbol>
      <symbol id="sm-805">
         <name>vRM4_SPI2__TestLines</name>
         <value>0x1a20</value>
         <object_component_ref idref="oc-250"/>
      </symbol>
      <symbol id="sm-806">
         <name>vRM4_SPI24_PINS__Off</name>
         <value>0xff4</value>
         <object_component_ref idref="oc-250"/>
      </symbol>
      <symbol id="sm-807">
         <name>vRM4_SPI2_HWPINS__Set_CS0_Output</name>
         <value>0x1404</value>
         <object_component_ref idref="oc-250"/>
      </symbol>
      <symbol id="sm-808">
         <name>vRM4_SPI2__SetSOMI_High</name>
         <value>0x19b4</value>
         <object_component_ref idref="oc-250"/>
      </symbol>
      <symbol id="sm-809">
         <name>vRM4_SPI2_HWPINS__Set_CS1_Low</name>
         <value>0x13e4</value>
         <object_component_ref idref="oc-250"/>
      </symbol>
      <symbol id="sm-80a">
         <name>vRM4_SPI2__SetSIMO_Output</name>
         <value>0x1718</value>
         <object_component_ref idref="oc-250"/>
      </symbol>
      <symbol id="sm-80b">
         <name>vRM4_SPI2__SetSIMO_Low</name>
         <value>0x1978</value>
         <object_component_ref idref="oc-250"/>
      </symbol>
      <symbol id="sm-80c">
         <name>vRM4_SPI2_HWPINS__Set_CS1_High</name>
         <value>0x13f4</value>
         <object_component_ref idref="oc-250"/>
      </symbol>
      <symbol id="sm-80d">
         <name>vRM4_SPI2_HWPINS__Set_CS0_High</name>
         <value>0x13d4</value>
         <object_component_ref idref="oc-250"/>
      </symbol>
      <symbol id="sm-80e">
         <name>vRM4_SPI2_HWPINS__Set_CS0_Low</name>
         <value>0x13c4</value>
         <object_component_ref idref="oc-250"/>
      </symbol>
      <symbol id="sm-80f">
         <name>vRM4_SPI2__SetCS1_High</name>
         <value>0x1914</value>
         <object_component_ref idref="oc-250"/>
      </symbol>
      <symbol id="sm-810">
         <name>vRM4_SPI2__SetCS0_High</name>
         <value>0x18ec</value>
         <object_component_ref idref="oc-250"/>
      </symbol>
      <symbol id="sm-811">
         <name>vRM4_SPI2__SetCS1_Output</name>
         <value>0x1478</value>
         <object_component_ref idref="oc-250"/>
      </symbol>
      <symbol id="sm-812">
         <name>vRM4_SPI2__SetENA_Low</name>
         <value>0x1928</value>
         <object_component_ref idref="oc-250"/>
      </symbol>
      <symbol id="sm-813">
         <name>vRM4_SPI2__SetENA_Input</name>
         <value>0x15c8</value>
         <object_component_ref idref="oc-250"/>
      </symbol>
      <symbol id="sm-814">
         <name>vRM4_SPI24_PINS__Set_DirectionOutput</name>
         <value>0x10cc</value>
         <object_component_ref idref="oc-250"/>
      </symbol>
      <symbol id="sm-815">
         <name>vRM4_SPI2__SetSOMI_Input</name>
         <value>0x1868</value>
         <object_component_ref idref="oc-250"/>
      </symbol>
      <symbol id="sm-816">
         <name>vRM4_SPI24_PINS__Set_DirectionInput</name>
         <value>0x123c</value>
         <object_component_ref idref="oc-250"/>
      </symbol>
      <symbol id="sm-817">
         <name>vRM4_SPI2__SetCLK_High</name>
         <value>0x1964</value>
         <object_component_ref idref="oc-250"/>
      </symbol>
      <symbol id="sm-818">
         <name>vRM4_SPI2__SetSIMO_High</name>
         <value>0x198c</value>
         <object_component_ref idref="oc-250"/>
      </symbol>
      <symbol id="sm-819">
         <name>vRM48SPI2__SetCKL_Input</name>
         <value>0x16a8</value>
         <object_component_ref idref="oc-250"/>
      </symbol>
      <symbol id="sm-81a">
         <name>vRM4_SPI2__SetSOMI_Output</name>
         <value>0x17f8</value>
         <object_component_ref idref="oc-250"/>
      </symbol>
      <symbol id="sm-81b">
         <name>vRM4_SPI2__SetCLK_Low</name>
         <value>0x1950</value>
         <object_component_ref idref="oc-250"/>
      </symbol>
      <symbol id="sm-81c">
         <name>vRM4_SPI2__SetCS1_Low</name>
         <value>0x1900</value>
         <object_component_ref idref="oc-250"/>
      </symbol>
      <symbol id="sm-81d">
         <name>vRM4_SPI2__SetCS0_Low</name>
         <value>0x18d8</value>
         <object_component_ref idref="oc-250"/>
      </symbol>
      <symbol id="sm-81e">
         <name>vRM4_SPI2__SetENA_High</name>
         <value>0x193c</value>
         <object_component_ref idref="oc-250"/>
      </symbol>
      <symbol id="sm-81f">
         <name>vRM4_SPI2__SetCLK_Output</name>
         <value>0x1638</value>
         <object_component_ref idref="oc-250"/>
      </symbol>
      <symbol id="sm-820">
         <name>vRM4_SPI2__SetCS0_Input</name>
         <value>0x1408</value>
         <object_component_ref idref="oc-250"/>
      </symbol>
      <symbol id="sm-821">
         <name>u8RM4_SPI2_HWPINS__Get_NENA</name>
         <value>0x1394</value>
         <object_component_ref idref="oc-250"/>
      </symbol>
      <symbol id="sm-822">
         <name>vRM4_SPI2__SetENA_Output</name>
         <value>0x1558</value>
         <object_component_ref idref="oc-250"/>
      </symbol>
      <symbol id="sm-834">
         <name>vLGU__RTI_10MS_ISR</name>
         <value>0x83a0</value>
         <object_component_ref idref="oc-115"/>
      </symbol>
      <symbol id="sm-835">
         <name>vLGU__RTI_100MS_ISR</name>
         <value>0x839c</value>
         <object_component_ref idref="oc-115"/>
      </symbol>
      <symbol id="sm-836">
         <name>vLGU__Process</name>
         <value>0x8398</value>
         <object_component_ref idref="oc-115"/>
      </symbol>
      <symbol id="sm-837">
         <name>vLGU__Init</name>
         <value>0x8394</value>
         <object_component_ref idref="oc-115"/>
      </symbol>
      <symbol id="sm-85d">
         <name>vFAULTTREE__Set_Flag</name>
         <value>0x74f4</value>
         <object_component_ref idref="oc-f2"/>
      </symbol>
      <symbol id="sm-85e">
         <name>vFAULTTREE__Init</name>
         <value>0x74c0</value>
         <object_component_ref idref="oc-f2"/>
      </symbol>
      <symbol id="sm-85f">
         <name>vFAULTTREE__Clear_Flag</name>
         <value>0x7598</value>
         <object_component_ref idref="oc-f2"/>
      </symbol>
      <symbol id="sm-860">
         <name>u8FAULTTREE__Get_Fault</name>
         <value>0x7628</value>
         <object_component_ref idref="oc-f2"/>
      </symbol>
      <symbol id="sm-866">
         <name>sStepDrive</name>
         <value>0x8003000</value>
      </symbol>
      <symbol id="sm-893">
         <name>vSTEPDRIVE_TIMEBASE__ISR</name>
         <value>0x243c</value>
         <object_component_ref idref="oc-11b"/>
      </symbol>
      <symbol id="sm-894">
         <name>vSTEPDRIVE_TIMEBASE__Init</name>
         <value>0x2418</value>
         <object_component_ref idref="oc-11b"/>
      </symbol>
      <symbol id="sm-895">
         <name>vSTEPDRIVE_TIMEBASE__Process</name>
         <value>0x2428</value>
         <object_component_ref idref="oc-11b"/>
      </symbol>
      <symbol id="sm-896">
         <name>vSTEPDRIVE_TIMEBASE__Clear_Ticks</name>
         <value>0x242c</value>
         <object_component_ref idref="oc-11b"/>
      </symbol>
      <symbol id="sm-8b9">
         <name>vSTEPDRIVE_GEKO__Set_RotationCounterClockwise</name>
         <value>0x7a30</value>
         <object_component_ref idref="oc-21c"/>
      </symbol>
      <symbol id="sm-8ba">
         <name>vSTEPDRIVE_GEKO__Set_PulseLow</name>
         <value>0x7990</value>
         <object_component_ref idref="oc-21c"/>
      </symbol>
      <symbol id="sm-8bb">
         <name>vSTEPDRIVE_GEKO__Init</name>
         <value>0x78c8</value>
         <object_component_ref idref="oc-21c"/>
      </symbol>
      <symbol id="sm-8bc">
         <name>vSTEPDRIVE_GEKO__Set_RotationClockwise</name>
         <value>0x79e0</value>
         <object_component_ref idref="oc-21c"/>
      </symbol>
      <symbol id="sm-8bd">
         <name>vSTEPDRIVE_GEKO__Set_PulseHigh</name>
         <value>0x7940</value>
         <object_component_ref idref="oc-21c"/>
      </symbol>
      <symbol id="sm-8f0">
         <name>__TI_decompress_none</name>
         <value>0x83b5</value>
         <object_component_ref idref="oc-f"/>
      </symbol>
      <symbol id="sm-917">
         <name>__TI_decompress_rle24</name>
         <value>0x83c3</value>
         <object_component_ref idref="oc-15"/>
      </symbol>
      <symbol id="sm-937">
         <name>copy_in</name>
         <value>0x82d1</value>
         <object_component_ref idref="oc-157"/>
      </symbol>
      <symbol id="sm-95e">
         <name>C$$EXIT</name>
         <value>0x8281</value>
         <object_component_ref idref="oc-169"/>
      </symbol>
      <symbol id="sm-95f">
         <name>abort</name>
         <value>0x8285</value>
         <object_component_ref idref="oc-169"/>
      </symbol>
      <symbol id="sm-960">
         <name>exit</name>
         <value>0x828d</value>
         <object_component_ref idref="oc-169"/>
      </symbol>
      <symbol id="sm-961">
         <name>__TI_dtors_ptr</name>
         <value>0x8003374</value>
         <object_component_ref idref="oc-240"/>
      </symbol>
      <symbol id="sm-962">
         <name>__TI_cleanup_ptr</name>
         <value>0x8003370</value>
         <object_component_ref idref="oc-240"/>
      </symbol>
      <symbol id="sm-963">
         <name>__TI_enable_exit_profile_output</name>
         <value>0x8003378</value>
         <object_component_ref idref="oc-240"/>
      </symbol>
      <symbol id="sm-97f">
         <name>memcpy</name>
         <value>0x806d</value>
         <object_component_ref idref="oc-71"/>
      </symbol>
      <symbol id="sm-980">
         <name>__aeabi_memcpy</name>
         <value>0x806d</value>
         <object_component_ref idref="oc-71"/>
      </symbol>
      <symbol id="sm-981">
         <name>__aeabi_memcpy8</name>
         <value>0x806d</value>
         <object_component_ref idref="oc-71"/>
      </symbol>
      <symbol id="sm-982">
         <name>__aeabi_memcpy4</name>
         <value>0x806d</value>
         <object_component_ref idref="oc-71"/>
      </symbol>
      <symbol id="sm-991">
         <name>__aeabi_memset</name>
         <value>0x819f</value>
         <object_component_ref idref="oc-8a"/>
      </symbol>
      <symbol id="sm-992">
         <name>memset</name>
         <value>0x81a5</value>
         <object_component_ref idref="oc-8a"/>
      </symbol>
      <symbol id="sm-993">
         <name>__aeabi_memset8</name>
         <value>0x819f</value>
         <object_component_ref idref="oc-8a"/>
      </symbol>
      <symbol id="sm-994">
         <name>__aeabi_memset4</name>
         <value>0x819f</value>
         <object_component_ref idref="oc-8a"/>
      </symbol>
      <symbol id="sm-995">
         <name>__aeabi_memclr8</name>
         <value>0x819d</value>
         <object_component_ref idref="oc-8a"/>
      </symbol>
      <symbol id="sm-996">
         <name>__aeabi_memclr4</name>
         <value>0x819d</value>
         <object_component_ref idref="oc-8a"/>
      </symbol>
      <symbol id="sm-997">
         <name>__aeabi_memclr</name>
         <value>0x819d</value>
         <object_component_ref idref="oc-8a"/>
      </symbol>
      <symbol id="sm-9b5">
         <name>_nop</name>
         <value>0x838f</value>
         <object_component_ref idref="oc-27c"/>
      </symbol>
      <symbol id="sm-9b6">
         <name>_lock</name>
         <value>0x800337c</value>
         <object_component_ref idref="oc-243"/>
      </symbol>
      <symbol id="sm-9b7">
         <name>_unlock</name>
         <value>0x8003380</value>
         <object_component_ref idref="oc-243"/>
      </symbol>
      <symbol id="sm-9b8">
         <name>_register_lock</name>
         <value>0x8387</value>
         <object_component_ref idref="oc-27c"/>
      </symbol>
      <symbol id="sm-9b9">
         <name>_register_unlock</name>
         <value>0x8381</value>
         <object_component_ref idref="oc-27c"/>
      </symbol>
      <symbol id="sm-9bf">
         <name>__TI_static_base__</name>
         <value>0x0</value>
      </symbol>
      <symbol id="sm-9c5">
         <name>SHT$$INIT_ARRAY$$Base</name>
         <value>0x0</value>
      </symbol>
      <symbol id="sm-9c6">
         <name>SHT$$INIT_ARRAY$$Limit</name>
         <value>0x0</value>
      </symbol>
   </symbol_table>
   <title>Link successful</title>
</link_info>
